 untitled_sfun

 Timestamp is 6a072ecc (Fri May 15 22:33:48 2026)

 Preferred load address is 0000000180000000

 Start         Length     Name                   Class
 0001:00000000 0004ab40H .text$mn                CODE
 0001:0004ab40 00000036H .text$mn$00             CODE
 0001:0004ab76 00000092H .text$x                 CODE
 0002:00000000 00000570H .idata$5                DATA
 0002:00000570 00000038H .00cfg                  DATA
 0002:000005a8 00000008H .CRT$XCA                DATA
 0002:000005b0 00000008H .CRT$XCZ                DATA
 0002:000005b8 00000008H .CRT$XIA                DATA
 0002:000005c0 00000008H .CRT$XIZ                DATA
 0002:000005c8 00000008H .CRT$XPA                DATA
 0002:000005d0 00000008H .CRT$XPZ                DATA
 0002:000005d8 00000008H .CRT$XTA                DATA
 0002:000005e0 00000010H .CRT$XTZ                DATA
 0002:000005e8 00000000H .gehcont$y              DATA
 0002:000005e8 00000000H .gfids$y                DATA
 0002:000005f0 00000390H .rdata                  DATA
 0002:00000980 00000080H .rdata$CastGuardVftablesA DATA
 0002:00000a00 00000080H .rdata$CastGuardVftablesC DATA
 0002:00000a80 00000268H .rdata$voltmd           DATA
 0002:00000ce8 00000278H .rdata$zzzdbg           DATA
 0002:00000f60 00000008H .rtc$IAA                DATA
 0002:00000f68 00000008H .rtc$IZZ                DATA
 0002:00000f70 00000008H .rtc$TAA                DATA
 0002:00000f78 00000008H .rtc$TZZ                DATA
 0002:00000f80 000015c0H .xdata                  DATA
 0002:00002540 00000078H .edata                  DATA
 0002:000025b8 0000012cH .idata$2                DATA
 0002:000026e4 00000014H .idata$3                DATA
 0002:000026f8 00000570H .idata$4                DATA
 0002:00002c68 00000e94H .idata$6                DATA
 0003:00000000 0000ea90H .data                   DATA
 0003:0000ea90 000017a8H .bss                    DATA
 0004:00000000 00001b3cH .pdata                  DATA

  Address         Publics by Value              Rva+Base               Lib:Object

 0000:00000000       __AbsoluteZero             0000000000000000     <absolute>
 0000:00000000       ___safe_se_handler_count   0000000000000000     <absolute>
 0000:00000000       ___safe_se_handler_table   0000000000000000     <absolute>
 0000:00000000       __arm64x_extra_rfe_table   0000000000000000     <absolute>
 0000:00000000       __arm64x_extra_rfe_table_size 0000000000000000     <absolute>
 0000:00000000       __arm64x_native_entrypoint 0000000000000000     <absolute>
 0000:00000000       __arm64x_redirection_metadata 0000000000000000     <absolute>
 0000:00000000       __arm64x_redirection_metadata_count 0000000000000000     <absolute>
 0000:00000000       __dynamic_value_reloc_table 0000000000000000     <absolute>
 0000:00000000       __enclave_config           0000000000000000     <absolute>
 0000:00000000       __guard_check_icall_a64n_fptr 0000000000000000     <absolute>
 0000:00000000       __guard_eh_cont_count      0000000000000000     <absolute>
 0000:00000000       __guard_eh_cont_table      0000000000000000     <absolute>
 0000:00000000       __guard_fids_count         0000000000000000     <absolute>
 0000:00000000       __guard_fids_table         0000000000000000     <absolute>
 0000:00000000       __guard_iat_count          0000000000000000     <absolute>
 0000:00000000       __guard_iat_table          0000000000000000     <absolute>
 0000:00000000       __guard_longjmp_count      0000000000000000     <absolute>
 0000:00000000       __guard_longjmp_table      0000000000000000     <absolute>
 0000:00000000       __hybrid_auxiliary_delayload_iat 0000000000000000     <absolute>
 0000:00000000       __hybrid_auxiliary_delayload_iat_copy 0000000000000000     <absolute>
 0000:00000000       __hybrid_auxiliary_iat     0000000000000000     <absolute>
 0000:00000000       __hybrid_auxiliary_iat_copy 0000000000000000     <absolute>
 0000:00000000       __hybrid_code_map          0000000000000000     <absolute>
 0000:00000000       __hybrid_code_map_count    0000000000000000     <absolute>
 0000:00000000       __hybrid_image_info_bitfield 0000000000000000     <absolute>
 0000:00000000       __x64_code_ranges_to_entry_points 0000000000000000     <absolute>
 0000:00000000       __x64_code_ranges_to_entry_points_count 0000000000000000     <absolute>
 0000:00000100       __guard_flags              0000000000000100     <absolute>
 0000:00000000       __ImageBase                0000000180000000     <linker-defined>
 0001:00000000       untitled_initializer       0000000180001000 f   untitled_sfun.obj
 0001:00000010       untitled_terminator        0000000180001010 f   untitled_sfun.obj
 0001:00000020       load_untitled_optimization_info 0000000180001020 f   untitled_sfun.obj
 0001:000000d0       unload_untitled_optimization_info 00000001800010d0 f   untitled_sfun.obj
 0001:00000100       sf_untitled_method_dispatcher 0000000180001100 f   untitled_sfun.obj
 0001:00000190       sf_untitled_process_check_sum_call 0000000180001190 f   untitled_sfun.obj
 0001:000006c0       sf_untitled_get_eml_resolved_functions_info 00000001800016c0 f   untitled_sfun.obj
 0001:00000950       sf_untitled_third_party_uses_info 0000000180001950 f   untitled_sfun.obj
 0001:00000b90       sf_untitled_jit_fallback_info 0000000180001b90 f   untitled_sfun.obj
 0001:00000dd0       sf_untitled_get_post_codegen_info 0000000180001dd0 f   untitled_sfun.obj
 0001:00001040       sf_untitled_updateBuildInfo_args_info 0000000180002040 f   untitled_sfun.obj
 0001:00001280       sf_c3_untitled_get_eml_resolved_functions_info 0000000180002280 f   c3_untitled.obj
 0001:00001300       sf_c3_untitled_get_check_sum 0000000180002300 f   c3_untitled.obj
 0001:000013d0       c3_untitled_method_dispatcher 00000001800023d0 f   c3_untitled.obj
 0001:0000c550       sf_c3_untitled_third_party_uses_info 000000018000d550 f   c3_untitled.obj
 0001:0000c5a0       sf_c3_untitled_jit_fallback_info 000000018000d5a0 f   c3_untitled.obj
 0001:0000c730       sf_c3_untitled_updateBuildInfo_args_info 000000018000d730 f   c3_untitled.obj
 0001:0000ca60       sf_c3_untitled_get_post_codegen_info 000000018000da60 f   c3_untitled.obj
 0001:0000cf40       sf_c4_untitled_get_eml_resolved_functions_info 000000018000df40 f   c4_untitled.obj
 0001:0000cfc0       sf_c4_untitled_get_check_sum 000000018000dfc0 f   c4_untitled.obj
 0001:0000d090       c4_untitled_method_dispatcher 000000018000e090 f   c4_untitled.obj
 0001:00018210       sf_c4_untitled_third_party_uses_info 0000000180019210 f   c4_untitled.obj
 0001:00018260       sf_c4_untitled_jit_fallback_info 0000000180019260 f   c4_untitled.obj
 0001:000183f0       sf_c4_untitled_updateBuildInfo_args_info 00000001800193f0 f   c4_untitled.obj
 0001:00018720       sf_c4_untitled_get_post_codegen_info 0000000180019720 f   c4_untitled.obj
 0001:00018c00       sf_c6_untitled_get_eml_resolved_functions_info 0000000180019c00 f   c6_untitled.obj
 0001:00018c80       sf_c6_untitled_get_check_sum 0000000180019c80 f   c6_untitled.obj
 0001:00018d50       c6_untitled_method_dispatcher 0000000180019d50 f   c6_untitled.obj
 0001:00022fc0       sf_c6_untitled_third_party_uses_info 0000000180023fc0 f   c6_untitled.obj
 0001:00023010       sf_c6_untitled_jit_fallback_info 0000000180024010 f   c6_untitled.obj
 0001:000231a0       sf_c6_untitled_updateBuildInfo_args_info 00000001800241a0 f   c6_untitled.obj
 0001:000234d0       sf_c6_untitled_get_post_codegen_info 00000001800244d0 f   c6_untitled.obj
 0001:00023a30       mexFunction                0000000180024a30 f   untitled_sfun_registry.obj
 0001:00026370       _ssSetInputPortDirectFeedThroughFcn 0000000180027370 f   untitled_sfun_registry.obj
 0001:000264e0       _ssSetRWorkValueFcn        00000001800274e0 f   untitled_sfun_registry.obj
 0001:00026560       _ssGetRWorkValueFcn        0000000180027560 f   untitled_sfun_registry.obj
 0001:000265d0       _ssSetIWorkValueFcn        00000001800275d0 f   untitled_sfun_registry.obj
 0001:00026650       _ssGetIWorkValueFcn        0000000180027650 f   untitled_sfun_registry.obj
 0001:000266c0       _ssSetPWorkValueFcn        00000001800276c0 f   untitled_sfun_registry.obj
 0001:00026740       _ssGetPWorkValueFcn        0000000180027740 f   untitled_sfun_registry.obj
 0001:000267b0       _ssGetInputPortSignalFcn   00000001800277b0 f   untitled_sfun_registry.obj
 0001:00026b40       _ssGetInputPortBufferDstPortFcn 0000000180027b40 f   untitled_sfun_registry.obj
 0001:00026bc0       _ssGetInputPortSignalPtrsFcn 0000000180027bc0 f   untitled_sfun_registry.obj
 0001:00026f50       ssGetParameterTuningCompliance 0000000180027f50 f   untitled_sfun_registry.obj
 0001:00026fc0       _ssReadInputStringFcn      0000000180027fc0 f   untitled_sfun_registry.obj
 0001:00027030       ssGetDTypeIdFromMxArray    0000000180028030 f   untitled_sfun_registry.obj
 0001:00027150       ssWriteRTWMx2dMatParam     0000000180028150 f   untitled_sfun_registry.obj
 0001:000271e0       ssWriteRTWMxVectParam      00000001800281e0 f   untitled_sfun_registry.obj
 0001:00027260       ssWriteRTWParameters       0000000180028260 f   untitled_sfun_registry.obj
 0001:00027820       ssWriteRTWParamSettings    0000000180028820 f   untitled_sfun_registry.obj
 0001:00027f10       ssWriteRTWStr              0000000180028f10 f   untitled_sfun_registry.obj
 0001:00027f70       ssWriteRTWWorkVect         0000000180028f70 f   untitled_sfun_registry.obj
 0001:000284d0       ssWarning                  00000001800294d0 f   untitled_sfun_registry.obj
 0001:000285c0       ssGetRootSS                00000001800295c0 f   untitled_sfun_registry.obj
 0001:00028680       ssGetParentSS              0000000180029680 f   untitled_sfun_registry.obj
 0001:00028740       ssWriteRTWNameValuePair    0000000180029740 f   untitled_sfun_registry.obj
 0001:00028c40       _ssSetInputPortMatrixDimensions 0000000180029c40 f   untitled_sfun_registry.obj
 0001:00028d90       _ssSetOutputPortMatrixDimensions 0000000180029d90 f   untitled_sfun_registry.obj
 0001:00028ee0       _ssSetInputPortVectorDimension 0000000180029ee0 f   untitled_sfun_registry.obj
 0001:00028f90       _ssSetOutputPortVectorDimension 0000000180029f90 f   untitled_sfun_registry.obj
 0001:00029040       ssIsRunTimeParamTunable    000000018002a040 f   untitled_sfun_registry.obj
 0001:000290b0       ssGetSFuncBlockHandle      000000018002a0b0 f   untitled_sfun_registry.obj
 0001:00029120       _ssGetCallSystemNumFcnCallDestinations 000000018002a120 f   untitled_sfun_registry.obj
 0001:00029190       _ssGetCurrentInputPortWidth 000000018002a190 f   untitled_sfun_registry.obj
 0001:000292d0       _ssGetCurrentOutputPortWidth 000000018002a2d0 f   untitled_sfun_registry.obj
 0001:00029410       ssGetIsZeroCrossControlDisabled 000000018002a410 f   untitled_sfun_registry.obj
 0001:00029480       ssSetIsInputPortUsedForContZcSignal 000000018002a480 f   untitled_sfun_registry.obj
 0001:000294f0       ssSetZcSignalIsZcElementDisc 000000018002a4f0 f   untitled_sfun_registry.obj
 0001:000295a0       ssSetZcSignalName          000000018002a5a0 f   untitled_sfun_registry.obj
 0001:00029610       ssSetZcSignalWidth         000000018002a610 f   untitled_sfun_registry.obj
 0001:00029680       ssSetZcSignalZcEventType   000000018002a680 f   untitled_sfun_registry.obj
 0001:000296f0       ssSetZcSignalType          000000018002a6f0 f   untitled_sfun_registry.obj
 0001:00029760       ssSetZcSignalZcTol         000000018002a760 f   untitled_sfun_registry.obj
 0001:000297d0       ssSetZcSignalNeedsEventNotification 000000018002a7d0 f   untitled_sfun_registry.obj
 0001:00029840       ssCreateAndAddZcSignalInfo 000000018002a840 f   untitled_sfun_registry.obj
 0001:000298b0       ssCloneAndAddZcSignalInfo  000000018002a8b0 f   untitled_sfun_registry.obj
 0001:00029920       ssGetNumZcSignals          000000018002a920 f   untitled_sfun_registry.obj
 0001:00029990       ssGetZcSignalVector        000000018002a990 f   untitled_sfun_registry.obj
 0001:00029a00       ssGetZcSignalName          000000018002aa00 f   untitled_sfun_registry.obj
 0001:00029a70       ssGetZcSignalWidth         000000018002aa70 f   untitled_sfun_registry.obj
 0001:00029ae0       ssGetZcSignalZcEventType   000000018002aae0 f   untitled_sfun_registry.obj
 0001:00029b50       ssGetZcSignalZcEvents      000000018002ab50 f   untitled_sfun_registry.obj
 0001:00029bc0       ssGetZcSignalType          000000018002abc0 f   untitled_sfun_registry.obj
 0001:00029c30       ssGetZcSignalZcTol         000000018002ac30 f   untitled_sfun_registry.obj
 0001:00029cb0       ssGetZcSignalNeedsEventNotification 000000018002acb0 f   untitled_sfun_registry.obj
 0001:00029d20       ssGetZcSignalIsZcElementDisc 000000018002ad20 f   untitled_sfun_registry.obj
 0001:00029dc0       ssGetIsInputPortElementContinuous 000000018002adc0 f   untitled_sfun_registry.obj
 0001:00029e60       _ssGetAbsTol               000000018002ae60 f   untitled_sfun_registry.obj
 0001:00029ed0       _ssSetStateAbsTol          000000018002aed0 f   untitled_sfun_registry.obj
 0001:00029fb0       _ssSetInputPortReusableFcn 000000018002afb0 f   untitled_sfun_registry.obj
 0001:0002a0b0       _ssSetOutputPortReusableFcn 000000018002b0b0 f   untitled_sfun_registry.obj
 0001:0002a1b0       _ssSetSymbolicDimsSupport  000000018002b1b0 f   untitled_sfun_registry.obj
 0001:0002a220       _ssRegisterSymbolicDimsExpr 000000018002b220 f   untitled_sfun_registry.obj
 0001:0002a2a0       _ssRegisterSymbolicDimsMATLABExpr 000000018002b2a0 f   untitled_sfun_registry.obj
 0001:0002a330       _ssRegisterSymbolicDims    000000018002b330 f   untitled_sfun_registry.obj
 0001:0002a3d0       _ssRegisterSymbolicDimsString 000000018002b3d0 f   untitled_sfun_registry.obj
 0001:0002a450       _ssRegisterSymbolicDimsIntValue 000000018002b450 f   untitled_sfun_registry.obj
 0001:0002a4c0       _ssRegisterSymbolicEqualRelation 000000018002b4c0 f   untitled_sfun_registry.obj
 0001:0002a530       _ssRegisterSymbolicEqualValue 000000018002b530 f   untitled_sfun_registry.obj
 0001:0002a5a0       _ssAmendLeadingSymbolicDims 000000018002b5a0 f   untitled_sfun_registry.obj
 0001:0002a620       _ssAmendTrailingSymbolicDims 000000018002b620 f   untitled_sfun_registry.obj
 0001:0002a6a0       _ssRegisterSymbolicDimsPlus 000000018002b6a0 f   untitled_sfun_registry.obj
 0001:0002a720       _ssRegisterSymbolicDimsMinus 000000018002b720 f   untitled_sfun_registry.obj
 0001:0002a7a0       _ssRegisterSymbolicDimsMultiply 000000018002b7a0 f   untitled_sfun_registry.obj
 0001:0002a820       _ssRegisterSymbolicDimsDivide 000000018002b820 f   untitled_sfun_registry.obj
 0001:0002a8a0       _ssGetNumSymbolicDims      000000018002b8a0 f   untitled_sfun_registry.obj
 0001:0002a910       _ssGetSymbolicDim          000000018002b910 f   untitled_sfun_registry.obj
 0001:0002a990       _ssSetInputPortSymbolicDimsId 000000018002b990 f   untitled_sfun_registry.obj
 0001:0002aa00       _ssGetCompInputPortSymbolicDimsId 000000018002ba00 f   untitled_sfun_registry.obj
 0001:0002aa70       _ssSetCompInputPortSymbolicDimsId 000000018002ba70 f   untitled_sfun_registry.obj
 0001:0002aae0       _ssSetOutputPortSymbolicDimsId 000000018002bae0 f   untitled_sfun_registry.obj
 0001:0002ab50       _ssGetCompOutputPortSymbolicDimsId 000000018002bb50 f   untitled_sfun_registry.obj
 0001:0002abc0       _ssSetCompOutputPortSymbolicDimsId 000000018002bbc0 f   untitled_sfun_registry.obj
 0001:0002ac30       _ssGetDWorkSymbolicDimsId  000000018002bc30 f   untitled_sfun_registry.obj
 0001:0002aca0       _ssSetDWorkSymbolicDimsId  000000018002bca0 f   untitled_sfun_registry.obj
 0001:0002ad10       _ssGetCompDWorkSymbolicDimsId 000000018002bd10 f   untitled_sfun_registry.obj
 0001:0002ad80       _ssSetCompDWorkSymbolicDimsId 000000018002bd80 f   untitled_sfun_registry.obj
 0001:0002adf0       _ssCreateSLCGStringBuffer  000000018002bdf0 f   untitled_sfun_registry.obj
 0001:0002ae60       _ssAddToSLCGStringBuffer   000000018002be60 f   untitled_sfun_registry.obj
 0001:0002aed0       _ssGetPointerContainedData 000000018002bed0 f   untitled_sfun_registry.obj
 0001:0002af60       _ssGetPointerContainedDataWidth 000000018002bf60 f   untitled_sfun_registry.obj
 0001:0002aff0       _ssRegisterDynamicArrayDataTypeFcn 000000018002bff0 f   untitled_sfun_registry.obj
 0001:0002b090       _ssGetDynamicArrayContainedDataCurrentWidthFcn 000000018002c090 f   untitled_sfun_registry.obj
 0001:0002b160       _ssGetDynamicArrayContainedDataFcn 000000018002c160 f   untitled_sfun_registry.obj
 0001:0002b230       _ssGetInputPortDynamicArrayDataFcn 000000018002c230 f   untitled_sfun_registry.obj
 0001:0002b2f0       _ssGetOutputPortDynamicArrayDataFcn 000000018002c2f0 f   untitled_sfun_registry.obj
 0001:0002b3b0       _ssGetInputPortDynamicArrayContainedDataFcn 000000018002c3b0 f   untitled_sfun_registry.obj
 0001:0002b470       _ssGetOutputPortDynamicArrayContainedDataFcn 000000018002c470 f   untitled_sfun_registry.obj
 0001:0002b530       _ssGetDynamicArrayDWorkContainedDataFcn 000000018002c530 f   untitled_sfun_registry.obj
 0001:0002b5f0       sf_process_check_sum_call  000000018002c5f0 f   untitled_sfun_registry.obj
 0001:0002b640       sf_process_get_third_party_uses_info_call 000000018002c640 f   untitled_sfun_registry.obj
 0001:0002b870       sf_process_get_jit_fallback_info_call 000000018002c870 f   untitled_sfun_registry.obj
 0001:0002baa0       sf_process_get_post_codegen_info_call 000000018002caa0 f   untitled_sfun_registry.obj
 0001:0002bcd0       sf_process_get_updateBuildInfo_args_info_call 000000018002ccd0 f   untitled_sfun_registry.obj
 0001:0002bf00       sf_process_get_eml_resolved_functions_info_call 000000018002cf00 f   untitled_sfun_registry.obj
 0001:0002c130       sf_mex_unlock_call         000000018002d130 f   untitled_sfun_registry.obj
 0001:0002c350       sf_machine_global_initializer_called 000000018002d350 f   untitled_sfun_registry.obj
 0001:0002c380       sf_machine_global_method_dispatcher 000000018002d380 f   untitled_sfun_registry.obj
 0001:0002c3e0       sf_machine_global_terminator 000000018002d3e0 f   untitled_sfun_registry.obj
 0001:0002c420       callCustomFcn              000000018002d420 f   untitled_sfun_registry.obj
 0001:0002c430       sf_machine_global_initializer 000000018002d430 f   untitled_sfun_registry.obj
 0001:0002c460       mdlGetSimState             000000018002d460 f   untitled_sfun_registry.obj
 0001:0002c4a0       mdlSetSimState             000000018002d4a0 f   untitled_sfun_registry.obj
 0001:0002ce50       ProcessMexSfunctionEveryCall 000000018002de50 f   untitled_sfun_registry.obj
 0001:0002dfe0       __local_stdio_printf_options 000000018002efe0 f i untitled_sfun_registry.obj
 0001:0002dff0       _vsnprintf_l               000000018002eff0 f i untitled_sfun_registry.obj
 0001:0002e070       _vsprintf_l                000000018002f070 f i untitled_sfun_registry.obj
 0001:0002e0c0       sprintf                    000000018002f0c0 f i untitled_sfun_registry.obj
 0001:0002e110       mexfilerequiredapiversion  000000018002f110 f   c_mexapi_version.obj
 0001:0002e140       cs_di_add                  000000018002f140 f   cs_ri_bundle.obj
 0001:0002e4f0       cs_di_cholsol              000000018002f4f0 f   cs_ri_bundle.obj
 0001:0002e630       cs_di_dupl                 000000018002f630 f   cs_ri_bundle.obj
 0001:0002e860       cs_di_entry                000000018002f860 f   cs_ri_bundle.obj
 0001:0002e9c0       cs_di_lusol                000000018002f9c0 f   cs_ri_bundle.obj
 0001:0002eb10       cs_di_gaxpy                000000018002fb10 f   cs_ri_bundle.obj
 0001:0002ec50       cs_di_multiply             000000018002fc50 f   cs_ri_bundle.obj
 0001:0002f080       cs_di_qrsol                0000000180030080 f   cs_ri_bundle.obj
 0001:0002f3d0       cs_di_transpose            00000001800303d0 f   cs_ri_bundle.obj
 0001:0002f6c0       cs_di_compress             00000001800306c0 f   cs_ri_bundle.obj
 0001:0002f940       cs_di_norm                 0000000180030940 f   cs_ri_bundle.obj
 0001:0002fa80       cs_di_print                0000000180030a80 f   cs_ri_bundle.obj
 0001:0002fe50       cs_di_load                 0000000180030e50 f   cs_ri_bundle.obj
 0001:0002ff00       cs_di_calloc               0000000180030f00 f   cs_ri_bundle.obj
 0001:0002ff50       cs_di_free                 0000000180030f50 f   cs_ri_bundle.obj
 0001:0002ff80       cs_di_realloc              0000000180030f80 f   cs_ri_bundle.obj
 0001:00030030       cs_di_spalloc              0000000180031030 f   cs_ri_bundle.obj
 0001:000301b0       cs_di_spfree               00000001800311b0 f   cs_ri_bundle.obj
 0001:00030210       cs_di_sprealloc            0000000180031210 f   cs_ri_bundle.obj
 0001:00030390       cs_di_malloc               0000000180031390 f   cs_ri_bundle.obj
 0001:000303e0       cs_di_amd                  00000001800313e0 f   cs_ri_bundle.obj
 0001:00032010       cs_di_chol                 0000000180033010 f   cs_ri_bundle.obj
 0001:000326a0       cs_di_dmperm               00000001800336a0 f   cs_ri_bundle.obj
 0001:00033070       cs_di_droptol              0000000180034070 f   cs_ri_bundle.obj
 0001:000330a0       cs_di_dropzeros            00000001800340a0 f   cs_ri_bundle.obj
 0001:000330d0       cs_di_happly               00000001800340d0 f   cs_ri_bundle.obj
 0001:00033270       cs_di_ipvec                0000000180034270 f   cs_ri_bundle.obj
 0001:00033310       cs_di_lsolve               0000000180034310 f   cs_ri_bundle.obj
 0001:00033480       cs_di_ltsolve              0000000180034480 f   cs_ri_bundle.obj
 0001:000335f0       cs_di_lu                   00000001800345f0 f   cs_ri_bundle.obj
 0001:00033e00       cs_di_permute              0000000180034e00 f   cs_ri_bundle.obj
 0001:000340a0       cs_di_pinv                 00000001800350a0 f   cs_ri_bundle.obj
 0001:00034130       cs_di_pvec                 0000000180035130 f   cs_ri_bundle.obj
 0001:000341d0       cs_di_qr                   00000001800351d0 f   cs_ri_bundle.obj
 0001:00034a00       cs_di_schol                0000000180035a00 f   cs_ri_bundle.obj
 0001:00034bd0       cs_di_sqr                  0000000180035bd0 f   cs_ri_bundle.obj
 0001:00034e50       cs_di_symperm              0000000180035e50 f   cs_ri_bundle.obj
 0001:000352d0       cs_di_usolve               00000001800362d0 f   cs_ri_bundle.obj
 0001:00035440       cs_di_utsolve              0000000180036440 f   cs_ri_bundle.obj
 0001:000355b0       cs_di_updown               00000001800365b0 f   cs_ri_bundle.obj
 0001:00035bd0       cs_di_sfree                0000000180036bd0 f   cs_ri_bundle.obj
 0001:00035c40       cs_di_nfree                0000000180036c40 f   cs_ri_bundle.obj
 0001:00035cb0       cs_di_dfree                0000000180036cb0 f   cs_ri_bundle.obj
 0001:00035d20       cs_di_counts               0000000180036d20 f   cs_ri_bundle.obj
 0001:00036300       cs_di_cumsum               0000000180037300 f   cs_ri_bundle.obj
 0001:000363f0       cs_di_dfs                  00000001800373f0 f   cs_ri_bundle.obj
 0001:00036670       cs_di_etree                0000000180037670 f   cs_ri_bundle.obj
 0001:00036910       cs_di_fkeep                0000000180037910 f   cs_ri_bundle.obj
 0001:00036ad0       cs_di_house                0000000180037ad0 f   cs_ri_bundle.obj
 0001:00036cc0       cs_di_maxtrans             0000000180037cc0 f   cs_ri_bundle.obj
 0001:00037450       cs_di_post                 0000000180038450 f   cs_ri_bundle.obj
 0001:00037620       cs_di_scc                  0000000180038620 f   cs_ri_bundle.obj
 0001:00037a60       cs_di_scatter              0000000180038a60 f   cs_ri_bundle.obj
 0001:00037c30       cs_di_tdfs                 0000000180038c30 f   cs_ri_bundle.obj
 0001:00037d30       cs_di_leaf                 0000000180038d30 f   cs_ri_bundle.obj
 0001:00037ea0       cs_di_reach                0000000180038ea0 f   cs_ri_bundle.obj
 0001:00038040       cs_di_spsolve              0000000180039040 f   cs_ri_bundle.obj
 0001:00038400       cs_di_ereach               0000000180039400 f   cs_ri_bundle.obj
 0001:00038610       cs_di_randperm             0000000180039610 f   cs_ri_bundle.obj
 0001:00038740       cs_di_dalloc               0000000180039740 f   cs_ri_bundle.obj
 0001:00038830       cs_di_done                 0000000180039830 f   cs_ri_bundle.obj
 0001:00038890       cs_di_idone                0000000180039890 f   cs_ri_bundle.obj
 0001:000388f0       cs_di_ndone                00000001800398f0 f   cs_ri_bundle.obj
 0001:00038960       cs_di_ddone                0000000180039960 f   cs_ri_bundle.obj
 0001:000389c0       cs_di_divcc                00000001800399c0 f   cs_ri_bundle.obj
 0001:000389e0       cs_di_mulcc                00000001800399e0 f   cs_ri_bundle.obj
 0001:00038a00       cs_di_subcc                0000000180039a00 f   cs_ri_bundle.obj
 0001:00038a20       cs_di_pluscc               0000000180039a20 f   cs_ri_bundle.obj
 0001:00038a40       cs_di_equalcc              0000000180039a40 f   cs_ri_bundle.obj
 0001:00038a80       cs_di_createFromDouble     0000000180039a80 f   cs_ri_bundle.obj
 0001:00038aa0       cs_di_sqrt                 0000000180039aa0 f   cs_ri_bundle.obj
 0001:00038ac0       cs_di_flipSign             0000000180039ac0 f   cs_ri_bundle.obj
 0001:00038ae0       cs_di_muldc                0000000180039ae0 f   cs_ri_bundle.obj
 0001:00039a30       __local_stdio_scanf_options 000000018003aa30 f i cs_ri_bundle.obj
 0001:00039a40       _vfscanf_l                 000000018003aa40 f i cs_ri_bundle.obj
 0001:00039a90       fscanf                     000000018003aa90 f i cs_ri_bundle.obj
 0001:00039ae0       cs_ci_add                  000000018003aae0 f   cs_ci_bundle.obj
 0001:00039ee0       cs_ci_cholsol              000000018003aee0 f   cs_ci_bundle.obj
 0001:0003a020       cs_ci_dupl                 000000018003b020 f   cs_ci_bundle.obj
 0001:0003a2d0       cs_ci_entry                000000018003b2d0 f   cs_ci_bundle.obj
 0001:0003a440       cs_ci_lusol                000000018003b440 f   cs_ci_bundle.obj
 0001:0003a590       cs_ci_gaxpy                000000018003b590 f   cs_ci_bundle.obj
 0001:0003a780       cs_ci_multiply             000000018003b780 f   cs_ci_bundle.obj
 0001:0003ac00       cs_ci_qrsol                000000018003bc00 f   cs_ci_bundle.obj
 0001:0003af50       cs_ci_transpose            000000018003bf50 f   cs_ci_bundle.obj
 0001:0003b280       cs_ci_compress             000000018003c280 f   cs_ci_bundle.obj
 0001:0003b510       cs_ci_norm                 000000018003c510 f   cs_ci_bundle.obj
 0001:0003b680       cs_ci_print                000000018003c680 f   cs_ci_bundle.obj
 0001:0003bb50       cs_ci_load                 000000018003cb50 f   cs_ci_bundle.obj
 0001:0003bc40       cs_ci_calloc               000000018003cc40 f   cs_ci_bundle.obj
 0001:0003bc90       cs_ci_free                 000000018003cc90 f   cs_ci_bundle.obj
 0001:0003bcc0       cs_ci_realloc              000000018003ccc0 f   cs_ci_bundle.obj
 0001:0003bd70       cs_ci_spalloc              000000018003cd70 f   cs_ci_bundle.obj
 0001:0003bef0       cs_ci_spfree               000000018003cef0 f   cs_ci_bundle.obj
 0001:0003bf50       cs_ci_sprealloc            000000018003cf50 f   cs_ci_bundle.obj
 0001:0003c0d0       cs_ci_malloc               000000018003d0d0 f   cs_ci_bundle.obj
 0001:0003c120       cs_ci_amd                  000000018003d120 f   cs_ci_bundle.obj
 0001:0003dd80       cs_ci_chol                 000000018003ed80 f   cs_ci_bundle.obj
 0001:0003e6f0       cs_ci_dmperm               000000018003f6f0 f   cs_ci_bundle.obj
 0001:0003f0c0       cs_ci_droptol              00000001800400c0 f   cs_ci_bundle.obj
 0001:0003f0f0       cs_ci_dropzeros            00000001800400f0 f   cs_ci_bundle.obj
 0001:0003f120       cs_ci_happly               0000000180040120 f   cs_ci_bundle.obj
 0001:0003f4d0       cs_ci_ipvec                00000001800404d0 f   cs_ci_bundle.obj
 0001:0003f580       cs_ci_lsolve               0000000180040580 f   cs_ci_bundle.obj
 0001:0003f7f0       cs_ci_ltsolve              00000001800407f0 f   cs_ci_bundle.obj
 0001:0003fab0       cs_ci_lu                   0000000180040ab0 f   cs_ci_bundle.obj
 0001:000403e0       cs_ci_permute              00000001800413e0 f   cs_ci_bundle.obj
 0001:00040690       cs_ci_pinv                 0000000180041690 f   cs_ci_bundle.obj
 0001:00040720       cs_ci_pvec                 0000000180041720 f   cs_ci_bundle.obj
 0001:000407d0       cs_ci_qr                   00000001800417d0 f   cs_ci_bundle.obj
 0001:000410c0       cs_ci_schol                00000001800420c0 f   cs_ci_bundle.obj
 0001:00041290       cs_ci_sqr                  0000000180042290 f   cs_ci_bundle.obj
 0001:00041510       cs_ci_symperm              0000000180042510 f   cs_ci_bundle.obj
 0001:000419d0       cs_ci_usolve               00000001800429d0 f   cs_ci_bundle.obj
 0001:00041c40       cs_ci_utsolve              0000000180042c40 f   cs_ci_bundle.obj
 0001:00041f00       cs_ci_updown               0000000180042f00 f   cs_ci_bundle.obj
 0001:00042ac0       cs_ci_sfree                0000000180043ac0 f   cs_ci_bundle.obj
 0001:00042b30       cs_ci_nfree                0000000180043b30 f   cs_ci_bundle.obj
 0001:00042ba0       cs_ci_dfree                0000000180043ba0 f   cs_ci_bundle.obj
 0001:00042c10       cs_ci_counts               0000000180043c10 f   cs_ci_bundle.obj
 0001:000431f0       cs_ci_cumsum               00000001800441f0 f   cs_ci_bundle.obj
 0001:000432e0       cs_ci_dfs                  00000001800442e0 f   cs_ci_bundle.obj
 0001:00043560       cs_ci_etree                0000000180044560 f   cs_ci_bundle.obj
 0001:00043800       cs_ci_fkeep                0000000180044800 f   cs_ci_bundle.obj
 0001:00043a10       cs_ci_house                0000000180044a10 f   cs_ci_bundle.obj
 0001:00043fc0       cs_ci_maxtrans             0000000180044fc0 f   cs_ci_bundle.obj
 0001:00044750       cs_ci_post                 0000000180045750 f   cs_ci_bundle.obj
 0001:00044920       cs_ci_scc                  0000000180045920 f   cs_ci_bundle.obj
 0001:00044d60       cs_ci_scatter              0000000180045d60 f   cs_ci_bundle.obj
 0001:00045030       cs_ci_tdfs                 0000000180046030 f   cs_ci_bundle.obj
 0001:00045130       cs_ci_leaf                 0000000180046130 f   cs_ci_bundle.obj
 0001:000452a0       cs_ci_reach                00000001800462a0 f   cs_ci_bundle.obj
 0001:00045440       cs_ci_spsolve              0000000180046440 f   cs_ci_bundle.obj
 0001:00045910       cs_ci_ereach               0000000180046910 f   cs_ci_bundle.obj
 0001:00045b20       cs_ci_randperm             0000000180046b20 f   cs_ci_bundle.obj
 0001:00045c50       cs_ci_dalloc               0000000180046c50 f   cs_ci_bundle.obj
 0001:00045d40       cs_ci_done                 0000000180046d40 f   cs_ci_bundle.obj
 0001:00045da0       cs_ci_idone                0000000180046da0 f   cs_ci_bundle.obj
 0001:00045e00       cs_ci_ndone                0000000180046e00 f   cs_ci_bundle.obj
 0001:00045e70       cs_ci_ddone                0000000180046e70 f   cs_ci_bundle.obj
 0001:00045ed0       cs_ci_divcc                0000000180046ed0 f   cs_ci_bundle.obj
 0001:00046370       cs_ci_mulcc                0000000180047370 f   cs_ci_bundle.obj
 0001:00046580       cs_ci_subcc                0000000180047580 f   cs_ci_bundle.obj
 0001:00046690       cs_ci_pluscc               0000000180047690 f   cs_ci_bundle.obj
 0001:000467a0       cs_ci_equalcc              00000001800477a0 f   cs_ci_bundle.obj
 0001:00046890       cs_ci_createFromDouble     0000000180047890 f   cs_ci_bundle.obj
 0001:000468e0       cs_ci_sqrt                 00000001800478e0 f   cs_ci_bundle.obj
 0001:00046950       cs_ci_flipSign             0000000180047950 f   cs_ci_bundle.obj
 0001:00046a00       cs_ci_muldc                0000000180047a00 f   cs_ci_bundle.obj
 0001:000479d0       solve_from_lu_di           00000001800489d0 f   solve_from_lu.obj
 0001:00047a80       solve_from_lu_ci           0000000180048a80 f   solve_from_lu.obj
 0001:00047b20       solve_from_qr_di           0000000180048b20 f   solve_from_qr.obj
 0001:00047cd0       qr_rank_di                 0000000180048cd0 f   solve_from_qr.obj
 0001:00047f20       solve_from_qr_ci           0000000180048f20 f   solve_from_qr.obj
 0001:000480d0       qr_rank_ci                 00000001800490d0 f   solve_from_qr.obj
 0001:00048350       makeCXSparseMatrix         0000000180049350 f   makeCXSparseMatrix.obj
 0001:00048460       makeComplexCXSparseMatrix  0000000180049460 f   makeCXSparseMatrix.obj
 0001:00048570       unpackCXSparse_ci          0000000180049570 f   unpackCXStruct.obj
 0001:00048740       getNZmax_ci                0000000180049740 f   unpackCXStruct.obj
 0001:00048760       getNNZ_ci                  0000000180049760 f   unpackCXStruct.obj
 0001:00048790       getM_ci                    0000000180049790 f   unpackCXStruct.obj
 0001:000487b0       getN_ci                    00000001800497b0 f   unpackCXStruct.obj
 0001:000487d0       getCholPointer_ci          00000001800497d0 f   unpackCXStruct.obj
 0001:000487f0       unpackCXSparse_di          00000001800497f0 f   unpackCXStruct.obj
 0001:00048920       getNZmax_di                0000000180049920 f   unpackCXStruct.obj
 0001:00048940       getNNZ_di                  0000000180049940 f   unpackCXStruct.obj
 0001:00048970       getM_di                    0000000180049970 f   unpackCXStruct.obj
 0001:00048990       getN_di                    0000000180049990 f   unpackCXStruct.obj
 0001:000489b0       getCholPointer_di          00000001800499b0 f   unpackCXStruct.obj
 0001:000489c0       getBitfieldFromFloat       00000001800499c0 f   half_type.obj
 0001:000489f0       getFloatFromBitfield       00000001800499f0 f   half_type.obj
 0001:00048a20       getBitfieldFromHalf        0000000180049a20 f   half_type.obj
 0001:00048a40       getHalfFromBitfield        0000000180049a40 f   half_type.obj
 0001:00048a70       halfToFloat                0000000180049a70 f   half_type.obj
 0001:00048bf0       halfToDouble               0000000180049bf0 f   half_type.obj
 0001:00048c20       floatToHalf                0000000180049c20 f   half_type.obj
 0001:00048e80       doubleToHalf               0000000180049e80 f   half_type.obj
 0001:0004916b       sf_load_rtw_optimization_info 000000018004a16b f   sf_runtime:sf_runtime.dll
 0001:00049171       sf_mex_decode              000000018004a171 f   sf_runtime:sf_runtime.dll
 0001:00049177       sf_init_ChartRunTimeInfo   000000018004a177 f   sf_runtime:sf_runtime.dll
 0001:0004917d       sf_free_ChartRunTimeInfo   000000018004a17d f   sf_runtime:sf_runtime.dll
 0001:00049183       sf_reset_warnings_ChartRunTimeInfo 000000018004a183 f   sf_runtime:sf_runtime.dll
 0001:00049189       sfrtGetEmlrtCtx            000000018004a189 f   sf_runtime:sf_runtime.dll
 0001:0004918f       sfrtGetCovrtInstance       000000018004a18f f   sf_runtime:sf_runtime.dll
 0001:00049195       sf_get_chart_instance_ptr  000000018004a195 f   sf_runtime:sf_runtime.dll
 0001:0004919b       sfSetAnimationVectors      000000018004a19b f   sf_runtime:sf_runtime.dll
 0001:000491a1       sim_mode_is_rtw_gen        000000018004a1a1 f   sf_runtime:sf_runtime.dll
 0001:000491a7       sim_mode_is_external       000000018004a1a7 f   sf_runtime:sf_runtime.dll
 0001:000491ad       sf_mex_listen_for_ctrl_c   000000018004a1ad f   sf_runtime:sf_runtime.dll
 0001:000491b3       sf_clear_rtw_identifier    000000018004a1b3 f   sf_runtime:sf_runtime.dll
 0001:000491b9       sf_get_time                000000018004a1b9 f   sf_runtime:sf_runtime.dll
 0001:000491bf       sf_set_work_widths         000000018004a1bf f   sf_runtime:sf_runtime.dll
 0001:000491c5       mdlProcessParamsCommon     000000018004a1c5 f   sf_runtime:sf_runtime.dll
 0001:000491cb       sf_mex_call                000000018004a1cb f   sf_runtime:sf_runtime.dll
 0001:000491d1       sf_mex_error_message       000000018004a1d1 f   sf_runtime:sf_runtime.dll
 0001:000491d7       sf_mex_create              000000018004a1d7 f   sf_runtime:sf_runtime.dll
 0001:000491dd       sf_mex_createcellmatrix    000000018004a1dd f   sf_runtime:sf_runtime.dll
 0001:000491e3       sf_mex_setcell             000000018004a1e3 f   sf_runtime:sf_runtime.dll
 0001:000491e9       sf_mex_getcell             000000018004a1e9 f   sf_runtime:sf_runtime.dll
 0001:000491ef       sf_mex_assign              000000018004a1ef f   sf_runtime:sf_runtime.dll
 0001:000491f5       sf_mex_dup                 000000018004a1f5 f   sf_runtime:sf_runtime.dll
 0001:000491fb       sf_mex_destroy             000000018004a1fb f   sf_runtime:sf_runtime.dll
 0001:00049201       sf_mex_import              000000018004a201 f   sf_runtime:sf_runtime.dll
 0001:00049207       ssGetInputPortSignal_wrapper 000000018004a207 f   sf_runtime:sf_runtime.dll
 0001:0004920d       ssGetOutputPortSignal_wrapper 000000018004a20d f   sf_runtime:sf_runtime.dll
 0001:00049213       sf_error_out_about_continuous_sample_time_with_persistent_vars 000000018004a213 f   sf_runtime:sf_runtime.dll
 0001:00049219       sfHasContStates            000000018004a219 f   sf_runtime:sf_runtime.dll
 0001:0004921f       supportsLegacyBehaviorForPersistentVarInContinuousTime 000000018004a21f f   sf_runtime:sf_runtime.dll
 0001:00049225       sf_data_overflow_error     000000018004a225 f   sf_runtime:sf_runtime.dll
 0001:0004922b       sf_get_ChartInfoStruct_CodeGen 000000018004a22b f   sf_runtime:sf_runtime.dll
 0001:00049231       sf_get_hasSeparateUpdateOutputs 000000018004a231 f   sf_runtime:sf_runtime.dll
 0001:00049237       callMdlMethodAndReportError 000000018004a237 f   sf_runtime:sf_runtime.dll
 0001:0004923d       call_sf_machine_global_method_dispatcher 000000018004a23d f   sf_runtime:sf_runtime.dll
 0001:00049243       getRuntimeInstanceInfoAsVoid 000000018004a243 f   sf_runtime:sf_runtime.dll
 0001:00049249       sf_mex_error_direct_call   000000018004a249 f   sf_runtime:sf_runtime.dll
 0001:0004924f       sf_clear_error_manager_info 000000018004a24f f   sf_runtime:sf_runtime.dll
 0001:00049255       mxIsChar_800               000000018004a255 f   libmx:libmx.dll
 0001:0004925b       mxGetScalar_800            000000018004a25b f   libmx:libmx.dll
 0001:00049261       mxGetPr_800                000000018004a261 f   libmx:libmx.dll
 0001:00049267       mxDestroyArray_800         000000018004a267 f   libmx:libmx.dll
 0001:0004926d       mxCreateDoubleMatrix_800   000000018004a26d f   libmx:libmx.dll
 0001:00049273       mxGetString_800            000000018004a273 f   libmx:libmx.dll
 0001:00049279       mxDuplicateArray_800       000000018004a279 f   libmx:libmx.dll
 0001:0004927f       mxSetCell_800              000000018004a27f f   libmx:libmx.dll
 0001:00049285       mxSetField_800             000000018004a285 f   libmx:libmx.dll
 0001:0004928b       mxCreateString_800         000000018004a28b f   libmx:libmx.dll
 0001:00049291       mxCreateCellMatrix_800     000000018004a291 f   libmx:libmx.dll
 0001:00049297       mxCreateStructMatrix_800   000000018004a297 f   libmx:libmx.dll
 0001:0004929d       mxGetInf_800               000000018004a29d f   libmx:libmx.dll
 0001:000492a3       mxGetNaN_800               000000018004a2a3 f   libmx:libmx.dll
 0001:000492a9       mxIsEmpty_800              000000018004a2a9 f   libmx:libmx.dll
 0001:000492af       mxCalloc_800               000000018004a2af f   libmx:libmx.dll
 0001:000492b5       mxGetM_800                 000000018004a2b5 f   libmx:libmx.dll
 0001:000492bb       mxGetClassID_800           000000018004a2bb f   libmx:libmx.dll
 0001:000492c1       mxIsNumeric_800            000000018004a2c1 f   libmx:libmx.dll
 0001:000492c7       mxIsComplex_800            000000018004a2c7 f   libmx:libmx.dll
 0001:000492cd       mxGetN_800                 000000018004a2cd f   libmx:libmx.dll
 0001:000492d3       mxCreateDoubleScalar_800   000000018004a2d3 f   libmx:libmx.dll
 0001:000492d9       mxMalloc_800               000000018004a2d9 f   libmx:libmx.dll
 0001:000492df       mxFree_800                 000000018004a2df f   libmx:libmx.dll
 0001:000492e5       mxRealloc_800              000000018004a2e5 f   libmx:libmx.dll
 0001:000492eb       mexMakeArrayPersistent_800 000000018004a2eb f   libmex:libmex.dll
 0001:000492f1       mexErrMsgTxt_800           000000018004a2f1 f   libmex:libmex.dll
 0001:000492f7       mexWarnMsgTxt_800          000000018004a2f7 f   libmex:libmex.dll
 0001:000492fd       mexCallMATLAB_800          000000018004a2fd f   libmex:libmex.dll
 0001:00049303       mexLock_800                000000018004a303 f   libmex:libmex.dll
 0001:00049309       mexUnlock_800              000000018004a309 f   libmex:libmex.dll
 0001:0004930f       mexIsLocked_800            000000018004a30f f   libmex:libmex.dll
 0001:00049315       mexPrintf_800              000000018004a315 f   libmex:libmex.dll
 0001:0004931b       utMalloc                   000000018004a31b f   libut:libut.dll
 0001:00049321       utFree                     000000018004a321 f   libut:libut.dll
 0001:00049327       muDoubleScalarAbs          000000018004a327 f   libmwmathutil:libmwmathutil.dll
 0001:0004932d       muDoubleScalarFloor        000000018004a32d f   libmwmathutil:libmwmathutil.dll
 0001:00049333       muDoubleScalarMax          000000018004a333 f   libmwmathutil:libmwmathutil.dll
 0001:00049339       muDoubleScalarMin          000000018004a339 f   libmwmathutil:libmwmathutil.dll
 0001:0004933f       muDoubleScalarIsNaN        000000018004a33f f   libmwmathutil:libmwmathutil.dll
 0001:00049345       muDoubleScalarIsInf        000000018004a345 f   libmwmathutil:libmwmathutil.dll
 0001:0004934b       emlrtLicenseCheckR2022a    000000018004a34b f   libemlrt:libemlrt.dll
 0001:00049351       emlrtDynamicBoundsCheckR2012b 000000018004a351 f   libemlrt:libemlrt.dll
 0001:00049357       emlrtSizeMulR2012b         000000018004a357 f   libemlrt:libemlrt.dll
 0001:0004935d       emlrtIntegerCheckR2012b    000000018004a35d f   libemlrt:libemlrt.dll
 0001:00049363       emlrtNonNegativeCheckR2012b 000000018004a363 f   libemlrt:libemlrt.dll
 0001:00049369       emlrtForLoopVectorCheckR2021a 000000018004a369 f   libemlrt:libemlrt.dll
 0001:0004936f       emlrtMallocMex             000000018004a36f f   libemlrt:libemlrt.dll
 0001:00049375       emlrtFreeMex               000000018004a375 f   libemlrt:libemlrt.dll
 0001:0004937b       emlrtHeapAllocationErrorR2012b 000000018004a37b f   libemlrt:libemlrt.dll
 0001:00049381       covrtCreateStateflowInstanceData 000000018004a381 f   libcovrt:libcovrt.dll
 0001:00049387       covrtDeleteStateflowInstanceData 000000018004a387 f   libcovrt:libcovrt.dll
 0001:0004938d       covrtTransInitFcn          000000018004a38d f   libcovrt:libcovrt.dll
 0001:00049393       covrtStateInitFcn          000000018004a393 f   libcovrt:libcovrt.dll
 0001:00049399       covrtChartInitFcn          000000018004a399 f   libcovrt:libcovrt.dll
 0001:0004939f       covrtRelationalopUpdateFcn 000000018004a39f f   libcovrt:libcovrt.dll
 0001:000493a5       covrtSigUpdateFcn          000000018004a3a5 f   libcovrt:libcovrt.dll
 0001:000493ab       covrtEmlInitFcn            000000018004a3ab f   libcovrt:libcovrt.dll
 0001:000493b1       covrtEmlFcnInitFcn         000000018004a3b1 f   libcovrt:libcovrt.dll
 0001:000493b7       covrtEmlIfInitFcn          000000018004a3b7 f   libcovrt:libcovrt.dll
 0001:000493bd       covrtEmlForInitFcn         000000018004a3bd f   libcovrt:libcovrt.dll
 0001:000493c3       covrtEmlMCDCInitFcn        000000018004a3c3 f   libcovrt:libcovrt.dll
 0001:000493c9       covrtEmlRelationalInitFcn  000000018004a3c9 f   libcovrt:libcovrt.dll
 0001:000493cf       covrtEmlFcnEval            000000018004a3cf f   libcovrt:libcovrt.dll
 0001:000493d5       covrtEmlIfEval             000000018004a3d5 f   libcovrt:libcovrt.dll
 0001:000493db       covrtEmlForEval            000000018004a3db f   libcovrt:libcovrt.dll
 0001:000493e1       covrtEmlCondEval           000000018004a3e1 f   libcovrt:libcovrt.dll
 0001:000493e7       covrtEmlMcdcEval           000000018004a3e7 f   libcovrt:libcovrt.dll
 0001:000493f0       __raise_securityfailure    000000018004a3f0 f   MSVCRT:gs_report.obj
 0001:00049424       __report_gsfailure         000000018004a424 f   MSVCRT:gs_report.obj
 0001:000494f8       __report_rangecheckfailure 000000018004a4f8 f   MSVCRT:gs_report.obj
 0001:0004950c       __report_securityfailure   000000018004a50c f   MSVCRT:gs_report.obj
 0001:000495ac       __report_securityfailureEx 000000018004a5ac f   MSVCRT:gs_report.obj
 0001:000497a0       __GSHandlerCheck           000000018004a7a0 f   MSVCRT:gshandler.obj
 0001:000497c0       __GSHandlerCheckCommon     000000018004a7c0 f   MSVCRT:gshandler.obj
 0001:00049830       __security_check_cookie    000000018004a830 f   MSVCRT:amdsecgs.obj
 0001:00049860       __chkstk                   000000018004a860 f   MSVCRT:chkstk.obj
 0001:00049860       _alloca_probe              000000018004a860 f   MSVCRT:chkstk.obj
 0001:00049bdc       _CRT_INIT                  000000018004abdc f   MSVCRT:dll_dllmain.obj
 0001:00049be4       _DllMainCRTStartup         000000018004abe4 f   MSVCRT:dll_dllmain.obj
 0001:00049c90       __security_init_cookie     000000018004ac90 f   MSVCRT:gs_support.obj
 0001:00049d3c       DllMain                    000000018004ad3c f   MSVCRT:dll_dllmain_stub.obj
 0001:00049d60       ?__scrt_initialize_type_info@@YAXXZ 000000018004ad60 f   MSVCRT:tncleanup.obj
 0001:00049d70       ?__scrt_uninitialize_type_info@@YAXXZ 000000018004ad70 f   MSVCRT:tncleanup.obj
 0001:00049d7c       __scrt_initialize_default_local_stdio_options 000000018004ad7c f   MSVCRT:default_local_stdio_options.obj
 0001:00049d98       ?configure_argv@__scrt_narrow_argv_policy@@SAHXZ 000000018004ad98 f i MSVCRT:utility.obj
 0001:00049df8       ?initialize_environment@__scrt_narrow_environment_policy@@SAHXZ 000000018004adf8 f i MSVCRT:utility.obj
 0001:00049e30       NtCurrentTeb               000000018004ae30 f i MSVCRT:utility.obj
 0001:00049e3c       __scrt_acquire_startup_lock 000000018004ae3c f   MSVCRT:utility.obj
 0001:00049e78       __scrt_dllmain_after_initialize_c 000000018004ae78 f   MSVCRT:utility.obj
 0001:00049eac       __scrt_dllmain_before_initialize_c 000000018004aeac f   MSVCRT:utility.obj
 0001:00049ec4       __scrt_dllmain_crt_thread_attach 000000018004aec4 f   MSVCRT:utility.obj
 0001:00049eec       __scrt_dllmain_crt_thread_detach 000000018004aeec f   MSVCRT:utility.obj
 0001:00049f04       __scrt_dllmain_exception_filter 000000018004af04 f   MSVCRT:utility.obj
 0001:00049f64       __scrt_dllmain_uninitialize_c 000000018004af64 f   MSVCRT:utility.obj
 0001:00049f94       __scrt_dllmain_uninitialize_critical 000000018004af94 f   MSVCRT:utility.obj
 0001:00049fa8       __scrt_initialize_crt      000000018004afa8 f   MSVCRT:utility.obj
 0001:00049fe4       __scrt_initialize_onexit_tables 000000018004afe4 f   MSVCRT:utility.obj
 0001:0004a070       __scrt_is_nonwritable_in_current_image 000000018004b070 f   MSVCRT:utility.obj
 0001:0004a108       __scrt_release_startup_lock 000000018004b108 f   MSVCRT:utility.obj
 0001:0004a12c       __scrt_uninitialize_crt    000000018004b12c f   MSVCRT:utility.obj
 0001:0004a158       _onexit                    000000018004b158 f   MSVCRT:utility.obj
 0001:0004a194       at_quick_exit              000000018004b194 f   MSVCRT:utility.obj
 0001:0004a1b4       atexit                     000000018004b1b4 f   MSVCRT:utility.obj
 0001:0004a1cc       __scrt_get_dyn_tls_init_callback 000000018004b1cc f   MSVCRT:dyn_tls_init.obj
 0001:0004a1d4       __crt_debugger_hook        000000018004b1d4 f   MSVCRT:utility_desktop.obj
 0001:0004a1dc       __scrt_fastfail            000000018004b1dc f   MSVCRT:utility_desktop.obj
 0001:0004a324       __scrt_get_show_window_mode 000000018004b324 f   MSVCRT:utility_desktop.obj
 0001:0004a360       __scrt_initialize_mta      000000018004b360 f   MSVCRT:utility_desktop.obj
 0001:0004a368       __scrt_initialize_winrt    000000018004b368 f   MSVCRT:utility_desktop.obj
 0001:0004a36c       __scrt_is_managed_app      000000018004b36c f   MSVCRT:utility_desktop.obj
 0001:0004a3c0       __scrt_set_unhandled_exception_filter 000000018004b3c0 f   MSVCRT:utility_desktop.obj
 0001:0004a3d0       __scrt_exe_initialize_mta  000000018004b3d0 f   MSVCRT:utility_desktop.obj
 0001:0004a3d0       __scrt_stub_for_initialize_mta 000000018004b3d0 f   MSVCRT:utility_desktop.obj
 0001:0004a3d4       __scrt_unhandled_exception_filter 000000018004b3d4 f   MSVCRT:utility_desktop.obj
 0001:0004a430       _RTC_Initialize            000000018004b430 f   MSVCRT:initsect.obj
 0001:0004a46c       _RTC_Terminate             000000018004b46c f   MSVCRT:initsect.obj
 0001:0004a4a8       _guard_check_icall_nop     000000018004b4a8 f i MSVCRT:guard_support.obj
 0001:0004a4ac       ReadNoFence64              000000018004b4ac f i MSVCRT:guard_support.obj
 0001:0004a4b0       ReadPointerNoFence         000000018004b4b0 f i MSVCRT:guard_support.obj
 0001:0004a4b4       __castguard_check_failure_debugbreak 000000018004b4b4 f i MSVCRT:guard_support.obj
 0001:0004a4d0       __castguard_check_failure_fastfail 000000018004b4d0 f i MSVCRT:guard_support.obj
 0001:0004a4f4       __castguard_check_failure_nop 000000018004b4f4 f i MSVCRT:guard_support.obj
 0001:0004a4f8       __castguard_check_failure_os_handled 000000018004b4f8 f i MSVCRT:guard_support.obj
 0001:0004a544       __castguard_check_failure_user_handled 000000018004b544 f i MSVCRT:guard_support.obj
 0001:0004a5b8       __castguard_set_user_handler 000000018004b5b8 f i MSVCRT:guard_support.obj
 0001:0004a5c4       __castguard_slow_path_check_debugbreak 000000018004b5c4 f i MSVCRT:guard_support.obj
 0001:0004a5f8       __castguard_slow_path_check_fastfail 000000018004b5f8 f i MSVCRT:guard_support.obj
 0001:0004a634       __castguard_slow_path_check_nop 000000018004b634 f i MSVCRT:guard_support.obj
 0001:0004a638       __castguard_slow_path_check_os_handled 000000018004b638 f i MSVCRT:guard_support.obj
 0001:0004a684       __castguard_slow_path_check_user_handled 000000018004b684 f i MSVCRT:guard_support.obj
 0001:0004a6f0       _guard_icall_checks_enforced 000000018004b6f0 f i MSVCRT:guard_support.obj
 0001:0004a708       _guard_rf_checks_enforced  000000018004b708 f i MSVCRT:guard_support.obj
 0001:0004a70c       __isa_available_init       000000018004b70c f   MSVCRT:cpu_disp.obj
 0001:0004a9d8       _get_startup_argv_mode     000000018004b9d8 f   MSVCRT:argv_mode.obj
 0001:0004a9e0       __scrt_is_ucrt_dll_in_use  000000018004b9e0 f   MSVCRT:ucrt_detection.obj
 0001:0004a9f0       RtlCaptureContext          000000018004b9f0 f   kernel32:KERNEL32.dll
 0001:0004a9f6       RtlLookupFunctionEntry     000000018004b9f6 f   kernel32:KERNEL32.dll
 0001:0004a9fc       RtlVirtualUnwind           000000018004b9fc f   kernel32:KERNEL32.dll
 0001:0004aa02       UnhandledExceptionFilter   000000018004ba02 f   kernel32:KERNEL32.dll
 0001:0004aa08       SetUnhandledExceptionFilter 000000018004ba08 f   kernel32:KERNEL32.dll
 0001:0004aa0e       GetCurrentProcess          000000018004ba0e f   kernel32:KERNEL32.dll
 0001:0004aa14       TerminateProcess           000000018004ba14 f   kernel32:KERNEL32.dll
 0001:0004aa1a       IsProcessorFeaturePresent  000000018004ba1a f   kernel32:KERNEL32.dll
 0001:0004aa20       QueryPerformanceCounter    000000018004ba20 f   kernel32:KERNEL32.dll
 0001:0004aa26       GetCurrentProcessId        000000018004ba26 f   kernel32:KERNEL32.dll
 0001:0004aa2c       GetCurrentThreadId         000000018004ba2c f   kernel32:KERNEL32.dll
 0001:0004aa32       GetSystemTimeAsFileTime    000000018004ba32 f   kernel32:KERNEL32.dll
 0001:0004aa38       DisableThreadLibraryCalls  000000018004ba38 f   kernel32:KERNEL32.dll
 0001:0004aa3e       InitializeSListHead        000000018004ba3e f   kernel32:KERNEL32.dll
 0001:0004aa44       IsDebuggerPresent          000000018004ba44 f   kernel32:KERNEL32.dll
 0001:0004aa4a       GetStartupInfoW            000000018004ba4a f   kernel32:KERNEL32.dll
 0001:0004aa50       GetModuleHandleW           000000018004ba50 f   kernel32:KERNEL32.dll
 0001:0004aa56       memcpy                     000000018004ba56 f   vcruntime:VCRUNTIME140.dll
 0001:0004aa5c       memset                     000000018004ba5c f   vcruntime:VCRUNTIME140.dll
 0001:0004aa62       __C_specific_handler       000000018004ba62 f   vcruntime:VCRUNTIME140.dll
 0001:0004aa68       __std_type_info_destroy_list 000000018004ba68 f   vcruntime:VCRUNTIME140.dll
 0001:0004aa6e       __current_exception        000000018004ba6e f   vcruntime:VCRUNTIME140.dll
 0001:0004aa74       __current_exception_context 000000018004ba74 f   vcruntime:VCRUNTIME140.dll
 0001:0004aa7a       strcmp                     000000018004ba7a f   ucrt:api-ms-win-crt-string-l1-1-0.dll
 0001:0004aa80       strcat                     000000018004ba80 f   ucrt:api-ms-win-crt-string-l1-1-0.dll
 0001:0004aa86       __stdio_common_vsprintf    000000018004ba86 f   ucrt:api-ms-win-crt-stdio-l1-1-0.dll
 0001:0004aa8c       free                       000000018004ba8c f   ucrt:api-ms-win-crt-heap-l1-1-0.dll
 0001:0004aa92       malloc                     000000018004ba92 f   ucrt:api-ms-win-crt-heap-l1-1-0.dll
 0001:0004aa98       strlen                     000000018004ba98 f   ucrt:api-ms-win-crt-string-l1-1-0.dll
 0001:0004aa9e       srand                      000000018004ba9e f   ucrt:api-ms-win-crt-utility-l1-1-0.dll
 0001:0004aaa4       rand                       000000018004baa4 f   ucrt:api-ms-win-crt-utility-l1-1-0.dll
 0001:0004aaaa       fabs                       000000018004baaa f   ucrt:api-ms-win-crt-math-l1-1-0.dll
 0001:0004aab0       sqrt                       000000018004bab0 f   ucrt:api-ms-win-crt-math-l1-1-0.dll
 0001:0004aab6       __stdio_common_vfscanf     000000018004bab6 f   ucrt:api-ms-win-crt-stdio-l1-1-0.dll
 0001:0004aabc       cimag                      000000018004babc f   ucrt:api-ms-win-crt-math-l1-1-0.dll
 0001:0004aac2       conj                       000000018004bac2 f   ucrt:api-ms-win-crt-math-l1-1-0.dll
 0001:0004aac8       creal                      000000018004bac8 f   ucrt:api-ms-win-crt-math-l1-1-0.dll
 0001:0004aace       _Cbuild                    000000018004bace f   ucrt:api-ms-win-crt-math-l1-1-0.dll
 0001:0004aad4       fmin                       000000018004bad4 f   ucrt:api-ms-win-crt-math-l1-1-0.dll
 0001:0004aada       _initterm                  000000018004bada f   ucrt:api-ms-win-crt-runtime-l1-1-0.dll
 0001:0004aae0       _initterm_e                000000018004bae0 f   ucrt:api-ms-win-crt-runtime-l1-1-0.dll
 0001:0004aae6       _seh_filter_dll            000000018004bae6 f   ucrt:api-ms-win-crt-runtime-l1-1-0.dll
 0001:0004aaec       _configure_narrow_argv     000000018004baec f   ucrt:api-ms-win-crt-runtime-l1-1-0.dll
 0001:0004aaf2       _initialize_narrow_environment 000000018004baf2 f   ucrt:api-ms-win-crt-runtime-l1-1-0.dll
 0001:0004aaf8       _initialize_onexit_table   000000018004baf8 f   ucrt:api-ms-win-crt-runtime-l1-1-0.dll
 0001:0004aafe       _register_onexit_function  000000018004bafe f   ucrt:api-ms-win-crt-runtime-l1-1-0.dll
 0001:0004ab04       _execute_onexit_table      000000018004bb04 f   ucrt:api-ms-win-crt-runtime-l1-1-0.dll
 0001:0004ab0a       _crt_atexit                000000018004bb0a f   ucrt:api-ms-win-crt-runtime-l1-1-0.dll
 0001:0004ab10       _crt_at_quick_exit         000000018004bb10 f   ucrt:api-ms-win-crt-runtime-l1-1-0.dll
 0001:0004ab16       _cexit                     000000018004bb16 f   ucrt:api-ms-win-crt-runtime-l1-1-0.dll
 0001:0004ab1c       terminate                  000000018004bb1c f   ucrt:api-ms-win-crt-runtime-l1-1-0.dll
 0001:0004ab22       _cabs                      000000018004bb22 f   ucrt:api-ms-win-crt-math-l1-1-0.dll
 0001:0004ab28       __acrt_initialize          000000018004bb28 f   MSVCRT:ucrt_stubs.obj
 0001:0004ab28       __scrt_stub_for_acrt_initialize 000000018004bb28 f   MSVCRT:ucrt_stubs.obj
 0001:0004ab28       __vcrt_initialize          000000018004bb28 f   MSVCRT:ucrt_stubs.obj
 0001:0004ab2c       __acrt_thread_attach       000000018004bb2c f   MSVCRT:ucrt_stubs.obj
 0001:0004ab2c       __scrt_stub_for_acrt_thread_attach 000000018004bb2c f   MSVCRT:ucrt_stubs.obj
 0001:0004ab2c       __vcrt_thread_attach       000000018004bb2c f   MSVCRT:ucrt_stubs.obj
 0001:0004ab30       __acrt_thread_detach       000000018004bb30 f   MSVCRT:ucrt_stubs.obj
 0001:0004ab30       __scrt_stub_for_acrt_thread_detach 000000018004bb30 f   MSVCRT:ucrt_stubs.obj
 0001:0004ab30       __vcrt_thread_detach       000000018004bb30 f   MSVCRT:ucrt_stubs.obj
 0001:0004ab34       __acrt_uninitialize        000000018004bb34 f   MSVCRT:ucrt_stubs.obj
 0001:0004ab34       __scrt_stub_for_acrt_uninitialize 000000018004bb34 f   MSVCRT:ucrt_stubs.obj
 0001:0004ab34       __vcrt_uninitialize        000000018004bb34 f   MSVCRT:ucrt_stubs.obj
 0001:0004ab38       __acrt_uninitialize_critical 000000018004bb38 f   MSVCRT:ucrt_stubs.obj
 0001:0004ab38       __scrt_stub_for_acrt_uninitialize_critical 000000018004bb38 f   MSVCRT:ucrt_stubs.obj
 0001:0004ab38       __vcrt_uninitialize_critical 000000018004bb38 f   MSVCRT:ucrt_stubs.obj
 0001:0004ab3c       __scrt_stub_for_is_c_termination_complete 000000018004bb3c f   MSVCRT:ucrt_stubs.obj
 0001:0004ab3c       _is_c_termination_complete 000000018004bb3c f   MSVCRT:ucrt_stubs.obj
 0001:0004ab50       _guard_dispatch_icall_nop  000000018004bb50 f   MSVCRT:guard_dispatch.obj
 0001:0004ab70       _guard_xfg_dispatch_icall_nop 000000018004bb70 f   MSVCRT:guard_xfg_dispatch.obj
 0002:00000000       __imp_GetCurrentThreadId   000000018004c000     kernel32:KERNEL32.dll
 0002:00000008       __imp_GetSystemTimeAsFileTime 000000018004c008     kernel32:KERNEL32.dll
 0002:00000010       __imp_RtlCaptureContext    000000018004c010     kernel32:KERNEL32.dll
 0002:00000018       __imp_DisableThreadLibraryCalls 000000018004c018     kernel32:KERNEL32.dll
 0002:00000020       __imp_RtlLookupFunctionEntry 000000018004c020     kernel32:KERNEL32.dll
 0002:00000028       __imp_RtlVirtualUnwind     000000018004c028     kernel32:KERNEL32.dll
 0002:00000030       __imp_InitializeSListHead  000000018004c030     kernel32:KERNEL32.dll
 0002:00000038       __imp_IsDebuggerPresent    000000018004c038     kernel32:KERNEL32.dll
 0002:00000040       __imp_GetStartupInfoW      000000018004c040     kernel32:KERNEL32.dll
 0002:00000048       __imp_GetModuleHandleW     000000018004c048     kernel32:KERNEL32.dll
 0002:00000050       __imp_SetUnhandledExceptionFilter 000000018004c050     kernel32:KERNEL32.dll
 0002:00000058       __imp_GetCurrentProcess    000000018004c058     kernel32:KERNEL32.dll
 0002:00000060       __imp_UnhandledExceptionFilter 000000018004c060     kernel32:KERNEL32.dll
 0002:00000068       __imp_TerminateProcess     000000018004c068     kernel32:KERNEL32.dll
 0002:00000070       __imp_IsProcessorFeaturePresent 000000018004c070     kernel32:KERNEL32.dll
 0002:00000078       __imp_QueryPerformanceCounter 000000018004c078     kernel32:KERNEL32.dll
 0002:00000080       __imp_GetCurrentProcessId  000000018004c080     kernel32:KERNEL32.dll
 0002:00000088       \177KERNEL32_NULL_THUNK_DATA 000000018004c088     kernel32:KERNEL32.dll
 0002:00000090       __imp___std_type_info_destroy_list 000000018004c090     vcruntime:VCRUNTIME140.dll
 0002:00000098       __imp_memcpy               000000018004c098     vcruntime:VCRUNTIME140.dll
 0002:000000a0       __imp___current_exception  000000018004c0a0     vcruntime:VCRUNTIME140.dll
 0002:000000a8       __imp___C_specific_handler 000000018004c0a8     vcruntime:VCRUNTIME140.dll
 0002:000000b0       __imp_memset               000000018004c0b0     vcruntime:VCRUNTIME140.dll
 0002:000000b8       __imp___current_exception_context 000000018004c0b8     vcruntime:VCRUNTIME140.dll
 0002:000000c0       \177VCRUNTIME140_NULL_THUNK_DATA 000000018004c0c0     vcruntime:VCRUNTIME140.dll
 0002:000000c8       __imp_free                 000000018004c0c8     ucrt:api-ms-win-crt-heap-l1-1-0.dll
 0002:000000d0       __imp_malloc               000000018004c0d0     ucrt:api-ms-win-crt-heap-l1-1-0.dll
 0002:000000d8       \177api-ms-win-crt-heap-l1-1-0_NULL_THUNK_DATA 000000018004c0d8     ucrt:api-ms-win-crt-heap-l1-1-0.dll
 0002:000000e0       __imp_fmin                 000000018004c0e0     ucrt:api-ms-win-crt-math-l1-1-0.dll
 0002:000000e8       __imp_fabs                 000000018004c0e8     ucrt:api-ms-win-crt-math-l1-1-0.dll
 0002:000000f0       __imp_conj                 000000018004c0f0     ucrt:api-ms-win-crt-math-l1-1-0.dll
 0002:000000f8       __imp__Cbuild              000000018004c0f8     ucrt:api-ms-win-crt-math-l1-1-0.dll
 0002:00000100       __imp_creal                000000018004c100     ucrt:api-ms-win-crt-math-l1-1-0.dll
 0002:00000108       __imp__cabs                000000018004c108     ucrt:api-ms-win-crt-math-l1-1-0.dll
 0002:00000108       __imp_cabs                 000000018004c108     ucrt:api-ms-win-crt-math-l1-1-0.dll
 0002:00000110       __imp_sqrt                 000000018004c110     ucrt:api-ms-win-crt-math-l1-1-0.dll
 0002:00000118       __imp_cimag                000000018004c118     ucrt:api-ms-win-crt-math-l1-1-0.dll
 0002:00000120       \177api-ms-win-crt-math-l1-1-0_NULL_THUNK_DATA 000000018004c120     ucrt:api-ms-win-crt-math-l1-1-0.dll
 0002:00000128       __imp__initialize_onexit_table 000000018004c128     ucrt:api-ms-win-crt-runtime-l1-1-0.dll
 0002:00000130       __imp__seh_filter_dll      000000018004c130     ucrt:api-ms-win-crt-runtime-l1-1-0.dll
 0002:00000138       __imp__configure_narrow_argv 000000018004c138     ucrt:api-ms-win-crt-runtime-l1-1-0.dll
 0002:00000140       __imp__register_onexit_function 000000018004c140     ucrt:api-ms-win-crt-runtime-l1-1-0.dll
 0002:00000148       __imp__execute_onexit_table 000000018004c148     ucrt:api-ms-win-crt-runtime-l1-1-0.dll
 0002:00000150       __imp__crt_atexit          000000018004c150     ucrt:api-ms-win-crt-runtime-l1-1-0.dll
 0002:00000158       __imp__crt_at_quick_exit   000000018004c158     ucrt:api-ms-win-crt-runtime-l1-1-0.dll
 0002:00000160       __imp__cexit               000000018004c160     ucrt:api-ms-win-crt-runtime-l1-1-0.dll
 0002:00000168       __imp_terminate            000000018004c168     ucrt:api-ms-win-crt-runtime-l1-1-0.dll
 0002:00000170       __imp__initterm_e          000000018004c170     ucrt:api-ms-win-crt-runtime-l1-1-0.dll
 0002:00000178       __imp__initterm            000000018004c178     ucrt:api-ms-win-crt-runtime-l1-1-0.dll
 0002:00000180       __imp__initialize_narrow_environment 000000018004c180     ucrt:api-ms-win-crt-runtime-l1-1-0.dll
 0002:00000188       \177api-ms-win-crt-runtime-l1-1-0_NULL_THUNK_DATA 000000018004c188     ucrt:api-ms-win-crt-runtime-l1-1-0.dll
 0002:00000190       __imp___stdio_common_vfscanf 000000018004c190     ucrt:api-ms-win-crt-stdio-l1-1-0.dll
 0002:00000198       __imp___stdio_common_vsprintf 000000018004c198     ucrt:api-ms-win-crt-stdio-l1-1-0.dll
 0002:000001a0       \177api-ms-win-crt-stdio-l1-1-0_NULL_THUNK_DATA 000000018004c1a0     ucrt:api-ms-win-crt-stdio-l1-1-0.dll
 0002:000001a8       __imp_strcmp               000000018004c1a8     ucrt:api-ms-win-crt-string-l1-1-0.dll
 0002:000001b0       __imp_strlen               000000018004c1b0     ucrt:api-ms-win-crt-string-l1-1-0.dll
 0002:000001b8       __imp_strcat               000000018004c1b8     ucrt:api-ms-win-crt-string-l1-1-0.dll
 0002:000001c0       \177api-ms-win-crt-string-l1-1-0_NULL_THUNK_DATA 000000018004c1c0     ucrt:api-ms-win-crt-string-l1-1-0.dll
 0002:000001c8       __imp_srand                000000018004c1c8     ucrt:api-ms-win-crt-utility-l1-1-0.dll
 0002:000001d0       __imp_rand                 000000018004c1d0     ucrt:api-ms-win-crt-utility-l1-1-0.dll
 0002:000001d8       \177api-ms-win-crt-utility-l1-1-0_NULL_THUNK_DATA 000000018004c1d8     ucrt:api-ms-win-crt-utility-l1-1-0.dll
 0002:000001e0       __imp_covrtDeleteStateflowInstanceData 000000018004c1e0     libcovrt:libcovrt.dll
 0002:000001e8       __imp_covrtEmlMcdcEval     000000018004c1e8     libcovrt:libcovrt.dll
 0002:000001f0       __imp_covrtEmlCondEval     000000018004c1f0     libcovrt:libcovrt.dll
 0002:000001f8       __imp_covrtEmlForEval      000000018004c1f8     libcovrt:libcovrt.dll
 0002:00000200       __imp_covrtEmlIfEval       000000018004c200     libcovrt:libcovrt.dll
 0002:00000208       __imp_covrtEmlFcnEval      000000018004c208     libcovrt:libcovrt.dll
 0002:00000210       __imp_covrtEmlRelationalInitFcn 000000018004c210     libcovrt:libcovrt.dll
 0002:00000218       __imp_covrtEmlMCDCInitFcn  000000018004c218     libcovrt:libcovrt.dll
 0002:00000220       __imp_covrtEmlForInitFcn   000000018004c220     libcovrt:libcovrt.dll
 0002:00000228       __imp_covrtEmlIfInitFcn    000000018004c228     libcovrt:libcovrt.dll
 0002:00000230       __imp_covrtEmlFcnInitFcn   000000018004c230     libcovrt:libcovrt.dll
 0002:00000238       __imp_covrtEmlInitFcn      000000018004c238     libcovrt:libcovrt.dll
 0002:00000240       __imp_covrtSigUpdateFcn    000000018004c240     libcovrt:libcovrt.dll
 0002:00000248       __imp_covrtRelationalopUpdateFcn 000000018004c248     libcovrt:libcovrt.dll
 0002:00000250       __imp_covrtChartInitFcn    000000018004c250     libcovrt:libcovrt.dll
 0002:00000258       __imp_covrtStateInitFcn    000000018004c258     libcovrt:libcovrt.dll
 0002:00000260       __imp_covrtTransInitFcn    000000018004c260     libcovrt:libcovrt.dll
 0002:00000268       __imp_covrtCreateStateflowInstanceData 000000018004c268     libcovrt:libcovrt.dll
 0002:00000270       \177libcovrt_NULL_THUNK_DATA 000000018004c270     libcovrt:libcovrt.dll
 0002:00000278       __imp_emlrtHeapAllocationErrorR2012b 000000018004c278     libemlrt:libemlrt.dll
 0002:00000280       __imp_emlrtFreeMex         000000018004c280     libemlrt:libemlrt.dll
 0002:00000288       __imp_emlrtMallocMex       000000018004c288     libemlrt:libemlrt.dll
 0002:00000290       __imp_emlrtForLoopVectorCheckR2021a 000000018004c290     libemlrt:libemlrt.dll
 0002:00000298       __imp_emlrtNonNegativeCheckR2012b 000000018004c298     libemlrt:libemlrt.dll
 0002:000002a0       __imp_emlrtIntegerCheckR2012b 000000018004c2a0     libemlrt:libemlrt.dll
 0002:000002a8       __imp_emlrtLicenseCheckR2022a 000000018004c2a8     libemlrt:libemlrt.dll
 0002:000002b0       __imp_emlrtDynamicBoundsCheckR2012b 000000018004c2b0     libemlrt:libemlrt.dll
 0002:000002b8       __imp_emlrtSizeMulR2012b   000000018004c2b8     libemlrt:libemlrt.dll
 0002:000002c0       \177libemlrt_NULL_THUNK_DATA 000000018004c2c0     libemlrt:libemlrt.dll
 0002:000002c8       __imp_mexUnlock_800        000000018004c2c8     libmex:libmex.dll
 0002:000002d0       __imp_mexIsLocked_800      000000018004c2d0     libmex:libmex.dll
 0002:000002d8       __imp_mexPrintf_800        000000018004c2d8     libmex:libmex.dll
 0002:000002e0       __imp_mexWarnMsgTxt_800    000000018004c2e0     libmex:libmex.dll
 0002:000002e8       __imp_mexLock_800          000000018004c2e8     libmex:libmex.dll
 0002:000002f0       __imp_mexMakeArrayPersistent_800 000000018004c2f0     libmex:libmex.dll
 0002:000002f8       __imp_mexErrMsgTxt_800     000000018004c2f8     libmex:libmex.dll
 0002:00000300       __imp_mexCallMATLAB_800    000000018004c300     libmex:libmex.dll
 0002:00000308       \177libmex_NULL_THUNK_DATA 000000018004c308     libmex:libmex.dll
 0002:00000310       __imp_muDoubleScalarIsInf  000000018004c310     libmwmathutil:libmwmathutil.dll
 0002:00000318       __imp_muDoubleScalarFloor  000000018004c318     libmwmathutil:libmwmathutil.dll
 0002:00000320       __imp_muDoubleScalarMax    000000018004c320     libmwmathutil:libmwmathutil.dll
 0002:00000328       __imp_muDoubleScalarMin    000000018004c328     libmwmathutil:libmwmathutil.dll
 0002:00000330       __imp_muDoubleScalarIsNaN  000000018004c330     libmwmathutil:libmwmathutil.dll
 0002:00000338       __imp_muDoubleScalarAbs    000000018004c338     libmwmathutil:libmwmathutil.dll
 0002:00000340       \177libmwmathutil_NULL_THUNK_DATA 000000018004c340     libmwmathutil:libmwmathutil.dll
 0002:00000348       __imp_mxIsChar_800         000000018004c348     libmx:libmx.dll
 0002:00000350       __imp_mxGetPr_800          000000018004c350     libmx:libmx.dll
 0002:00000358       __imp_mxGetScalar_800      000000018004c358     libmx:libmx.dll
 0002:00000360       __imp_mxDestroyArray_800   000000018004c360     libmx:libmx.dll
 0002:00000368       __imp_mxRealloc_800        000000018004c368     libmx:libmx.dll
 0002:00000370       __imp_mxFree_800           000000018004c370     libmx:libmx.dll
 0002:00000378       __imp_mxMalloc_800         000000018004c378     libmx:libmx.dll
 0002:00000380       __imp_mxCreateDoubleScalar_800 000000018004c380     libmx:libmx.dll
 0002:00000388       __imp_mxGetN_800           000000018004c388     libmx:libmx.dll
 0002:00000390       __imp_mxIsComplex_800      000000018004c390     libmx:libmx.dll
 0002:00000398       __imp_mxIsNumeric_800      000000018004c398     libmx:libmx.dll
 0002:000003a0       __imp_mxGetClassID_800     000000018004c3a0     libmx:libmx.dll
 0002:000003a8       __imp_mxGetM_800           000000018004c3a8     libmx:libmx.dll
 0002:000003b0       __imp_mxCalloc_800         000000018004c3b0     libmx:libmx.dll
 0002:000003b8       __imp_mxIsEmpty_800        000000018004c3b8     libmx:libmx.dll
 0002:000003c0       __imp_mxGetNaN_800         000000018004c3c0     libmx:libmx.dll
 0002:000003c8       __imp_mxGetInf_800         000000018004c3c8     libmx:libmx.dll
 0002:000003d0       __imp_mxCreateStructMatrix_800 000000018004c3d0     libmx:libmx.dll
 0002:000003d8       __imp_mxCreateCellMatrix_800 000000018004c3d8     libmx:libmx.dll
 0002:000003e0       __imp_mxCreateString_800   000000018004c3e0     libmx:libmx.dll
 0002:000003e8       __imp_mxSetField_800       000000018004c3e8     libmx:libmx.dll
 0002:000003f0       __imp_mxSetCell_800        000000018004c3f0     libmx:libmx.dll
 0002:000003f8       __imp_mxDuplicateArray_800 000000018004c3f8     libmx:libmx.dll
 0002:00000400       __imp_mxGetString_800      000000018004c400     libmx:libmx.dll
 0002:00000408       __imp_mxCreateDoubleMatrix_800 000000018004c408     libmx:libmx.dll
 0002:00000410       \177libmx_NULL_THUNK_DATA  000000018004c410     libmx:libmx.dll
 0002:00000418       __imp_utFree               000000018004c418     libut:libut.dll
 0002:00000420       __imp_utMalloc             000000018004c420     libut:libut.dll
 0002:00000428       \177libut_NULL_THUNK_DATA  000000018004c428     libut:libut.dll
 0002:00000430       __imp_sf_mex_decode        000000018004c430     sf_runtime:sf_runtime.dll
 0002:00000438       __imp_sf_clear_error_manager_info 000000018004c438     sf_runtime:sf_runtime.dll
 0002:00000440       __imp_sf_mex_error_direct_call 000000018004c440     sf_runtime:sf_runtime.dll
 0002:00000448       __imp_getRuntimeInstanceInfoAsVoid 000000018004c448     sf_runtime:sf_runtime.dll
 0002:00000450       __imp_call_sf_machine_global_method_dispatcher 000000018004c450     sf_runtime:sf_runtime.dll
 0002:00000458       __imp_callMdlMethodAndReportError 000000018004c458     sf_runtime:sf_runtime.dll
 0002:00000460       __imp_sf_get_hasSeparateUpdateOutputs 000000018004c460     sf_runtime:sf_runtime.dll
 0002:00000468       __imp_sf_get_ChartInfoStruct_CodeGen 000000018004c468     sf_runtime:sf_runtime.dll
 0002:00000470       __imp_sf_data_overflow_error 000000018004c470     sf_runtime:sf_runtime.dll
 0002:00000478       __imp_supportsLegacyBehaviorForPersistentVarInContinuousTime 000000018004c478     sf_runtime:sf_runtime.dll
 0002:00000480       __imp_sfHasContStates      000000018004c480     sf_runtime:sf_runtime.dll
 0002:00000488       __imp_sf_error_out_about_continuous_sample_time_with_persistent_vars 000000018004c488     sf_runtime:sf_runtime.dll
 0002:00000490       __imp_ssGetOutputPortSignal_wrapper 000000018004c490     sf_runtime:sf_runtime.dll
 0002:00000498       __imp_ssGetInputPortSignal_wrapper 000000018004c498     sf_runtime:sf_runtime.dll
 0002:000004a0       __imp_sf_mex_import        000000018004c4a0     sf_runtime:sf_runtime.dll
 0002:000004a8       __imp_sf_mex_destroy       000000018004c4a8     sf_runtime:sf_runtime.dll
 0002:000004b0       __imp_sf_mex_dup           000000018004c4b0     sf_runtime:sf_runtime.dll
 0002:000004b8       __imp_sf_mex_assign        000000018004c4b8     sf_runtime:sf_runtime.dll
 0002:000004c0       __imp_sf_mex_getcell       000000018004c4c0     sf_runtime:sf_runtime.dll
 0002:000004c8       __imp_sf_mex_setcell       000000018004c4c8     sf_runtime:sf_runtime.dll
 0002:000004d0       __imp_sf_mex_createcellmatrix 000000018004c4d0     sf_runtime:sf_runtime.dll
 0002:000004d8       __imp_sf_mex_create        000000018004c4d8     sf_runtime:sf_runtime.dll
 0002:000004e0       __imp_sf_mex_error_message 000000018004c4e0     sf_runtime:sf_runtime.dll
 0002:000004e8       __imp_sf_mex_call          000000018004c4e8     sf_runtime:sf_runtime.dll
 0002:000004f0       __imp_mdlProcessParamsCommon 000000018004c4f0     sf_runtime:sf_runtime.dll
 0002:000004f8       __imp_sf_set_work_widths   000000018004c4f8     sf_runtime:sf_runtime.dll
 0002:00000500       __imp_sf_get_time          000000018004c500     sf_runtime:sf_runtime.dll
 0002:00000508       __imp_sf_clear_rtw_identifier 000000018004c508     sf_runtime:sf_runtime.dll
 0002:00000510       __imp_sf_mex_listen_for_ctrl_c 000000018004c510     sf_runtime:sf_runtime.dll
 0002:00000518       __imp_sim_mode_is_external 000000018004c518     sf_runtime:sf_runtime.dll
 0002:00000520       __imp_sim_mode_is_rtw_gen  000000018004c520     sf_runtime:sf_runtime.dll
 0002:00000528       __imp_sfSetAnimationVectors 000000018004c528     sf_runtime:sf_runtime.dll
 0002:00000530       __imp_sf_get_chart_instance_ptr 000000018004c530     sf_runtime:sf_runtime.dll
 0002:00000538       __imp_sfrtGetCovrtInstance 000000018004c538     sf_runtime:sf_runtime.dll
 0002:00000540       __imp_sfrtGetEmlrtCtx      000000018004c540     sf_runtime:sf_runtime.dll
 0002:00000548       __imp_sf_reset_warnings_ChartRunTimeInfo 000000018004c548     sf_runtime:sf_runtime.dll
 0002:00000550       __imp_sf_free_ChartRunTimeInfo 000000018004c550     sf_runtime:sf_runtime.dll
 0002:00000558       __imp_sf_init_ChartRunTimeInfo 000000018004c558     sf_runtime:sf_runtime.dll
 0002:00000560       __imp_sf_load_rtw_optimization_info 000000018004c560     sf_runtime:sf_runtime.dll
 0002:00000568       \177sf_runtime_NULL_THUNK_DATA 000000018004c568     sf_runtime:sf_runtime.dll
 0002:00000570       __guard_check_icall_fptr   000000018004c570     MSVCRT:guard_support.obj
 0002:00000578       __guard_xfg_check_icall_fptr 000000018004c578     MSVCRT:guard_support.obj
 0002:00000580       __guard_dispatch_icall_fptr 000000018004c580     MSVCRT:guard_support.obj
 0002:00000588       __guard_xfg_dispatch_icall_fptr 000000018004c588     MSVCRT:guard_support.obj
 0002:00000590       __guard_xfg_table_dispatch_icall_fptr 000000018004c590     MSVCRT:guard_support.obj
 0002:00000598       __castguard_check_failure_os_handled_fptr 000000018004c598     MSVCRT:guard_support.obj
 0002:000005a0       __guard_memcpy_fptr        000000018004c5a0     vcruntime:softmemtag.obj
 0002:000005a8       __xc_a                     000000018004c5a8     MSVCRT:initializers.obj
 0002:000005b0       __xc_z                     000000018004c5b0     MSVCRT:initializers.obj
 0002:000005b8       __xi_a                     000000018004c5b8     MSVCRT:initializers.obj
 0002:000005c0       __xi_z                     000000018004c5c0     MSVCRT:initializers.obj
 0002:000005c8       __xp_a                     000000018004c5c8     MSVCRT:initializers.obj
 0002:000005d0       __xp_z                     000000018004c5d0     MSVCRT:initializers.obj
 0002:000005d8       __xt_a                     000000018004c5d8     MSVCRT:initializers.obj
 0002:000005e0       __xt_z                     000000018004c5e0     MSVCRT:initializers.obj
 0002:000005f0       __real@41a935fb7a000000    000000018004c5f0     untitled_sfun.obj
 0002:000005f8       __real@41b82a9620000000    000000018004c5f8     untitled_sfun.obj
 0002:00000600       __real@41bd274837000000    000000018004c600     untitled_sfun.obj
 0002:00000608       __real@41c25c6bf7000000    000000018004c608     untitled_sfun.obj
 0002:00000610       __real@41cabd8fdd000000    000000018004c610     untitled_sfun.obj
 0002:00000618       __real@41d4c74be0400000    000000018004c618     untitled_sfun.obj
 0002:00000620       __real@41d6fe0789400000    000000018004c620     untitled_sfun.obj
 0002:00000628       __real@41d745767c800000    000000018004c628     untitled_sfun.obj
 0002:00000630       __real@41d92cd043800000    000000018004c630     untitled_sfun.obj
 0002:00000638       __real@41da4adc09400000    000000018004c638     untitled_sfun.obj
 0002:00000640       __real@41e3636204000000    000000018004c640     untitled_sfun.obj
 0002:00000648       __real@41ed7c4485e00000    000000018004c648     untitled_sfun.obj
 0002:00000678       __real@0000000000000000    000000018004c678     c3_untitled.obj
 0002:00000680       __real@3fe3333333333333    000000018004c680     c3_untitled.obj
 0002:00000688       __real@3ff0000000000000    000000018004c688     c3_untitled.obj
 0002:00000690       __real@4000000000000000    000000018004c690     c3_untitled.obj
 0002:00000698       __real@4008000000000000    000000018004c698     c3_untitled.obj
 0002:000006a0       __real@4014000000000000    000000018004c6a0     c3_untitled.obj
 0002:000006a8       __real@403f000000000000    000000018004c6a8     c3_untitled.obj
 0002:000006b0       __real@4060000000000000    000000018004c6b0     c3_untitled.obj
 0002:000006b8       __real@41cfa29901800000    000000018004c6b8     c3_untitled.obj
 0002:000006c0       __real@41d8956388400000    000000018004c6c0     c3_untitled.obj
 0002:000006c8       __real@41e5019022200000    000000018004c6c8     c3_untitled.obj
 0002:000006d0       __real@41eeaf038c800000    000000018004c6d0     c3_untitled.obj
 0002:000006d8       __real@bff0000000000000    000000018004c6d8     c3_untitled.obj
 0002:000006e0       __xmm@80000000000000008000000000000000 000000018004c6e0     c3_untitled.obj
 0002:00000720       __real@3fb999999999999a    000000018004c720     c6_untitled.obj
 0002:00000728       __real@3fe0000000000000    000000018004c728     c6_untitled.obj
 0002:00000730       __real@3feccccccccccccd    000000018004c730     c6_untitled.obj
 0002:00000738       __real@404e000000000000    000000018004c738     c6_untitled.obj
 0002:00000740       __real@4069000000000000    000000018004c740     c6_untitled.obj
 0002:00000748       __real@407f400000000000    000000018004c748     c6_untitled.obj
 0002:00000750       __real@40a3880000000000    000000018004c750     c6_untitled.obj
 0002:00000758       __real@41d4362819800000    000000018004c758     c6_untitled.obj
 0002:00000760       __real@41df39f671c00000    000000018004c760     c6_untitled.obj
 0002:00000768       __real@41e9c5dcfe000000    000000018004c768     c6_untitled.obj
 0002:00000770       __real@41ecf27d21600000    000000018004c770     c6_untitled.obj
 0002:00000778       DYNAMIC_DIMENSION_DEF      000000018004c778     untitled_sfun_registry.obj
 0002:00000790       __real@4010000000000000    000000018004c790     untitled_sfun_registry.obj
 0002:00000798       __real@41602cbca0000000    000000018004c798     untitled_sfun_registry.obj
 0002:000007a0       __real@4024000000000000    000000018004c7a0     cs_ri_bundle.obj
 0002:000007a8       __real@4030000000000000    000000018004c7a8     cs_ri_bundle.obj
[...]
 0003:0000cfe0       $SG24492                   000000018005cfe0     untitled_sfun_registry.obj
 0003:0000d070       $SG24498                   000000018005d070     untitled_sfun_registry.obj
 0003:0000d090       $SG24499                   000000018005d090     untitled_sfun_registry.obj
 0003:0000d120       $SG24505                   000000018005d120     untitled_sfun_registry.obj
 0003:0000d140       $SG24506                   000000018005d140     untitled_sfun_registry.obj
 0003:0000d1d0       $SG24512                   000000018005d1d0     untitled_sfun_registry.obj
 0003:0000d1f0       $SG24513                   000000018005d1f0     untitled_sfun_registry.obj
 0003:0000d280       $SG24517                   000000018005d280     untitled_sfun_registry.obj
 0003:0000d2a0       $SG24518                   000000018005d2a0     untitled_sfun_registry.obj
 0003:0000d330       $SG24522                   000000018005d330     untitled_sfun_registry.obj
 0003:0000d360       $SG24523                   000000018005d360     untitled_sfun_registry.obj
 0003:0000d3f0       $SG24527                   000000018005d3f0     untitled_sfun_registry.obj
 0003:0000d420       $SG24528                   000000018005d420     untitled_sfun_registry.obj
 0003:0000d4b0       $SG24532                   000000018005d4b0     untitled_sfun_registry.obj
 0003:0000d4d0       $SG24533                   000000018005d4d0     untitled_sfun_registry.obj
 0003:0000d560       $SG24537                   000000018005d560     untitled_sfun_registry.obj
 0003:0000d580       $SG24538                   000000018005d580     untitled_sfun_registry.obj
 0003:0000d610       $SG24542                   000000018005d610     untitled_sfun_registry.obj
 0003:0000d630       $SG24543                   000000018005d630     untitled_sfun_registry.obj
 0003:0000d6c0       $SG24547                   000000018005d6c0     untitled_sfun_registry.obj
 0003:0000d6e0       $SG24548                   000000018005d6e0     untitled_sfun_registry.obj
 0003:0000d770       $SG24552                   000000018005d770     untitled_sfun_registry.obj
 0003:0000d790       $SG24553                   000000018005d790     untitled_sfun_registry.obj
 0003:0000d820       $SG24557                   000000018005d820     untitled_sfun_registry.obj
 0003:0000d840       $SG24558                   000000018005d840     untitled_sfun_registry.obj
 0003:0000d8d0       $SG24562                   000000018005d8d0     untitled_sfun_registry.obj
 0003:0000d8f0       $SG24563                   000000018005d8f0     untitled_sfun_registry.obj
 0003:0000d980       $SG24567                   000000018005d980     untitled_sfun_registry.obj
 0003:0000d9a0       $SG24568                   000000018005d9a0     untitled_sfun_registry.obj
 0003:0000da30       $SG24572                   000000018005da30     untitled_sfun_registry.obj
 0003:0000da50       $SG24573                   000000018005da50     untitled_sfun_registry.obj
 0003:0000dae0       $SG24578                   000000018005dae0     untitled_sfun_registry.obj
 0003:0000db00       $SG24579                   000000018005db00     untitled_sfun_registry.obj
 0003:0000db90       $SG24584                   000000018005db90     untitled_sfun_registry.obj
 0003:0000dba0       $SG24585                   000000018005dba0     untitled_sfun_registry.obj
 0003:0000dc30       $SG24589                   000000018005dc30     untitled_sfun_registry.obj
 0003:0000dc50       $SG24590                   000000018005dc50     untitled_sfun_registry.obj
 0003:0000dce0       $SG24594                   000000018005dce0     untitled_sfun_registry.obj
 0003:0000dcf0       $SG24595                   000000018005dcf0     untitled_sfun_registry.obj
 0003:0000dd80       $SG24599                   000000018005dd80     untitled_sfun_registry.obj
 0003:0000dda0       $SG24600                   000000018005dda0     untitled_sfun_registry.obj
 0003:0000de30       $SG24604                   000000018005de30     untitled_sfun_registry.obj
 0003:0000de50       $SG24605                   000000018005de50     untitled_sfun_registry.obj
 0003:0000dee0       $SG24609                   000000018005dee0     untitled_sfun_registry.obj
 0003:0000def0       $SG24610                   000000018005def0     untitled_sfun_registry.obj
 0003:0000df80       $SG24614                   000000018005df80     untitled_sfun_registry.obj
 0003:0000df90       $SG24615                   000000018005df90     untitled_sfun_registry.obj
 0003:0000e020       $SG24619                   000000018005e020     untitled_sfun_registry.obj
 0003:0000e040       $SG24620                   000000018005e040     untitled_sfun_registry.obj
 0003:0000e0d0       $SG24624                   000000018005e0d0     untitled_sfun_registry.obj
 0003:0000e0f0       $SG24625                   000000018005e0f0     untitled_sfun_registry.obj
 0003:0000e180       $SG24629                   000000018005e180     untitled_sfun_registry.obj
 0003:0000e190       $SG24630                   000000018005e190     untitled_sfun_registry.obj
 0003:0000e220       $SG24638                   000000018005e220     untitled_sfun_registry.obj
 0003:0000e230       $SG24639                   000000018005e230     untitled_sfun_registry.obj
 0003:0000e2c0       $SG24645                   000000018005e2c0     untitled_sfun_registry.obj
 0003:0000e2d0       $SG24646                   000000018005e2d0     untitled_sfun_registry.obj
 0003:0000e360       $SG24650                   000000018005e360     untitled_sfun_registry.obj
 0003:0000e370       $SG24651                   000000018005e370     untitled_sfun_registry.obj
 0003:0000e400       $SG24656                   000000018005e400     untitled_sfun_registry.obj
 0003:0000e410       $SG24657                   000000018005e410     untitled_sfun_registry.obj
 0003:0000e4a0       $SG24661                   000000018005e4a0     untitled_sfun_registry.obj
 0003:0000e520       $SG24684                   000000018005e520     untitled_sfun_registry.obj
 0003:0000e638       $SG24692                   000000018005e638     untitled_sfun_registry.obj
 0003:0000e648       $SG24699                   000000018005e648     untitled_sfun_registry.obj
 0003:0000e658       $SG24707                   000000018005e658     untitled_sfun_registry.obj
 0003:0000e668       $SG24714                   000000018005e668     untitled_sfun_registry.obj
 0003:0000e678       $SG24722                   000000018005e678     untitled_sfun_registry.obj
 0003:0000e688       $SG24729                   000000018005e688     untitled_sfun_registry.obj
 0003:0000e698       $SG24735                   000000018005e698     untitled_sfun_registry.obj
 0003:0000e6b8       $SG24745                   000000018005e6b8     untitled_sfun_registry.obj
 0003:0000e6e8       $SG24746                   000000018005e6e8     untitled_sfun_registry.obj
 0003:0000e6f0       $SG24747                   000000018005e6f0     untitled_sfun_registry.obj
 0003:0000e6f8       $SG24757                   000000018005e6f8     untitled_sfun_registry.obj
 0003:0000e730       $SG24758                   000000018005e730     untitled_sfun_registry.obj
 0003:0000e738       $SG24759                   000000018005e738     untitled_sfun_registry.obj
 0003:0000e740       $SG14162                   000000018005e740     cs_ri_bundle.obj
 0003:0000e750       $SG14606                   000000018005e750     cs_ri_bundle.obj
 0003:0000e758       $SG14607                   000000018005e758     cs_ri_bundle.obj
 0003:0000e788       $SG14608                   000000018005e788     cs_ri_bundle.obj
 0003:0000e798       $SG14609                   000000018005e798     cs_ri_bundle.obj
 0003:0000e7c0       $SG14612                   000000018005e7c0     cs_ri_bundle.obj
 0003:0000e7f0       $SG14613                   000000018005e7f0     cs_ri_bundle.obj
 0003:0000e818       $SG14614                   000000018005e818     cs_ri_bundle.obj
 0003:0000e824       $SG14615                   000000018005e824     cs_ri_bundle.obj
 0003:0000e828       $SG14617                   000000018005e828     cs_ri_bundle.obj
 0003:0000e830       $SG14618                   000000018005e830     cs_ri_bundle.obj
 0003:0000e858       $SG14619                   000000018005e858     cs_ri_bundle.obj
 0003:0000e868       $SG14620                   000000018005e868     cs_ri_bundle.obj
 0003:0000e86c       $SG14622                   000000018005e86c     cs_ri_bundle.obj
 0003:0000e878       $SG14163                   000000018005e878     cs_ci_bundle.obj
 0003:0000e890       $SG14607                   000000018005e890     cs_ci_bundle.obj
 0003:0000e898       $SG14608                   000000018005e898     cs_ci_bundle.obj
 0003:0000e8c8       $SG14609                   000000018005e8c8     cs_ci_bundle.obj
 0003:0000e8d8       $SG14610                   000000018005e8d8     cs_ci_bundle.obj
 0003:0000e900       $SG14613                   000000018005e900     cs_ci_bundle.obj
 0003:0000e930       $SG14614                   000000018005e930     cs_ci_bundle.obj
 0003:0000e958       $SG14615                   000000018005e958     cs_ci_bundle.obj
 0003:0000e968       $SG14616                   000000018005e968     cs_ci_bundle.obj
 0003:0000e974       $SG14618                   000000018005e974     cs_ci_bundle.obj
 0003:0000e980       $SG14619                   000000018005e980     cs_ci_bundle.obj
 0003:0000e9a8       $SG14620                   000000018005e9a8     cs_ci_bundle.obj
 0003:0000e9b8       $SG14621                   000000018005e9b8     cs_ci_bundle.obj
 0003:0000e9c4       $SG14623                   000000018005e9c4     cs_ci_bundle.obj
 0003:0000ea90       sRtwOptimizationInfoStruct 000000018005ea90     untitled_sfun.obj
 0003:0000ea98       sOptimizationInfoFlags     000000018005ea98     untitled_sfun.obj
 0003:0000eaa0       $SG23032                   000000018005eaa0     c3_untitled.obj
 0003:0000eaa1       $SG23036                   000000018005eaa1     c3_untitled.obj
 0003:0000eaa2       $SG23040                   000000018005eaa2     c3_untitled.obj
 0003:0000eaa3       $SG23044                   000000018005eaa3     c3_untitled.obj
 0003:0000eaa4       $SG23048                   000000018005eaa4     c3_untitled.obj
 0003:0000eaa5       $SG23052                   000000018005eaa5     c3_untitled.obj
 0003:0000eaa6       $SG23056                   000000018005eaa6     c3_untitled.obj
 0003:0000eaa7       $SG23060                   000000018005eaa7     c3_untitled.obj
 0003:0000eaa8       $SG23064                   000000018005eaa8     c3_untitled.obj
 0003:0000eaa9       $SG23068                   000000018005eaa9     c3_untitled.obj
 0003:0000eaaa       $SG23072                   000000018005eaaa     c3_untitled.obj
 0003:0000eaab       $SG23076                   000000018005eaab     c3_untitled.obj
 0003:0000eaac       $SG23080                   000000018005eaac     c3_untitled.obj
 0003:0000eaad       $SG23084                   000000018005eaad     c3_untitled.obj
 0003:0000eaae       $SG23088                   000000018005eaae     c3_untitled.obj
 0003:0000eaaf       $SG23092                   000000018005eaaf     c3_untitled.obj
 0003:0000eab0       $SG23096                   000000018005eab0     c3_untitled.obj
 0003:0000eab1       $SG23100                   000000018005eab1     c3_untitled.obj
 0003:0000eab2       $SG23104                   000000018005eab2     c3_untitled.obj
 0003:0000eab3       $SG23108                   000000018005eab3     c3_untitled.obj
 0003:0000eab4       $SG23112                   000000018005eab4     c3_untitled.obj
 0003:0000eab5       $SG23116                   000000018005eab5     c3_untitled.obj
 0003:0000eab6       $SG23120                   000000018005eab6     c3_untitled.obj
 0003:0000eab7       $SG23124                   000000018005eab7     c3_untitled.obj
 0003:0000eab8       $SG23128                   000000018005eab8     c3_untitled.obj
 0003:0000eab9       $SG23132                   000000018005eab9     c3_untitled.obj
 0003:0000eaba       $SG23136                   000000018005eaba     c3_untitled.obj
 0003:0000eabb       $SG23140                   000000018005eabb     c3_untitled.obj
 0003:0000eabc       $SG23144                   000000018005eabc     c3_untitled.obj
 0003:0000eabd       $SG23455                   000000018005eabd     c3_untitled.obj
 0003:0000eabe       $SG25606                   000000018005eabe     c3_untitled.obj
 0003:0000eabf       $SG25607                   000000018005eabf     c3_untitled.obj
 0003:0000eac0       _sfTime_                   000000018005eac0     c3_untitled.obj
 0003:0000eac8       $SG25735                   000000018005eac8     c3_untitled.obj
 0003:0000ead0       ?newstr@?1??sf_c3_untitled_get_post_codegen_info@@9@9 000000018005ead0     c3_untitled.obj
 0003:0000f050       $SG23032                   000000018005f050     c4_untitled.obj
 0003:0000f051       $SG23036                   000000018005f051     c4_untitled.obj
 0003:0000f052       $SG23040                   000000018005f052     c4_untitled.obj
 0003:0000f053       $SG23044                   000000018005f053     c4_untitled.obj
 0003:0000f054       $SG23048                   000000018005f054     c4_untitled.obj
 0003:0000f055       $SG23052                   000000018005f055     c4_untitled.obj
 0003:0000f056       $SG23056                   000000018005f056     c4_untitled.obj
 0003:0000f057       $SG23060                   000000018005f057     c4_untitled.obj
 0003:0000f058       $SG23064                   000000018005f058     c4_untitled.obj
 0003:0000f059       $SG23068                   000000018005f059     c4_untitled.obj
 0003:0000f05a       $SG23072                   000000018005f05a     c4_untitled.obj
 0003:0000f05b       $SG23076                   000000018005f05b     c4_untitled.obj
 0003:0000f05c       $SG23080                   000000018005f05c     c4_untitled.obj
 0003:0000f05d       $SG23084                   000000018005f05d     c4_untitled.obj
 0003:0000f05e       $SG23088                   000000018005f05e     c4_untitled.obj
 0003:0000f05f       $SG23092                   000000018005f05f     c4_untitled.obj
 0003:0000f060       $SG23096                   000000018005f060     c4_untitled.obj
 0003:0000f061       $SG23100                   000000018005f061     c4_untitled.obj
 0003:0000f062       $SG23104                   000000018005f062     c4_untitled.obj
 0003:0000f063       $SG23108                   000000018005f063     c4_untitled.obj
 0003:0000f064       $SG23112                   000000018005f064     c4_untitled.obj
 0003:0000f065       $SG23116                   000000018005f065     c4_untitled.obj
 0003:0000f066       $SG23120                   000000018005f066     c4_untitled.obj
 0003:0000f067       $SG23124                   000000018005f067     c4_untitled.obj
 0003:0000f068       $SG23128                   000000018005f068     c4_untitled.obj
 0003:0000f069       $SG23132                   000000018005f069     c4_untitled.obj
 0003:0000f06a       $SG23136                   000000018005f06a     c4_untitled.obj
 0003:0000f06b       $SG23140                   000000018005f06b     c4_untitled.obj
 0003:0000f06c       $SG23144                   000000018005f06c     c4_untitled.obj
 0003:0000f06d       $SG23455                   000000018005f06d     c4_untitled.obj
 0003:0000f06e       $SG25606                   000000018005f06e     c4_untitled.obj
 0003:0000f06f       $SG25607                   000000018005f06f     c4_untitled.obj
 0003:0000f070       _sfTime_                   000000018005f070     c4_untitled.obj
 0003:0000f078       $SG25735                   000000018005f078     c4_untitled.obj
 0003:0000f080       ?newstr@?1??sf_c4_untitled_get_post_codegen_info@@9@9 000000018005f080     c4_untitled.obj
 0003:0000f600       $SG23142                   000000018005f600     c6_untitled.obj
 0003:0000f601       $SG23146                   000000018005f601     c6_untitled.obj
 0003:0000f602       $SG23150                   000000018005f602     c6_untitled.obj
 0003:0000f603       $SG23154                   000000018005f603     c6_untitled.obj
 0003:0000f604       $SG23158                   000000018005f604     c6_untitled.obj
 0003:0000f605       $SG23162                   000000018005f605     c6_untitled.obj
 0003:0000f606       $SG23166                   000000018005f606     c6_untitled.obj
 0003:0000f607       $SG23170                   000000018005f607     c6_untitled.obj
 0003:0000f608       $SG23174                   000000018005f608     c6_untitled.obj
 0003:0000f609       $SG23178                   000000018005f609     c6_untitled.obj
 0003:0000f60a       $SG23182                   000000018005f60a     c6_untitled.obj
 0003:0000f60b       $SG23186                   000000018005f60b     c6_untitled.obj
 0003:0000f60c       $SG23190                   000000018005f60c     c6_untitled.obj
 0003:0000f60d       $SG23194                   000000018005f60d     c6_untitled.obj
 0003:0000f60e       $SG23198                   000000018005f60e     c6_untitled.obj
 0003:0000f60f       $SG23202                   000000018005f60f     c6_untitled.obj
 0003:0000f610       $SG23206                   000000018005f610     c6_untitled.obj
 0003:0000f611       $SG23210                   000000018005f611     c6_untitled.obj
 0003:0000f612       $SG23214                   000000018005f612     c6_untitled.obj
 0003:0000f613       $SG23218                   000000018005f613     c6_untitled.obj
 0003:0000f614       $SG23222                   000000018005f614     c6_untitled.obj
 0003:0000f615       $SG23226                   000000018005f615     c6_untitled.obj
 0003:0000f616       $SG23230                   000000018005f616     c6_untitled.obj
 0003:0000f617       $SG23234                   000000018005f617     c6_untitled.obj
 0003:0000f618       $SG23238                   000000018005f618     c6_untitled.obj
 0003:0000f619       $SG23242                   000000018005f619     c6_untitled.obj
 0003:0000f61a       $SG23246                   000000018005f61a     c6_untitled.obj
 0003:0000f61b       $SG23250                   000000018005f61b     c6_untitled.obj
 0003:0000f61c       $SG23254                   000000018005f61c     c6_untitled.obj
 0003:0000f61d       $SG23556                   000000018005f61d     c6_untitled.obj
 0003:0000f61e       $SG25594                   000000018005f61e     c6_untitled.obj
 0003:0000f61f       $SG25595                   000000018005f61f     c6_untitled.obj
 0003:0000f620       _sfTime_                   000000018005f620     c6_untitled.obj
 0003:0000f628       $SG25727                   000000018005f628     c6_untitled.obj
 0003:0000f630       ?newstr@?1??sf_c6_untitled_get_post_codegen_info@@9@9 000000018005f630     c6_untitled.obj
 0003:0000fc18       sfGlobalMdlStartCallCounts 000000018005fc18     untitled_sfun_registry.obj
 0003:0000fc1c       $SG24148                   000000018005fc1c     untitled_sfun_registry.obj
 0003:0000fc1e       ?warningGuard@?1??ssGetRootSS@@9@9 000000018005fc1e     untitled_sfun_registry.obj
 0003:0000fc1f       ?warningGuard@?1??ssGetParentSS@@9@9 000000018005fc1f     untitled_sfun_registry.obj
 0003:0000fc20       GS_ExceptionRecord         000000018005fc20     MSVCRT:gs_report.obj
 0003:0000fcc0       GS_ContextRecord           000000018005fcc0     MSVCRT:gs_report.obj
 0003:00010190       ?__proc_attached@@3HA      0000000180060190     MSVCRT:dll_dllmain.obj
 0003:000101d0       ?is_initialized_as_dll@@3_NA 00000001800601d0     MSVCRT:utility.obj
 0003:000101d1       ?module_local_atexit_table_initialized@@3_NA 00000001800601d1     MSVCRT:utility.obj
 0003:000101d8       ?module_local_atexit_table@@3U_onexit_table_t@@A 00000001800601d8     MSVCRT:utility.obj
 0003:000101f0       ?module_local_at_quick_exit_table@@3U_onexit_table_t@@A 00000001800601f0     MSVCRT:utility.obj
