 untitled_sfun

 Timestamp is 6a0705f7 (Fri May 15 19:39:35 2026)

 Preferred load address is 0000000180000000

 Start         Length     Name                   Class
 0001:00000000 00033d40H .text$mn                CODE
 0001:00033d40 00000036H .text$mn$00             CODE
 0001:00033d76 00000092H .text$x                 CODE
 0002:00000000 00000548H .idata$5                DATA
 0002:00000548 00000038H .00cfg                  DATA
 0002:00000580 00000008H .CRT$XCA                DATA
 0002:00000588 00000008H .CRT$XCZ                DATA
 0002:00000590 00000008H .CRT$XIA                DATA
 0002:00000598 00000008H .CRT$XIZ                DATA
 0002:000005a0 00000008H .CRT$XPA                DATA
 0002:000005a8 00000008H .CRT$XPZ                DATA
 0002:000005b0 00000008H .CRT$XTA                DATA
 0002:000005b8 00000008H .CRT$XTZ                DATA
 0002:000005c0 00000000H .gehcont$y              DATA
 0002:000005c0 00000000H .gfids$y                DATA
 0002:000005c0 00000340H .rdata                  DATA
 0002:00000900 00000080H .rdata$CastGuardVftablesA DATA
 0002:00000980 00000080H .rdata$CastGuardVftablesC DATA
 0002:00000a00 000001d8H .rdata$voltmd           DATA
 0002:00000bd8 00000278H .rdata$zzzdbg           DATA
 0002:00000e50 00000008H .rtc$IAA                DATA
 0002:00000e58 00000008H .rtc$IZZ                DATA
 0002:00000e60 00000008H .rtc$TAA                DATA
 0002:00000e68 00000008H .rtc$TZZ                DATA
 0002:00000e70 00001130H .xdata                  DATA
 0002:00001fa0 00000078H .edata                  DATA
 0002:00002018 0000012cH .idata$2                DATA
 0002:00002144 00000014H .idata$3                DATA
 0002:00002158 00000548H .idata$4                DATA
 0002:000026a0 00000ddcH .idata$6                DATA
 0003:00000000 00006a90H .data                   DATA
 0003:00006a90 00000bd8H .bss                    DATA
 0004:00000000 00001554H .pdata                  DATA

  Address         Publics by Value              Rva+Base               Lib:Object

 0000:00000000       __AbsoluteZero             0000000000000000     <absolute>
 0000:00000000       ___safe_se_handler_count   0000000000000000     <absolute>
 0000:00000000       ___safe_se_handler_table   0000000000000000     <absolute>
 0000:00000000       __arm64x_extra_rfe_table   0000000000000000     <absolute>
 0000:00000000       __arm64x_extra_rfe_table_size 0000000000000000     <absolute>
 0000:00000000       __arm64x_native_entrypoint 0000000000000000     <absolute>
 0000:00000000       __arm64x_redirection_metadata 0000000000000000     <absolute>
 0000:00000000       __arm64x_redirection_metadata_count 0000000000000000     <absolute>
 0000:00000000       __dynamic_value_reloc_table 0000000000000000     <absolute>
 0000:00000000       __enclave_config           0000000000000000     <absolute>
 0000:00000000       __guard_check_icall_a64n_fptr 0000000000000000     <absolute>
 0000:00000000       __guard_eh_cont_count      0000000000000000     <absolute>
 0000:00000000       __guard_eh_cont_table      0000000000000000     <absolute>
 0000:00000000       __guard_fids_count         0000000000000000     <absolute>
 0000:00000000       __guard_fids_table         0000000000000000     <absolute>
 0000:00000000       __guard_iat_count          0000000000000000     <absolute>
 0000:00000000       __guard_iat_table          0000000000000000     <absolute>
 0000:00000000       __guard_longjmp_count      0000000000000000     <absolute>
 0000:00000000       __guard_longjmp_table      0000000000000000     <absolute>
 0000:00000000       __hybrid_auxiliary_delayload_iat 0000000000000000     <absolute>
 0000:00000000       __hybrid_auxiliary_delayload_iat_copy 0000000000000000     <absolute>
 0000:00000000       __hybrid_auxiliary_iat     0000000000000000     <absolute>
 0000:00000000       __hybrid_auxiliary_iat_copy 0000000000000000     <absolute>
 0000:00000000       __hybrid_code_map          0000000000000000     <absolute>
 0000:00000000       __hybrid_code_map_count    0000000000000000     <absolute>
 0000:00000000       __hybrid_image_info_bitfield 0000000000000000     <absolute>
 0000:00000000       __x64_code_ranges_to_entry_points 0000000000000000     <absolute>
 0000:00000000       __x64_code_ranges_to_entry_points_count 0000000000000000     <absolute>
 0000:00000100       __guard_flags              0000000000000100     <absolute>
 0000:00000000       __ImageBase                0000000180000000     <linker-defined>
 0001:00000000       untitled_initializer       0000000180001000 f   untitled_sfun.obj
 0001:00000010       untitled_terminator        0000000180001010 f   untitled_sfun.obj
 0001:00000020       load_untitled_optimization_info 0000000180001020 f   untitled_sfun.obj
 0001:000000d0       unload_untitled_optimization_info 00000001800010d0 f   untitled_sfun.obj
 0001:00000100       sf_untitled_method_dispatcher 0000000180001100 f   untitled_sfun.obj
 0001:00000150       sf_untitled_process_check_sum_call 0000000180001150 f   untitled_sfun.obj
 0001:00000650       sf_untitled_get_eml_resolved_functions_info 0000000180001650 f   untitled_sfun.obj
 0001:00000840       sf_untitled_third_party_uses_info 0000000180001840 f   untitled_sfun.obj
 0001:00000a10       sf_untitled_jit_fallback_info 0000000180001a10 f   untitled_sfun.obj
 0001:00000be0       sf_untitled_get_post_codegen_info 0000000180001be0 f   untitled_sfun.obj
 0001:00000dc0       sf_untitled_updateBuildInfo_args_info 0000000180001dc0 f   untitled_sfun.obj
 0001:00000f90       sf_c4_untitled_get_eml_resolved_functions_info 0000000180001f90 f   c4_untitled.obj
 0001:00001010       sf_c4_untitled_get_check_sum 0000000180002010 f   c4_untitled.obj
 0001:000010e0       c4_untitled_method_dispatcher 00000001800020e0 f   c4_untitled.obj
 0001:0000c260       sf_c4_untitled_third_party_uses_info 000000018000d260 f   c4_untitled.obj
 0001:0000c2b0       sf_c4_untitled_jit_fallback_info 000000018000d2b0 f   c4_untitled.obj
 0001:0000c440       sf_c4_untitled_updateBuildInfo_args_info 000000018000d440 f   c4_untitled.obj
 0001:0000c770       sf_c4_untitled_get_post_codegen_info 000000018000d770 f   c4_untitled.obj
 0001:0000cc50       mexFunction                000000018000dc50 f   untitled_sfun_registry.obj
 0001:0000f590       _ssSetInputPortDirectFeedThroughFcn 0000000180010590 f   untitled_sfun_registry.obj
 0001:0000f700       _ssSetRWorkValueFcn        0000000180010700 f   untitled_sfun_registry.obj
 0001:0000f780       _ssGetRWorkValueFcn        0000000180010780 f   untitled_sfun_registry.obj
 0001:0000f7f0       _ssSetIWorkValueFcn        00000001800107f0 f   untitled_sfun_registry.obj
 0001:0000f870       _ssGetIWorkValueFcn        0000000180010870 f   untitled_sfun_registry.obj
 0001:0000f8e0       _ssSetPWorkValueFcn        00000001800108e0 f   untitled_sfun_registry.obj
 0001:0000f960       _ssGetPWorkValueFcn        0000000180010960 f   untitled_sfun_registry.obj
 0001:0000f9d0       _ssGetInputPortSignalFcn   00000001800109d0 f   untitled_sfun_registry.obj
 0001:0000fd60       _ssGetInputPortBufferDstPortFcn 0000000180010d60 f   untitled_sfun_registry.obj
 0001:0000fde0       _ssGetInputPortSignalPtrsFcn 0000000180010de0 f   untitled_sfun_registry.obj
 0001:00010170       ssGetParameterTuningCompliance 0000000180011170 f   untitled_sfun_registry.obj
 0001:000101e0       _ssReadInputStringFcn      00000001800111e0 f   untitled_sfun_registry.obj
 0001:00010250       ssGetDTypeIdFromMxArray    0000000180011250 f   untitled_sfun_registry.obj
 0001:00010370       ssWriteRTWMx2dMatParam     0000000180011370 f   untitled_sfun_registry.obj
 0001:00010400       ssWriteRTWMxVectParam      0000000180011400 f   untitled_sfun_registry.obj
 0001:00010480       ssWriteRTWParameters       0000000180011480 f   untitled_sfun_registry.obj
 0001:00010a40       ssWriteRTWParamSettings    0000000180011a40 f   untitled_sfun_registry.obj
 0001:00011130       ssWriteRTWStr              0000000180012130 f   untitled_sfun_registry.obj
 0001:00011190       ssWriteRTWWorkVect         0000000180012190 f   untitled_sfun_registry.obj
 0001:000116f0       ssWarning                  00000001800126f0 f   untitled_sfun_registry.obj
 0001:000117e0       ssGetRootSS                00000001800127e0 f   untitled_sfun_registry.obj
 0001:000118a0       ssGetParentSS              00000001800128a0 f   untitled_sfun_registry.obj
 0001:00011960       ssWriteRTWNameValuePair    0000000180012960 f   untitled_sfun_registry.obj
 0001:00011e60       _ssSetInputPortMatrixDimensions 0000000180012e60 f   untitled_sfun_registry.obj
 0001:00011fb0       _ssSetOutputPortMatrixDimensions 0000000180012fb0 f   untitled_sfun_registry.obj
 0001:00012100       _ssSetInputPortVectorDimension 0000000180013100 f   untitled_sfun_registry.obj
 0001:000121b0       _ssSetOutputPortVectorDimension 00000001800131b0 f   untitled_sfun_registry.obj
 0001:00012260       ssIsRunTimeParamTunable    0000000180013260 f   untitled_sfun_registry.obj
 0001:000122d0       ssGetSFuncBlockHandle      00000001800132d0 f   untitled_sfun_registry.obj
 0001:00012340       _ssGetCallSystemNumFcnCallDestinations 0000000180013340 f   untitled_sfun_registry.obj
 0001:000123b0       _ssGetCurrentInputPortWidth 00000001800133b0 f   untitled_sfun_registry.obj
 0001:000124f0       _ssGetCurrentOutputPortWidth 00000001800134f0 f   untitled_sfun_registry.obj
 0001:00012630       ssGetIsZeroCrossControlDisabled 0000000180013630 f   untitled_sfun_registry.obj
 0001:000126a0       ssSetIsInputPortUsedForContZcSignal 00000001800136a0 f   untitled_sfun_registry.obj
 0001:00012710       ssSetZcSignalIsZcElementDisc 0000000180013710 f   untitled_sfun_registry.obj
 0001:000127c0       ssSetZcSignalName          00000001800137c0 f   untitled_sfun_registry.obj
 0001:00012830       ssSetZcSignalWidth         0000000180013830 f   untitled_sfun_registry.obj
 0001:000128a0       ssSetZcSignalZcEventType   00000001800138a0 f   untitled_sfun_registry.obj
 0001:00012910       ssSetZcSignalType          0000000180013910 f   untitled_sfun_registry.obj
 0001:00012980       ssSetZcSignalZcTol         0000000180013980 f   untitled_sfun_registry.obj
 0001:000129f0       ssSetZcSignalNeedsEventNotification 00000001800139f0 f   untitled_sfun_registry.obj
 0001:00012a60       ssCreateAndAddZcSignalInfo 0000000180013a60 f   untitled_sfun_registry.obj
 0001:00012ad0       ssCloneAndAddZcSignalInfo  0000000180013ad0 f   untitled_sfun_registry.obj
 0001:00012b40       ssGetNumZcSignals          0000000180013b40 f   untitled_sfun_registry.obj
 0001:00012bb0       ssGetZcSignalVector        0000000180013bb0 f   untitled_sfun_registry.obj
 0001:00012c20       ssGetZcSignalName          0000000180013c20 f   untitled_sfun_registry.obj
 0001:00012c90       ssGetZcSignalWidth         0000000180013c90 f   untitled_sfun_registry.obj
 0001:00012d00       ssGetZcSignalZcEventType   0000000180013d00 f   untitled_sfun_registry.obj
 0001:00012d70       ssGetZcSignalZcEvents      0000000180013d70 f   untitled_sfun_registry.obj
 0001:00012de0       ssGetZcSignalType          0000000180013de0 f   untitled_sfun_registry.obj
 0001:00012e50       ssGetZcSignalZcTol         0000000180013e50 f   untitled_sfun_registry.obj
 0001:00012ed0       ssGetZcSignalNeedsEventNotification 0000000180013ed0 f   untitled_sfun_registry.obj
 0001:00012f40       ssGetZcSignalIsZcElementDisc 0000000180013f40 f   untitled_sfun_registry.obj
 0001:00012fe0       ssGetIsInputPortElementContinuous 0000000180013fe0 f   untitled_sfun_registry.obj
 0001:00013080       _ssGetAbsTol               0000000180014080 f   untitled_sfun_registry.obj
 0001:000130f0       _ssSetStateAbsTol          00000001800140f0 f   untitled_sfun_registry.obj
 0001:000131d0       _ssSetInputPortReusableFcn 00000001800141d0 f   untitled_sfun_registry.obj
 0001:000132d0       _ssSetOutputPortReusableFcn 00000001800142d0 f   untitled_sfun_registry.obj
 0001:000133d0       _ssSetSymbolicDimsSupport  00000001800143d0 f   untitled_sfun_registry.obj
 0001:00013440       _ssRegisterSymbolicDimsExpr 0000000180014440 f   untitled_sfun_registry.obj
 0001:000134c0       _ssRegisterSymbolicDimsMATLABExpr 00000001800144c0 f   untitled_sfun_registry.obj
 0001:00013550       _ssRegisterSymbolicDims    0000000180014550 f   untitled_sfun_registry.obj
 0001:000135f0       _ssRegisterSymbolicDimsString 00000001800145f0 f   untitled_sfun_registry.obj
 0001:00013670       _ssRegisterSymbolicDimsIntValue 0000000180014670 f   untitled_sfun_registry.obj
 0001:000136e0       _ssRegisterSymbolicEqualRelation 00000001800146e0 f   untitled_sfun_registry.obj
 0001:00013750       _ssRegisterSymbolicEqualValue 0000000180014750 f   untitled_sfun_registry.obj
 0001:000137c0       _ssAmendLeadingSymbolicDims 00000001800147c0 f   untitled_sfun_registry.obj
 0001:00013840       _ssAmendTrailingSymbolicDims 0000000180014840 f   untitled_sfun_registry.obj
 0001:000138c0       _ssRegisterSymbolicDimsPlus 00000001800148c0 f   untitled_sfun_registry.obj
 0001:00013940       _ssRegisterSymbolicDimsMinus 0000000180014940 f   untitled_sfun_registry.obj
 0001:000139c0       _ssRegisterSymbolicDimsMultiply 00000001800149c0 f   untitled_sfun_registry.obj
 0001:00013a40       _ssRegisterSymbolicDimsDivide 0000000180014a40 f   untitled_sfun_registry.obj
 0001:00013ac0       _ssGetNumSymbolicDims      0000000180014ac0 f   untitled_sfun_registry.obj
 0001:00013b30       _ssGetSymbolicDim          0000000180014b30 f   untitled_sfun_registry.obj
 0001:00013bb0       _ssSetInputPortSymbolicDimsId 0000000180014bb0 f   untitled_sfun_registry.obj
 0001:00013c20       _ssGetCompInputPortSymbolicDimsId 0000000180014c20 f   untitled_sfun_registry.obj
 0001:00013c90       _ssSetCompInputPortSymbolicDimsId 0000000180014c90 f   untitled_sfun_registry.obj
 0001:00013d00       _ssSetOutputPortSymbolicDimsId 0000000180014d00 f   untitled_sfun_registry.obj
 0001:00013d70       _ssGetCompOutputPortSymbolicDimsId 0000000180014d70 f   untitled_sfun_registry.obj
 0001:00013de0       _ssSetCompOutputPortSymbolicDimsId 0000000180014de0 f   untitled_sfun_registry.obj
 0001:00013e50       _ssGetDWorkSymbolicDimsId  0000000180014e50 f   untitled_sfun_registry.obj
 0001:00013ec0       _ssSetDWorkSymbolicDimsId  0000000180014ec0 f   untitled_sfun_registry.obj
 0001:00013f30       _ssGetCompDWorkSymbolicDimsId 0000000180014f30 f   untitled_sfun_registry.obj
 0001:00013fa0       _ssSetCompDWorkSymbolicDimsId 0000000180014fa0 f   untitled_sfun_registry.obj
 0001:00014010       _ssCreateSLCGStringBuffer  0000000180015010 f   untitled_sfun_registry.obj
 0001:00014080       _ssAddToSLCGStringBuffer   0000000180015080 f   untitled_sfun_registry.obj
 0001:000140f0       _ssGetPointerContainedData 00000001800150f0 f   untitled_sfun_registry.obj
 0001:00014180       _ssGetPointerContainedDataWidth 0000000180015180 f   untitled_sfun_registry.obj
 0001:00014210       _ssRegisterDynamicArrayDataTypeFcn 0000000180015210 f   untitled_sfun_registry.obj
 0001:000142b0       _ssGetDynamicArrayContainedDataCurrentWidthFcn 00000001800152b0 f   untitled_sfun_registry.obj
 0001:00014380       _ssGetDynamicArrayContainedDataFcn 0000000180015380 f   untitled_sfun_registry.obj
 0001:00014450       _ssGetInputPortDynamicArrayDataFcn 0000000180015450 f   untitled_sfun_registry.obj
 0001:00014510       _ssGetOutputPortDynamicArrayDataFcn 0000000180015510 f   untitled_sfun_registry.obj
 0001:000145d0       _ssGetInputPortDynamicArrayContainedDataFcn 00000001800155d0 f   untitled_sfun_registry.obj
 0001:00014690       _ssGetOutputPortDynamicArrayContainedDataFcn 0000000180015690 f   untitled_sfun_registry.obj
 0001:00014750       _ssGetDynamicArrayDWorkContainedDataFcn 0000000180015750 f   untitled_sfun_registry.obj
 0001:00014810       sf_process_check_sum_call  0000000180015810 f   untitled_sfun_registry.obj
 0001:00014860       sf_process_get_third_party_uses_info_call 0000000180015860 f   untitled_sfun_registry.obj
 0001:00014a90       sf_process_get_jit_fallback_info_call 0000000180015a90 f   untitled_sfun_registry.obj
 0001:00014cc0       sf_process_get_post_codegen_info_call 0000000180015cc0 f   untitled_sfun_registry.obj
 0001:00014ef0       sf_process_get_updateBuildInfo_args_info_call 0000000180015ef0 f   untitled_sfun_registry.obj
 0001:00015120       sf_process_get_eml_resolved_functions_info_call 0000000180016120 f   untitled_sfun_registry.obj
 0001:00015350       sf_mex_unlock_call         0000000180016350 f   untitled_sfun_registry.obj
 0001:00015570       sf_machine_global_initializer_called 0000000180016570 f   untitled_sfun_registry.obj
 0001:000155a0       sf_machine_global_method_dispatcher 00000001800165a0 f   untitled_sfun_registry.obj
 0001:00015600       sf_machine_global_terminator 0000000180016600 f   untitled_sfun_registry.obj
 0001:00015640       callCustomFcn              0000000180016640 f   untitled_sfun_registry.obj
 0001:00015650       sf_machine_global_initializer 0000000180016650 f   untitled_sfun_registry.obj
 0001:00015680       mdlGetSimState             0000000180016680 f   untitled_sfun_registry.obj
 0001:000156c0       mdlSetSimState             00000001800166c0 f   untitled_sfun_registry.obj
 0001:00016070       ProcessMexSfunctionEveryCall 0000000180017070 f   untitled_sfun_registry.obj
 0001:00017200       __local_stdio_printf_options 0000000180018200 f i untitled_sfun_registry.obj
 0001:00017210       _vsnprintf_l               0000000180018210 f i untitled_sfun_registry.obj
 0001:00017290       _vsprintf_l                0000000180018290 f i untitled_sfun_registry.obj
 0001:000172e0       sprintf                    00000001800182e0 f i untitled_sfun_registry.obj
 0001:00017330       mexfilerequiredapiversion  0000000180018330 f   c_mexapi_version.obj
 0001:00017360       cs_di_add                  0000000180018360 f   cs_ri_bundle.obj
 0001:00017710       cs_di_cholsol              0000000180018710 f   cs_ri_bundle.obj
 0001:00017850       cs_di_dupl                 0000000180018850 f   cs_ri_bundle.obj
 0001:00017a80       cs_di_entry                0000000180018a80 f   cs_ri_bundle.obj
 0001:00017be0       cs_di_lusol                0000000180018be0 f   cs_ri_bundle.obj
 0001:00017d30       cs_di_gaxpy                0000000180018d30 f   cs_ri_bundle.obj
 0001:00017e70       cs_di_multiply             0000000180018e70 f   cs_ri_bundle.obj
 0001:000182a0       cs_di_qrsol                00000001800192a0 f   cs_ri_bundle.obj
 0001:000185f0       cs_di_transpose            00000001800195f0 f   cs_ri_bundle.obj
 0001:000188e0       cs_di_compress             00000001800198e0 f   cs_ri_bundle.obj
 0001:00018b60       cs_di_norm                 0000000180019b60 f   cs_ri_bundle.obj
 0001:00018ca0       cs_di_print                0000000180019ca0 f   cs_ri_bundle.obj
 0001:00019070       cs_di_load                 000000018001a070 f   cs_ri_bundle.obj
 0001:00019120       cs_di_calloc               000000018001a120 f   cs_ri_bundle.obj
 0001:00019170       cs_di_free                 000000018001a170 f   cs_ri_bundle.obj
 0001:000191a0       cs_di_realloc              000000018001a1a0 f   cs_ri_bundle.obj
 0001:00019250       cs_di_spalloc              000000018001a250 f   cs_ri_bundle.obj
 0001:000193d0       cs_di_spfree               000000018001a3d0 f   cs_ri_bundle.obj
 0001:00019430       cs_di_sprealloc            000000018001a430 f   cs_ri_bundle.obj
 0001:000195b0       cs_di_malloc               000000018001a5b0 f   cs_ri_bundle.obj
 0001:00019600       cs_di_amd                  000000018001a600 f   cs_ri_bundle.obj
 0001:0001b230       cs_di_chol                 000000018001c230 f   cs_ri_bundle.obj
 0001:0001b8c0       cs_di_dmperm               000000018001c8c0 f   cs_ri_bundle.obj
 0001:0001c290       cs_di_droptol              000000018001d290 f   cs_ri_bundle.obj
 0001:0001c2c0       cs_di_dropzeros            000000018001d2c0 f   cs_ri_bundle.obj
 0001:0001c2f0       cs_di_happly               000000018001d2f0 f   cs_ri_bundle.obj
 0001:0001c490       cs_di_ipvec                000000018001d490 f   cs_ri_bundle.obj
 0001:0001c530       cs_di_lsolve               000000018001d530 f   cs_ri_bundle.obj
 0001:0001c6a0       cs_di_ltsolve              000000018001d6a0 f   cs_ri_bundle.obj
 0001:0001c810       cs_di_lu                   000000018001d810 f   cs_ri_bundle.obj
 0001:0001d020       cs_di_permute              000000018001e020 f   cs_ri_bundle.obj
 0001:0001d2c0       cs_di_pinv                 000000018001e2c0 f   cs_ri_bundle.obj
 0001:0001d350       cs_di_pvec                 000000018001e350 f   cs_ri_bundle.obj
 0001:0001d3f0       cs_di_qr                   000000018001e3f0 f   cs_ri_bundle.obj
 0001:0001dc20       cs_di_schol                000000018001ec20 f   cs_ri_bundle.obj
 0001:0001ddf0       cs_di_sqr                  000000018001edf0 f   cs_ri_bundle.obj
 0001:0001e070       cs_di_symperm              000000018001f070 f   cs_ri_bundle.obj
 0001:0001e4f0       cs_di_usolve               000000018001f4f0 f   cs_ri_bundle.obj
 0001:0001e660       cs_di_utsolve              000000018001f660 f   cs_ri_bundle.obj
 0001:0001e7d0       cs_di_updown               000000018001f7d0 f   cs_ri_bundle.obj
 0001:0001edf0       cs_di_sfree                000000018001fdf0 f   cs_ri_bundle.obj
 0001:0001ee60       cs_di_nfree                000000018001fe60 f   cs_ri_bundle.obj
 0001:0001eed0       cs_di_dfree                000000018001fed0 f   cs_ri_bundle.obj
 0001:0001ef40       cs_di_counts               000000018001ff40 f   cs_ri_bundle.obj
 0001:0001f520       cs_di_cumsum               0000000180020520 f   cs_ri_bundle.obj
 0001:0001f610       cs_di_dfs                  0000000180020610 f   cs_ri_bundle.obj
 0001:0001f890       cs_di_etree                0000000180020890 f   cs_ri_bundle.obj
 0001:0001fb30       cs_di_fkeep                0000000180020b30 f   cs_ri_bundle.obj
 0001:0001fcf0       cs_di_house                0000000180020cf0 f   cs_ri_bundle.obj
 0001:0001fee0       cs_di_maxtrans             0000000180020ee0 f   cs_ri_bundle.obj
 0001:00020670       cs_di_post                 0000000180021670 f   cs_ri_bundle.obj
 0001:00020840       cs_di_scc                  0000000180021840 f   cs_ri_bundle.obj
 0001:00020c80       cs_di_scatter              0000000180021c80 f   cs_ri_bundle.obj
 0001:00020e50       cs_di_tdfs                 0000000180021e50 f   cs_ri_bundle.obj
 0001:00020f50       cs_di_leaf                 0000000180021f50 f   cs_ri_bundle.obj
 0001:000210c0       cs_di_reach                00000001800220c0 f   cs_ri_bundle.obj
 0001:00021260       cs_di_spsolve              0000000180022260 f   cs_ri_bundle.obj
 0001:00021620       cs_di_ereach               0000000180022620 f   cs_ri_bundle.obj
 0001:00021830       cs_di_randperm             0000000180022830 f   cs_ri_bundle.obj
 0001:00021960       cs_di_dalloc               0000000180022960 f   cs_ri_bundle.obj
 0001:00021a50       cs_di_done                 0000000180022a50 f   cs_ri_bundle.obj
 0001:00021ab0       cs_di_idone                0000000180022ab0 f   cs_ri_bundle.obj
 0001:00021b10       cs_di_ndone                0000000180022b10 f   cs_ri_bundle.obj
 0001:00021b80       cs_di_ddone                0000000180022b80 f   cs_ri_bundle.obj
 0001:00021be0       cs_di_divcc                0000000180022be0 f   cs_ri_bundle.obj
 0001:00021c00       cs_di_mulcc                0000000180022c00 f   cs_ri_bundle.obj
 0001:00021c20       cs_di_subcc                0000000180022c20 f   cs_ri_bundle.obj
 0001:00021c40       cs_di_pluscc               0000000180022c40 f   cs_ri_bundle.obj
 0001:00021c60       cs_di_equalcc              0000000180022c60 f   cs_ri_bundle.obj
 0001:00021ca0       cs_di_createFromDouble     0000000180022ca0 f   cs_ri_bundle.obj
 0001:00021cc0       cs_di_sqrt                 0000000180022cc0 f   cs_ri_bundle.obj
 0001:00021ce0       cs_di_flipSign             0000000180022ce0 f   cs_ri_bundle.obj
 0001:00021d00       cs_di_muldc                0000000180022d00 f   cs_ri_bundle.obj
 0001:00022c50       __local_stdio_scanf_options 0000000180023c50 f i cs_ri_bundle.obj
 0001:00022c60       _vfscanf_l                 0000000180023c60 f i cs_ri_bundle.obj
 0001:00022cb0       fscanf                     0000000180023cb0 f i cs_ri_bundle.obj
 0001:00022d00       cs_ci_add                  0000000180023d00 f   cs_ci_bundle.obj
 0001:00023100       cs_ci_cholsol              0000000180024100 f   cs_ci_bundle.obj
 0001:00023240       cs_ci_dupl                 0000000180024240 f   cs_ci_bundle.obj
 0001:000234f0       cs_ci_entry                00000001800244f0 f   cs_ci_bundle.obj
 0001:00023660       cs_ci_lusol                0000000180024660 f   cs_ci_bundle.obj
 0001:000237b0       cs_ci_gaxpy                00000001800247b0 f   cs_ci_bundle.obj
 0001:000239a0       cs_ci_multiply             00000001800249a0 f   cs_ci_bundle.obj
 0001:00023e20       cs_ci_qrsol                0000000180024e20 f   cs_ci_bundle.obj
 0001:00024170       cs_ci_transpose            0000000180025170 f   cs_ci_bundle.obj
 0001:000244a0       cs_ci_compress             00000001800254a0 f   cs_ci_bundle.obj
 0001:00024730       cs_ci_norm                 0000000180025730 f   cs_ci_bundle.obj
 0001:000248a0       cs_ci_print                00000001800258a0 f   cs_ci_bundle.obj
 0001:00024d70       cs_ci_load                 0000000180025d70 f   cs_ci_bundle.obj
 0001:00024e60       cs_ci_calloc               0000000180025e60 f   cs_ci_bundle.obj
 0001:00024eb0       cs_ci_free                 0000000180025eb0 f   cs_ci_bundle.obj
 0001:00024ee0       cs_ci_realloc              0000000180025ee0 f   cs_ci_bundle.obj
 0001:00024f90       cs_ci_spalloc              0000000180025f90 f   cs_ci_bundle.obj
 0001:00025110       cs_ci_spfree               0000000180026110 f   cs_ci_bundle.obj
 0001:00025170       cs_ci_sprealloc            0000000180026170 f   cs_ci_bundle.obj
 0001:000252f0       cs_ci_malloc               00000001800262f0 f   cs_ci_bundle.obj
 0001:00025340       cs_ci_amd                  0000000180026340 f   cs_ci_bundle.obj
 0001:00026fa0       cs_ci_chol                 0000000180027fa0 f   cs_ci_bundle.obj
 0001:00027910       cs_ci_dmperm               0000000180028910 f   cs_ci_bundle.obj
 0001:000282e0       cs_ci_droptol              00000001800292e0 f   cs_ci_bundle.obj
 0001:00028310       cs_ci_dropzeros            0000000180029310 f   cs_ci_bundle.obj
 0001:00028340       cs_ci_happly               0000000180029340 f   cs_ci_bundle.obj
 0001:000286f0       cs_ci_ipvec                00000001800296f0 f   cs_ci_bundle.obj
 0001:000287a0       cs_ci_lsolve               00000001800297a0 f   cs_ci_bundle.obj
 0001:00028a10       cs_ci_ltsolve              0000000180029a10 f   cs_ci_bundle.obj
 0001:00028cd0       cs_ci_lu                   0000000180029cd0 f   cs_ci_bundle.obj
 0001:00029600       cs_ci_permute              000000018002a600 f   cs_ci_bundle.obj
 0001:000298b0       cs_ci_pinv                 000000018002a8b0 f   cs_ci_bundle.obj
 0001:00029940       cs_ci_pvec                 000000018002a940 f   cs_ci_bundle.obj
 0001:000299f0       cs_ci_qr                   000000018002a9f0 f   cs_ci_bundle.obj
 0001:0002a2e0       cs_ci_schol                000000018002b2e0 f   cs_ci_bundle.obj
 0001:0002a4b0       cs_ci_sqr                  000000018002b4b0 f   cs_ci_bundle.obj
 0001:0002a730       cs_ci_symperm              000000018002b730 f   cs_ci_bundle.obj
 0001:0002abf0       cs_ci_usolve               000000018002bbf0 f   cs_ci_bundle.obj
 0001:0002ae60       cs_ci_utsolve              000000018002be60 f   cs_ci_bundle.obj
 0001:0002b120       cs_ci_updown               000000018002c120 f   cs_ci_bundle.obj
 0001:0002bce0       cs_ci_sfree                000000018002cce0 f   cs_ci_bundle.obj
 0001:0002bd50       cs_ci_nfree                000000018002cd50 f   cs_ci_bundle.obj
 0001:0002bdc0       cs_ci_dfree                000000018002cdc0 f   cs_ci_bundle.obj
 0001:0002be30       cs_ci_counts               000000018002ce30 f   cs_ci_bundle.obj
 0001:0002c410       cs_ci_cumsum               000000018002d410 f   cs_ci_bundle.obj
 0001:0002c500       cs_ci_dfs                  000000018002d500 f   cs_ci_bundle.obj
 0001:0002c780       cs_ci_etree                000000018002d780 f   cs_ci_bundle.obj
 0001:0002ca20       cs_ci_fkeep                000000018002da20 f   cs_ci_bundle.obj
 0001:0002cc30       cs_ci_house                000000018002dc30 f   cs_ci_bundle.obj
 0001:0002d1e0       cs_ci_maxtrans             000000018002e1e0 f   cs_ci_bundle.obj
 0001:0002d970       cs_ci_post                 000000018002e970 f   cs_ci_bundle.obj
 0001:0002db40       cs_ci_scc                  000000018002eb40 f   cs_ci_bundle.obj
 0001:0002df80       cs_ci_scatter              000000018002ef80 f   cs_ci_bundle.obj
 0001:0002e250       cs_ci_tdfs                 000000018002f250 f   cs_ci_bundle.obj
 0001:0002e350       cs_ci_leaf                 000000018002f350 f   cs_ci_bundle.obj
 0001:0002e4c0       cs_ci_reach                000000018002f4c0 f   cs_ci_bundle.obj
 0001:0002e660       cs_ci_spsolve              000000018002f660 f   cs_ci_bundle.obj
 0001:0002eb30       cs_ci_ereach               000000018002fb30 f   cs_ci_bundle.obj
 0001:0002ed40       cs_ci_randperm             000000018002fd40 f   cs_ci_bundle.obj
 0001:0002ee70       cs_ci_dalloc               000000018002fe70 f   cs_ci_bundle.obj
 0001:0002ef60       cs_ci_done                 000000018002ff60 f   cs_ci_bundle.obj
 0001:0002efc0       cs_ci_idone                000000018002ffc0 f   cs_ci_bundle.obj
 0001:0002f020       cs_ci_ndone                0000000180030020 f   cs_ci_bundle.obj
 0001:0002f090       cs_ci_ddone                0000000180030090 f   cs_ci_bundle.obj
 0001:0002f0f0       cs_ci_divcc                00000001800300f0 f   cs_ci_bundle.obj
 0001:0002f590       cs_ci_mulcc                0000000180030590 f   cs_ci_bundle.obj
 0001:0002f7a0       cs_ci_subcc                00000001800307a0 f   cs_ci_bundle.obj
 0001:0002f8b0       cs_ci_pluscc               00000001800308b0 f   cs_ci_bundle.obj
 0001:0002f9c0       cs_ci_equalcc              00000001800309c0 f   cs_ci_bundle.obj
 0001:0002fab0       cs_ci_createFromDouble     0000000180030ab0 f   cs_ci_bundle.obj
 0001:0002fb00       cs_ci_sqrt                 0000000180030b00 f   cs_ci_bundle.obj
 0001:0002fb70       cs_ci_flipSign             0000000180030b70 f   cs_ci_bundle.obj
 0001:0002fc20       cs_ci_muldc                0000000180030c20 f   cs_ci_bundle.obj
 0001:00030bf0       solve_from_lu_di           0000000180031bf0 f   solve_from_lu.obj
 0001:00030ca0       solve_from_lu_ci           0000000180031ca0 f   solve_from_lu.obj
 0001:00030d40       solve_from_qr_di           0000000180031d40 f   solve_from_qr.obj
 0001:00030ef0       qr_rank_di                 0000000180031ef0 f   solve_from_qr.obj
 0001:00031140       solve_from_qr_ci           0000000180032140 f   solve_from_qr.obj
 0001:000312f0       qr_rank_ci                 00000001800322f0 f   solve_from_qr.obj
 0001:00031570       makeCXSparseMatrix         0000000180032570 f   makeCXSparseMatrix.obj
 0001:00031680       makeComplexCXSparseMatrix  0000000180032680 f   makeCXSparseMatrix.obj
 0001:00031790       unpackCXSparse_ci          0000000180032790 f   unpackCXStruct.obj
 0001:00031960       getNZmax_ci                0000000180032960 f   unpackCXStruct.obj
 0001:00031980       getNNZ_ci                  0000000180032980 f   unpackCXStruct.obj
 0001:000319b0       getM_ci                    00000001800329b0 f   unpackCXStruct.obj
 0001:000319d0       getN_ci                    00000001800329d0 f   unpackCXStruct.obj
 0001:000319f0       getCholPointer_ci          00000001800329f0 f   unpackCXStruct.obj
 0001:00031a10       unpackCXSparse_di          0000000180032a10 f   unpackCXStruct.obj
 0001:00031b40       getNZmax_di                0000000180032b40 f   unpackCXStruct.obj
 0001:00031b60       getNNZ_di                  0000000180032b60 f   unpackCXStruct.obj
 0001:00031b90       getM_di                    0000000180032b90 f   unpackCXStruct.obj
 0001:00031bb0       getN_di                    0000000180032bb0 f   unpackCXStruct.obj
 0001:00031bd0       getCholPointer_di          0000000180032bd0 f   unpackCXStruct.obj
 0001:00031be0       getBitfieldFromFloat       0000000180032be0 f   half_type.obj
 0001:00031c10       getFloatFromBitfield       0000000180032c10 f   half_type.obj
 0001:00031c40       getBitfieldFromHalf        0000000180032c40 f   half_type.obj
 0001:00031c60       getHalfFromBitfield        0000000180032c60 f   half_type.obj
 0001:00031c90       halfToFloat                0000000180032c90 f   half_type.obj
 0001:00031e10       halfToDouble               0000000180032e10 f   half_type.obj
 0001:00031e40       floatToHalf                0000000180032e40 f   half_type.obj
 0001:000320a0       doubleToHalf               00000001800330a0 f   half_type.obj
 0001:0003238b       sf_load_rtw_optimization_info 000000018003338b f   sf_runtime:sf_runtime.dll
 0001:00032391       sf_mex_decode              0000000180033391 f   sf_runtime:sf_runtime.dll
 0001:00032397       sf_init_ChartRunTimeInfo   0000000180033397 f   sf_runtime:sf_runtime.dll
 0001:0003239d       sf_free_ChartRunTimeInfo   000000018003339d f   sf_runtime:sf_runtime.dll
 0001:000323a3       sf_reset_warnings_ChartRunTimeInfo 00000001800333a3 f   sf_runtime:sf_runtime.dll
 0001:000323a9       sfrtGetEmlrtCtx            00000001800333a9 f   sf_runtime:sf_runtime.dll
 0001:000323af       sfrtGetCovrtInstance       00000001800333af f   sf_runtime:sf_runtime.dll
 0001:000323b5       sf_get_chart_instance_ptr  00000001800333b5 f   sf_runtime:sf_runtime.dll
 0001:000323bb       sfSetAnimationVectors      00000001800333bb f   sf_runtime:sf_runtime.dll
 0001:000323c1       sim_mode_is_rtw_gen        00000001800333c1 f   sf_runtime:sf_runtime.dll
 0001:000323c7       sim_mode_is_external       00000001800333c7 f   sf_runtime:sf_runtime.dll
 0001:000323cd       sf_mex_listen_for_ctrl_c   00000001800333cd f   sf_runtime:sf_runtime.dll
 0001:000323d3       sf_clear_rtw_identifier    00000001800333d3 f   sf_runtime:sf_runtime.dll
 0001:000323d9       sf_get_time                00000001800333d9 f   sf_runtime:sf_runtime.dll
 0001:000323df       sf_set_work_widths         00000001800333df f   sf_runtime:sf_runtime.dll
 0001:000323e5       mdlProcessParamsCommon     00000001800333e5 f   sf_runtime:sf_runtime.dll
 0001:000323eb       sf_mex_call                00000001800333eb f   sf_runtime:sf_runtime.dll
 0001:000323f1       sf_mex_error_message       00000001800333f1 f   sf_runtime:sf_runtime.dll
 0001:000323f7       sf_mex_create              00000001800333f7 f   sf_runtime:sf_runtime.dll
 0001:000323fd       sf_mex_createcellmatrix    00000001800333fd f   sf_runtime:sf_runtime.dll
 0001:00032403       sf_mex_setcell             0000000180033403 f   sf_runtime:sf_runtime.dll
 0001:00032409       sf_mex_getcell             0000000180033409 f   sf_runtime:sf_runtime.dll
 0001:0003240f       sf_mex_assign              000000018003340f f   sf_runtime:sf_runtime.dll
 0001:00032415       sf_mex_dup                 0000000180033415 f   sf_runtime:sf_runtime.dll
 0001:0003241b       sf_mex_destroy             000000018003341b f   sf_runtime:sf_runtime.dll
 0001:00032421       sf_mex_import              0000000180033421 f   sf_runtime:sf_runtime.dll
 0001:00032427       ssGetInputPortSignal_wrapper 0000000180033427 f   sf_runtime:sf_runtime.dll
 0001:0003242d       ssGetOutputPortSignal_wrapper 000000018003342d f   sf_runtime:sf_runtime.dll
 0001:00032433       sf_get_ChartInfoStruct_CodeGen 0000000180033433 f   sf_runtime:sf_runtime.dll
 0001:00032439       sf_get_hasSeparateUpdateOutputs 0000000180033439 f   sf_runtime:sf_runtime.dll
 0001:0003243f       callMdlMethodAndReportError 000000018003343f f   sf_runtime:sf_runtime.dll
 0001:00032445       call_sf_machine_global_method_dispatcher 0000000180033445 f   sf_runtime:sf_runtime.dll
 0001:0003244b       getRuntimeInstanceInfoAsVoid 000000018003344b f   sf_runtime:sf_runtime.dll
 0001:00032451       sf_mex_error_direct_call   0000000180033451 f   sf_runtime:sf_runtime.dll
 0001:00032457       sf_clear_error_manager_info 0000000180033457 f   sf_runtime:sf_runtime.dll
 0001:0003245d       mxIsChar_800               000000018003345d f   libmx:libmx.dll
 0001:00032463       mxGetScalar_800            0000000180033463 f   libmx:libmx.dll
 0001:00032469       mxGetPr_800                0000000180033469 f   libmx:libmx.dll
 0001:0003246f       mxDestroyArray_800         000000018003346f f   libmx:libmx.dll
 0001:00032475       mxCreateDoubleMatrix_800   0000000180033475 f   libmx:libmx.dll
 0001:0003247b       mxGetString_800            000000018003347b f   libmx:libmx.dll
 0001:00032481       mxDuplicateArray_800       0000000180033481 f   libmx:libmx.dll
 0001:00032487       mxSetCell_800              0000000180033487 f   libmx:libmx.dll
 0001:0003248d       mxSetField_800             000000018003348d f   libmx:libmx.dll
 0001:00032493       mxCreateString_800         0000000180033493 f   libmx:libmx.dll
 0001:00032499       mxCreateCellMatrix_800     0000000180033499 f   libmx:libmx.dll
 0001:0003249f       mxCreateStructMatrix_800   000000018003349f f   libmx:libmx.dll
 0001:000324a5       mxGetInf_800               00000001800334a5 f   libmx:libmx.dll
 0001:000324ab       mxGetNaN_800               00000001800334ab f   libmx:libmx.dll
 0001:000324b1       mxCalloc_800               00000001800334b1 f   libmx:libmx.dll
 0001:000324b7       mxGetM_800                 00000001800334b7 f   libmx:libmx.dll
 0001:000324bd       mxGetClassID_800           00000001800334bd f   libmx:libmx.dll
 0001:000324c3       mxIsNumeric_800            00000001800334c3 f   libmx:libmx.dll
 0001:000324c9       mxIsComplex_800            00000001800334c9 f   libmx:libmx.dll
 0001:000324cf       mxGetN_800                 00000001800334cf f   libmx:libmx.dll
 0001:000324d5       mxCreateDoubleScalar_800   00000001800334d5 f   libmx:libmx.dll
 0001:000324db       mxMalloc_800               00000001800334db f   libmx:libmx.dll
 0001:000324e1       mxFree_800                 00000001800334e1 f   libmx:libmx.dll
 0001:000324e7       mxRealloc_800              00000001800334e7 f   libmx:libmx.dll
 0001:000324ed       mexMakeArrayPersistent_800 00000001800334ed f   libmex:libmex.dll
 0001:000324f3       mexErrMsgTxt_800           00000001800334f3 f   libmex:libmex.dll
 0001:000324f9       mexWarnMsgTxt_800          00000001800334f9 f   libmex:libmex.dll
 0001:000324ff       mexCallMATLAB_800          00000001800334ff f   libmex:libmex.dll
 0001:00032505       mexLock_800                0000000180033505 f   libmex:libmex.dll
 0001:0003250b       mexUnlock_800              000000018003350b f   libmex:libmex.dll
 0001:00032511       mexIsLocked_800            0000000180033511 f   libmex:libmex.dll
 0001:00032517       mexPrintf_800              0000000180033517 f   libmex:libmex.dll
 0001:0003251d       utMalloc                   000000018003351d f   libut:libut.dll
 0001:00032523       utFree                     0000000180033523 f   libut:libut.dll
 0001:00032529       muDoubleScalarAbs          0000000180033529 f   libmwmathutil:libmwmathutil.dll
 0001:0003252f       muDoubleScalarFloor        000000018003352f f   libmwmathutil:libmwmathutil.dll
 0001:00032535       muDoubleScalarMax          0000000180033535 f   libmwmathutil:libmwmathutil.dll
 0001:0003253b       muDoubleScalarMin          000000018003353b f   libmwmathutil:libmwmathutil.dll
 0001:00032541       muDoubleScalarIsNaN        0000000180033541 f   libmwmathutil:libmwmathutil.dll
 0001:00032547       muDoubleScalarIsInf        0000000180033547 f   libmwmathutil:libmwmathutil.dll
 0001:0003254d       emlrtLicenseCheckR2022a    000000018003354d f   libemlrt:libemlrt.dll
 0001:00032553       emlrtDynamicBoundsCheckR2012b 0000000180033553 f   libemlrt:libemlrt.dll
 0001:00032559       emlrtSizeMulR2012b         0000000180033559 f   libemlrt:libemlrt.dll
 0001:0003255f       emlrtIntegerCheckR2012b    000000018003355f f   libemlrt:libemlrt.dll
 0001:00032565       emlrtNonNegativeCheckR2012b 0000000180033565 f   libemlrt:libemlrt.dll
 0001:0003256b       emlrtForLoopVectorCheckR2021a 000000018003356b f   libemlrt:libemlrt.dll
 0001:00032571       emlrtMallocMex             0000000180033571 f   libemlrt:libemlrt.dll
 0001:00032577       emlrtFreeMex               0000000180033577 f   libemlrt:libemlrt.dll
 0001:0003257d       emlrtHeapAllocationErrorR2012b 000000018003357d f   libemlrt:libemlrt.dll
 0001:00032583       covrtCreateStateflowInstanceData 0000000180033583 f   libcovrt:libcovrt.dll
 0001:00032589       covrtDeleteStateflowInstanceData 0000000180033589 f   libcovrt:libcovrt.dll
 0001:0003258f       covrtTransInitFcn          000000018003358f f   libcovrt:libcovrt.dll
 0001:00032595       covrtStateInitFcn          0000000180033595 f   libcovrt:libcovrt.dll
 0001:0003259b       covrtChartInitFcn          000000018003359b f   libcovrt:libcovrt.dll
 0001:000325a1       covrtRelationalopUpdateFcn 00000001800335a1 f   libcovrt:libcovrt.dll
 0001:000325a7       covrtSigUpdateFcn          00000001800335a7 f   libcovrt:libcovrt.dll
 0001:000325ad       covrtEmlInitFcn            00000001800335ad f   libcovrt:libcovrt.dll
 0001:000325b3       covrtEmlFcnInitFcn         00000001800335b3 f   libcovrt:libcovrt.dll
 0001:000325b9       covrtEmlIfInitFcn          00000001800335b9 f   libcovrt:libcovrt.dll
 0001:000325bf       covrtEmlForInitFcn         00000001800335bf f   libcovrt:libcovrt.dll
 0001:000325c5       covrtEmlMCDCInitFcn        00000001800335c5 f   libcovrt:libcovrt.dll
 0001:000325cb       covrtEmlRelationalInitFcn  00000001800335cb f   libcovrt:libcovrt.dll
 0001:000325d1       covrtEmlFcnEval            00000001800335d1 f   libcovrt:libcovrt.dll
 0001:000325d7       covrtEmlIfEval             00000001800335d7 f   libcovrt:libcovrt.dll
 0001:000325dd       covrtEmlForEval            00000001800335dd f   libcovrt:libcovrt.dll
 0001:000325e3       covrtEmlCondEval           00000001800335e3 f   libcovrt:libcovrt.dll
 0001:000325e9       covrtEmlMcdcEval           00000001800335e9 f   libcovrt:libcovrt.dll
 0001:000325f0       __raise_securityfailure    00000001800335f0 f   MSVCRT:gs_report.obj
 0001:00032624       __report_gsfailure         0000000180033624 f   MSVCRT:gs_report.obj
 0001:000326f8       __report_rangecheckfailure 00000001800336f8 f   MSVCRT:gs_report.obj
 0001:0003270c       __report_securityfailure   000000018003370c f   MSVCRT:gs_report.obj
 0001:000327ac       __report_securityfailureEx 00000001800337ac f   MSVCRT:gs_report.obj
 0001:000329a0       __GSHandlerCheck           00000001800339a0 f   MSVCRT:gshandler.obj
 0001:000329c0       __GSHandlerCheckCommon     00000001800339c0 f   MSVCRT:gshandler.obj
 0001:00032a30       __security_check_cookie    0000000180033a30 f   MSVCRT:amdsecgs.obj
 0001:00032a60       __chkstk                   0000000180033a60 f   MSVCRT:chkstk.obj
 0001:00032a60       _alloca_probe              0000000180033a60 f   MSVCRT:chkstk.obj
 0001:00032ddc       _CRT_INIT                  0000000180033ddc f   MSVCRT:dll_dllmain.obj
 0001:00032de4       _DllMainCRTStartup         0000000180033de4 f   MSVCRT:dll_dllmain.obj
 0001:00032e90       __security_init_cookie     0000000180033e90 f   MSVCRT:gs_support.obj
 0001:00032f3c       DllMain                    0000000180033f3c f   MSVCRT:dll_dllmain_stub.obj
 0001:00032f60       ?__scrt_initialize_type_info@@YAXXZ 0000000180033f60 f   MSVCRT:tncleanup.obj
 0001:00032f70       ?__scrt_uninitialize_type_info@@YAXXZ 0000000180033f70 f   MSVCRT:tncleanup.obj
 0001:00032f7c       __scrt_initialize_default_local_stdio_options 0000000180033f7c f   MSVCRT:default_local_stdio_options.obj
 0001:00032f98       ?configure_argv@__scrt_narrow_argv_policy@@SAHXZ 0000000180033f98 f i MSVCRT:utility.obj
 0001:00032ff8       ?initialize_environment@__scrt_narrow_environment_policy@@SAHXZ 0000000180033ff8 f i MSVCRT:utility.obj
 0001:00033030       NtCurrentTeb               0000000180034030 f i MSVCRT:utility.obj
 0001:0003303c       __scrt_acquire_startup_lock 000000018003403c f   MSVCRT:utility.obj
 0001:00033078       __scrt_dllmain_after_initialize_c 0000000180034078 f   MSVCRT:utility.obj
 0001:000330ac       __scrt_dllmain_before_initialize_c 00000001800340ac f   MSVCRT:utility.obj
 0001:000330c4       __scrt_dllmain_crt_thread_attach 00000001800340c4 f   MSVCRT:utility.obj
 0001:000330ec       __scrt_dllmain_crt_thread_detach 00000001800340ec f   MSVCRT:utility.obj
 0001:00033104       __scrt_dllmain_exception_filter 0000000180034104 f   MSVCRT:utility.obj
 0001:00033164       __scrt_dllmain_uninitialize_c 0000000180034164 f   MSVCRT:utility.obj
 0001:00033194       __scrt_dllmain_uninitialize_critical 0000000180034194 f   MSVCRT:utility.obj
 0001:000331a8       __scrt_initialize_crt      00000001800341a8 f   MSVCRT:utility.obj
 0001:000331e4       __scrt_initialize_onexit_tables 00000001800341e4 f   MSVCRT:utility.obj
 0001:00033270       __scrt_is_nonwritable_in_current_image 0000000180034270 f   MSVCRT:utility.obj
 0001:00033308       __scrt_release_startup_lock 0000000180034308 f   MSVCRT:utility.obj
 0001:0003332c       __scrt_uninitialize_crt    000000018003432c f   MSVCRT:utility.obj
 0001:00033358       _onexit                    0000000180034358 f   MSVCRT:utility.obj
 0001:00033394       at_quick_exit              0000000180034394 f   MSVCRT:utility.obj
 0001:000333b4       atexit                     00000001800343b4 f   MSVCRT:utility.obj
 0001:000333cc       __scrt_get_dyn_tls_init_callback 00000001800343cc f   MSVCRT:dyn_tls_init.obj
 0001:000333d4       __crt_debugger_hook        00000001800343d4 f   MSVCRT:utility_desktop.obj
 0001:000333dc       __scrt_fastfail            00000001800343dc f   MSVCRT:utility_desktop.obj
 0001:00033524       __scrt_get_show_window_mode 0000000180034524 f   MSVCRT:utility_desktop.obj
 0001:00033560       __scrt_initialize_mta      0000000180034560 f   MSVCRT:utility_desktop.obj
 0001:00033568       __scrt_initialize_winrt    0000000180034568 f   MSVCRT:utility_desktop.obj
 0001:0003356c       __scrt_is_managed_app      000000018003456c f   MSVCRT:utility_desktop.obj
 0001:000335c0       __scrt_set_unhandled_exception_filter 00000001800345c0 f   MSVCRT:utility_desktop.obj
 0001:000335d0       __scrt_exe_initialize_mta  00000001800345d0 f   MSVCRT:utility_desktop.obj
 0001:000335d0       __scrt_stub_for_initialize_mta 00000001800345d0 f   MSVCRT:utility_desktop.obj
 0001:000335d4       __scrt_unhandled_exception_filter 00000001800345d4 f   MSVCRT:utility_desktop.obj
 0001:00033630       _RTC_Initialize            0000000180034630 f   MSVCRT:initsect.obj
 0001:0003366c       _RTC_Terminate             000000018003466c f   MSVCRT:initsect.obj
 0001:000336a8       _guard_check_icall_nop     00000001800346a8 f i MSVCRT:guard_support.obj
 0001:000336ac       ReadNoFence64              00000001800346ac f i MSVCRT:guard_support.obj
 0001:000336b0       ReadPointerNoFence         00000001800346b0 f i MSVCRT:guard_support.obj
 0001:000336b4       __castguard_check_failure_debugbreak 00000001800346b4 f i MSVCRT:guard_support.obj
 0001:000336d0       __castguard_check_failure_fastfail 00000001800346d0 f i MSVCRT:guard_support.obj
 0001:000336f4       __castguard_check_failure_nop 00000001800346f4 f i MSVCRT:guard_support.obj
 0001:000336f8       __castguard_check_failure_os_handled 00000001800346f8 f i MSVCRT:guard_support.obj
 0001:00033744       __castguard_check_failure_user_handled 0000000180034744 f i MSVCRT:guard_support.obj
 0001:000337b8       __castguard_set_user_handler 00000001800347b8 f i MSVCRT:guard_support.obj
 0001:000337c4       __castguard_slow_path_check_debugbreak 00000001800347c4 f i MSVCRT:guard_support.obj
 0001:000337f8       __castguard_slow_path_check_fastfail 00000001800347f8 f i MSVCRT:guard_support.obj
 0001:00033834       __castguard_slow_path_check_nop 0000000180034834 f i MSVCRT:guard_support.obj
 0001:00033838       __castguard_slow_path_check_os_handled 0000000180034838 f i MSVCRT:guard_support.obj
 0001:00033884       __castguard_slow_path_check_user_handled 0000000180034884 f i MSVCRT:guard_support.obj
 0001:000338f0       _guard_icall_checks_enforced 00000001800348f0 f i MSVCRT:guard_support.obj
 0001:00033908       _guard_rf_checks_enforced  0000000180034908 f i MSVCRT:guard_support.obj
 0001:0003390c       __isa_available_init       000000018003490c f   MSVCRT:cpu_disp.obj
 0001:00033bd8       _get_startup_argv_mode     0000000180034bd8 f   MSVCRT:argv_mode.obj
 0001:00033be0       __scrt_is_ucrt_dll_in_use  0000000180034be0 f   MSVCRT:ucrt_detection.obj
 0001:00033bf0       RtlCaptureContext          0000000180034bf0 f   kernel32:KERNEL32.dll
 0001:00033bf6       RtlLookupFunctionEntry     0000000180034bf6 f   kernel32:KERNEL32.dll
 0001:00033bfc       RtlVirtualUnwind           0000000180034bfc f   kernel32:KERNEL32.dll
 0001:00033c02       UnhandledExceptionFilter   0000000180034c02 f   kernel32:KERNEL32.dll
 0001:00033c08       SetUnhandledExceptionFilter 0000000180034c08 f   kernel32:KERNEL32.dll
 0001:00033c0e       GetCurrentProcess          0000000180034c0e f   kernel32:KERNEL32.dll
 0001:00033c14       TerminateProcess           0000000180034c14 f   kernel32:KERNEL32.dll
 0001:00033c1a       IsProcessorFeaturePresent  0000000180034c1a f   kernel32:KERNEL32.dll
 0001:00033c20       QueryPerformanceCounter    0000000180034c20 f   kernel32:KERNEL32.dll
 0001:00033c26       GetCurrentProcessId        0000000180034c26 f   kernel32:KERNEL32.dll
 0001:00033c2c       GetCurrentThreadId         0000000180034c2c f   kernel32:KERNEL32.dll
 0001:00033c32       GetSystemTimeAsFileTime    0000000180034c32 f   kernel32:KERNEL32.dll
 0001:00033c38       DisableThreadLibraryCalls  0000000180034c38 f   kernel32:KERNEL32.dll
 0001:00033c3e       InitializeSListHead        0000000180034c3e f   kernel32:KERNEL32.dll
 0001:00033c44       IsDebuggerPresent          0000000180034c44 f   kernel32:KERNEL32.dll
 0001:00033c4a       GetStartupInfoW            0000000180034c4a f   kernel32:KERNEL32.dll
 0001:00033c50       GetModuleHandleW           0000000180034c50 f   kernel32:KERNEL32.dll
 0001:00033c56       memcpy                     0000000180034c56 f   vcruntime:VCRUNTIME140.dll
 0001:00033c5c       memset                     0000000180034c5c f   vcruntime:VCRUNTIME140.dll
 0001:00033c62       __C_specific_handler       0000000180034c62 f   vcruntime:VCRUNTIME140.dll
 0001:00033c68       __std_type_info_destroy_list 0000000180034c68 f   vcruntime:VCRUNTIME140.dll
 0001:00033c6e       __current_exception        0000000180034c6e f   vcruntime:VCRUNTIME140.dll
 0001:00033c74       __current_exception_context 0000000180034c74 f   vcruntime:VCRUNTIME140.dll
 0001:00033c7a       strcmp                     0000000180034c7a f   ucrt:api-ms-win-crt-string-l1-1-0.dll
 0001:00033c80       strcat                     0000000180034c80 f   ucrt:api-ms-win-crt-string-l1-1-0.dll
 0001:00033c86       __stdio_common_vsprintf    0000000180034c86 f   ucrt:api-ms-win-crt-stdio-l1-1-0.dll
 0001:00033c8c       free                       0000000180034c8c f   ucrt:api-ms-win-crt-heap-l1-1-0.dll
 0001:00033c92       malloc                     0000000180034c92 f   ucrt:api-ms-win-crt-heap-l1-1-0.dll
 0001:00033c98       strlen                     0000000180034c98 f   ucrt:api-ms-win-crt-string-l1-1-0.dll
 0001:00033c9e       srand                      0000000180034c9e f   ucrt:api-ms-win-crt-utility-l1-1-0.dll
 0001:00033ca4       rand                       0000000180034ca4 f   ucrt:api-ms-win-crt-utility-l1-1-0.dll
 0001:00033caa       fabs                       0000000180034caa f   ucrt:api-ms-win-crt-math-l1-1-0.dll
 0001:00033cb0       sqrt                       0000000180034cb0 f   ucrt:api-ms-win-crt-math-l1-1-0.dll
 0001:00033cb6       __stdio_common_vfscanf     0000000180034cb6 f   ucrt:api-ms-win-crt-stdio-l1-1-0.dll
 0001:00033cbc       cimag                      0000000180034cbc f   ucrt:api-ms-win-crt-math-l1-1-0.dll
 0001:00033cc2       conj                       0000000180034cc2 f   ucrt:api-ms-win-crt-math-l1-1-0.dll
 0001:00033cc8       creal                      0000000180034cc8 f   ucrt:api-ms-win-crt-math-l1-1-0.dll
 0001:00033cce       _Cbuild                    0000000180034cce f   ucrt:api-ms-win-crt-math-l1-1-0.dll
 0001:00033cd4       fmin                       0000000180034cd4 f   ucrt:api-ms-win-crt-math-l1-1-0.dll
 0001:00033cda       _initterm                  0000000180034cda f   ucrt:api-ms-win-crt-runtime-l1-1-0.dll
 0001:00033ce0       _initterm_e                0000000180034ce0 f   ucrt:api-ms-win-crt-runtime-l1-1-0.dll
 0001:00033ce6       _seh_filter_dll            0000000180034ce6 f   ucrt:api-ms-win-crt-runtime-l1-1-0.dll
 0001:00033cec       _configure_narrow_argv     0000000180034cec f   ucrt:api-ms-win-crt-runtime-l1-1-0.dll
 0001:00033cf2       _initialize_narrow_environment 0000000180034cf2 f   ucrt:api-ms-win-crt-runtime-l1-1-0.dll
 0001:00033cf8       _initialize_onexit_table   0000000180034cf8 f   ucrt:api-ms-win-crt-runtime-l1-1-0.dll
 0001:00033cfe       _register_onexit_function  0000000180034cfe f   ucrt:api-ms-win-crt-runtime-l1-1-0.dll
 0001:00033d04       _execute_onexit_table      0000000180034d04 f   ucrt:api-ms-win-crt-runtime-l1-1-0.dll
 0001:00033d0a       _crt_atexit                0000000180034d0a f   ucrt:api-ms-win-crt-runtime-l1-1-0.dll
 0001:00033d10       _crt_at_quick_exit         0000000180034d10 f   ucrt:api-ms-win-crt-runtime-l1-1-0.dll
 0001:00033d16       _cexit                     0000000180034d16 f   ucrt:api-ms-win-crt-runtime-l1-1-0.dll
 0001:00033d1c       terminate                  0000000180034d1c f   ucrt:api-ms-win-crt-runtime-l1-1-0.dll
 0001:00033d22       _cabs                      0000000180034d22 f   ucrt:api-ms-win-crt-math-l1-1-0.dll
 0001:00033d28       __acrt_initialize          0000000180034d28 f   MSVCRT:ucrt_stubs.obj
 0001:00033d28       __scrt_stub_for_acrt_initialize 0000000180034d28 f   MSVCRT:ucrt_stubs.obj
 0001:00033d28       __vcrt_initialize          0000000180034d28 f   MSVCRT:ucrt_stubs.obj
 0001:00033d2c       __acrt_thread_attach       0000000180034d2c f   MSVCRT:ucrt_stubs.obj
 0001:00033d2c       __scrt_stub_for_acrt_thread_attach 0000000180034d2c f   MSVCRT:ucrt_stubs.obj
 0001:00033d2c       __vcrt_thread_attach       0000000180034d2c f   MSVCRT:ucrt_stubs.obj
 0001:00033d30       __acrt_thread_detach       0000000180034d30 f   MSVCRT:ucrt_stubs.obj
 0001:00033d30       __scrt_stub_for_acrt_thread_detach 0000000180034d30 f   MSVCRT:ucrt_stubs.obj
 0001:00033d30       __vcrt_thread_detach       0000000180034d30 f   MSVCRT:ucrt_stubs.obj
 0001:00033d34       __acrt_uninitialize        0000000180034d34 f   MSVCRT:ucrt_stubs.obj
 0001:00033d34       __scrt_stub_for_acrt_uninitialize 0000000180034d34 f   MSVCRT:ucrt_stubs.obj
 0001:00033d34       __vcrt_uninitialize        0000000180034d34 f   MSVCRT:ucrt_stubs.obj
 0001:00033d38       __acrt_uninitialize_critical 0000000180034d38 f   MSVCRT:ucrt_stubs.obj
 0001:00033d38       __scrt_stub_for_acrt_uninitialize_critical 0000000180034d38 f   MSVCRT:ucrt_stubs.obj
 0001:00033d38       __vcrt_uninitialize_critical 0000000180034d38 f   MSVCRT:ucrt_stubs.obj
 0001:00033d3c       __scrt_stub_for_is_c_termination_complete 0000000180034d3c f   MSVCRT:ucrt_stubs.obj
 0001:00033d3c       _is_c_termination_complete 0000000180034d3c f   MSVCRT:ucrt_stubs.obj
 0001:00033d50       _guard_dispatch_icall_nop  0000000180034d50 f   MSVCRT:guard_dispatch.obj
 0001:00033d70       _guard_xfg_dispatch_icall_nop 0000000180034d70 f   MSVCRT:guard_xfg_dispatch.obj
 0002:00000000       __imp_GetCurrentThreadId   0000000180035000     kernel32:KERNEL32.dll
 0002:00000008       __imp_GetSystemTimeAsFileTime 0000000180035008     kernel32:KERNEL32.dll
 0002:00000010       __imp_RtlCaptureContext    0000000180035010     kernel32:KERNEL32.dll
 0002:00000018       __imp_DisableThreadLibraryCalls 0000000180035018     kernel32:KERNEL32.dll
 0002:00000020       __imp_RtlLookupFunctionEntry 0000000180035020     kernel32:KERNEL32.dll
 0002:00000028       __imp_RtlVirtualUnwind     0000000180035028     kernel32:KERNEL32.dll
 0002:00000030       __imp_InitializeSListHead  0000000180035030     kernel32:KERNEL32.dll
 0002:00000038       __imp_IsDebuggerPresent    0000000180035038     kernel32:KERNEL32.dll
 0002:00000040       __imp_GetStartupInfoW      0000000180035040     kernel32:KERNEL32.dll
 0002:00000048       __imp_GetModuleHandleW     0000000180035048     kernel32:KERNEL32.dll
 0002:00000050       __imp_SetUnhandledExceptionFilter 0000000180035050     kernel32:KERNEL32.dll
 0002:00000058       __imp_GetCurrentProcess    0000000180035058     kernel32:KERNEL32.dll
 0002:00000060       __imp_UnhandledExceptionFilter 0000000180035060     kernel32:KERNEL32.dll
 0002:00000068       __imp_TerminateProcess     0000000180035068     kernel32:KERNEL32.dll
 0002:00000070       __imp_IsProcessorFeaturePresent 0000000180035070     kernel32:KERNEL32.dll
 0002:00000078       __imp_QueryPerformanceCounter 0000000180035078     kernel32:KERNEL32.dll
 0002:00000080       __imp_GetCurrentProcessId  0000000180035080     kernel32:KERNEL32.dll
 0002:00000088       \177KERNEL32_NULL_THUNK_DATA 0000000180035088     kernel32:KERNEL32.dll
 0002:00000090       __imp___std_type_info_destroy_list 0000000180035090     vcruntime:VCRUNTIME140.dll
 0002:00000098       __imp_memcpy               0000000180035098     vcruntime:VCRUNTIME140.dll
 0002:000000a0       __imp___current_exception  00000001800350a0     vcruntime:VCRUNTIME140.dll
 0002:000000a8       __imp___C_specific_handler 00000001800350a8     vcruntime:VCRUNTIME140.dll
 0002:000000b0       __imp_memset               00000001800350b0     vcruntime:VCRUNTIME140.dll
 0002:000000b8       __imp___current_exception_context 00000001800350b8     vcruntime:VCRUNTIME140.dll
 0002:000000c0       \177VCRUNTIME140_NULL_THUNK_DATA 00000001800350c0     vcruntime:VCRUNTIME140.dll
 0002:000000c8       __imp_free                 00000001800350c8     ucrt:api-ms-win-crt-heap-l1-1-0.dll
 0002:000000d0       __imp_malloc               00000001800350d0     ucrt:api-ms-win-crt-heap-l1-1-0.dll
 0002:000000d8       \177api-ms-win-crt-heap-l1-1-0_NULL_THUNK_DATA 00000001800350d8     ucrt:api-ms-win-crt-heap-l1-1-0.dll
 0002:000000e0       __imp_fmin                 00000001800350e0     ucrt:api-ms-win-crt-math-l1-1-0.dll
 0002:000000e8       __imp_fabs                 00000001800350e8     ucrt:api-ms-win-crt-math-l1-1-0.dll
 0002:000000f0       __imp_conj                 00000001800350f0     ucrt:api-ms-win-crt-math-l1-1-0.dll
 0002:000000f8       __imp__Cbuild              00000001800350f8     ucrt:api-ms-win-crt-math-l1-1-0.dll
 0002:00000100       __imp_creal                0000000180035100     ucrt:api-ms-win-crt-math-l1-1-0.dll
 0002:00000108       __imp__cabs                0000000180035108     ucrt:api-ms-win-crt-math-l1-1-0.dll
 0002:00000108       __imp_cabs                 0000000180035108     ucrt:api-ms-win-crt-math-l1-1-0.dll
 0002:00000110       __imp_sqrt                 0000000180035110     ucrt:api-ms-win-crt-math-l1-1-0.dll
 0002:00000118       __imp_cimag                0000000180035118     ucrt:api-ms-win-crt-math-l1-1-0.dll
 0002:00000120       \177api-ms-win-crt-math-l1-1-0_NULL_THUNK_DATA 0000000180035120     ucrt:api-ms-win-crt-math-l1-1-0.dll
 0002:00000128       __imp__initialize_onexit_table 0000000180035128     ucrt:api-ms-win-crt-runtime-l1-1-0.dll
 0002:00000130       __imp__seh_filter_dll      0000000180035130     ucrt:api-ms-win-crt-runtime-l1-1-0.dll
 0002:00000138       __imp__configure_narrow_argv 0000000180035138     ucrt:api-ms-win-crt-runtime-l1-1-0.dll
 0002:00000140       __imp__register_onexit_function 0000000180035140     ucrt:api-ms-win-crt-runtime-l1-1-0.dll
 0002:00000148       __imp__execute_onexit_table 0000000180035148     ucrt:api-ms-win-crt-runtime-l1-1-0.dll
 0002:00000150       __imp__crt_atexit          0000000180035150     ucrt:api-ms-win-crt-runtime-l1-1-0.dll
 0002:00000158       __imp__crt_at_quick_exit   0000000180035158     ucrt:api-ms-win-crt-runtime-l1-1-0.dll
 0002:00000160       __imp__cexit               0000000180035160     ucrt:api-ms-win-crt-runtime-l1-1-0.dll
 0002:00000168       __imp_terminate            0000000180035168     ucrt:api-ms-win-crt-runtime-l1-1-0.dll
 0002:00000170       __imp__initterm_e          0000000180035170     ucrt:api-ms-win-crt-runtime-l1-1-0.dll
 0002:00000178       __imp__initterm            0000000180035178     ucrt:api-ms-win-crt-runtime-l1-1-0.dll
 0002:00000180       __imp__initialize_narrow_environment 0000000180035180     ucrt:api-ms-win-crt-runtime-l1-1-0.dll
 0002:00000188       \177api-ms-win-crt-runtime-l1-1-0_NULL_THUNK_DATA 0000000180035188     ucrt:api-ms-win-crt-runtime-l1-1-0.dll
 0002:00000190       __imp___stdio_common_vfscanf 0000000180035190     ucrt:api-ms-win-crt-stdio-l1-1-0.dll
 0002:00000198       __imp___stdio_common_vsprintf 0000000180035198     ucrt:api-ms-win-crt-stdio-l1-1-0.dll
 0002:000001a0       \177api-ms-win-crt-stdio-l1-1-0_NULL_THUNK_DATA 00000001800351a0     ucrt:api-ms-win-crt-stdio-l1-1-0.dll
 0002:000001a8       __imp_strcmp               00000001800351a8     ucrt:api-ms-win-crt-string-l1-1-0.dll
 0002:000001b0       __imp_strlen               00000001800351b0     ucrt:api-ms-win-crt-string-l1-1-0.dll
 0002:000001b8       __imp_strcat               00000001800351b8     ucrt:api-ms-win-crt-string-l1-1-0.dll
 0002:000001c0       \177api-ms-win-crt-string-l1-1-0_NULL_THUNK_DATA 00000001800351c0     ucrt:api-ms-win-crt-string-l1-1-0.dll
 0002:000001c8       __imp_srand                00000001800351c8     ucrt:api-ms-win-crt-utility-l1-1-0.dll
 0002:000001d0       __imp_rand                 00000001800351d0     ucrt:api-ms-win-crt-utility-l1-1-0.dll
 0002:000001d8       \177api-ms-win-crt-utility-l1-1-0_NULL_THUNK_DATA 00000001800351d8     ucrt:api-ms-win-crt-utility-l1-1-0.dll
 0002:000001e0       __imp_covrtDeleteStateflowInstanceData 00000001800351e0     libcovrt:libcovrt.dll
 0002:000001e8       __imp_covrtEmlMcdcEval     00000001800351e8     libcovrt:libcovrt.dll
 0002:000001f0       __imp_covrtEmlCondEval     00000001800351f0     libcovrt:libcovrt.dll
 0002:000001f8       __imp_covrtEmlForEval      00000001800351f8     libcovrt:libcovrt.dll
 0002:00000200       __imp_covrtEmlIfEval       0000000180035200     libcovrt:libcovrt.dll
 0002:00000208       __imp_covrtEmlFcnEval      0000000180035208     libcovrt:libcovrt.dll
 0002:00000210       __imp_covrtEmlRelationalInitFcn 0000000180035210     libcovrt:libcovrt.dll
 0002:00000218       __imp_covrtEmlMCDCInitFcn  0000000180035218     libcovrt:libcovrt.dll
 0002:00000220       __imp_covrtEmlForInitFcn   0000000180035220     libcovrt:libcovrt.dll
 0002:00000228       __imp_covrtEmlIfInitFcn    0000000180035228     libcovrt:libcovrt.dll
 0002:00000230       __imp_covrtEmlFcnInitFcn   0000000180035230     libcovrt:libcovrt.dll
 0002:00000238       __imp_covrtEmlInitFcn      0000000180035238     libcovrt:libcovrt.dll
 0002:00000240       __imp_covrtSigUpdateFcn    0000000180035240     libcovrt:libcovrt.dll
 0002:00000248       __imp_covrtRelationalopUpdateFcn 0000000180035248     libcovrt:libcovrt.dll
 0002:00000250       __imp_covrtChartInitFcn    0000000180035250     libcovrt:libcovrt.dll
 0002:00000258       __imp_covrtStateInitFcn    0000000180035258     libcovrt:libcovrt.dll
 0002:00000260       __imp_covrtTransInitFcn    0000000180035260     libcovrt:libcovrt.dll
 0002:00000268       __imp_covrtCreateStateflowInstanceData 0000000180035268     libcovrt:libcovrt.dll
 0002:00000270       \177libcovrt_NULL_THUNK_DATA 0000000180035270     libcovrt:libcovrt.dll
 0002:00000278       __imp_emlrtHeapAllocationErrorR2012b 0000000180035278     libemlrt:libemlrt.dll
 0002:00000280       __imp_emlrtLicenseCheckR2022a 0000000180035280     libemlrt:libemlrt.dll
 0002:00000288       __imp_emlrtDynamicBoundsCheckR2012b 0000000180035288     libemlrt:libemlrt.dll
 0002:00000290       __imp_emlrtSizeMulR2012b   0000000180035290     libemlrt:libemlrt.dll
 0002:00000298       __imp_emlrtIntegerCheckR2012b 0000000180035298     libemlrt:libemlrt.dll
 0002:000002a0       __imp_emlrtNonNegativeCheckR2012b 00000001800352a0     libemlrt:libemlrt.dll
 0002:000002a8       __imp_emlrtForLoopVectorCheckR2021a 00000001800352a8     libemlrt:libemlrt.dll
 0002:000002b0       __imp_emlrtMallocMex       00000001800352b0     libemlrt:libemlrt.dll
 0002:000002b8       __imp_emlrtFreeMex         00000001800352b8     libemlrt:libemlrt.dll
 0002:000002c0       \177libemlrt_NULL_THUNK_DATA 00000001800352c0     libemlrt:libemlrt.dll
 0002:000002c8       __imp_mexMakeArrayPersistent_800 00000001800352c8     libmex:libmex.dll
 0002:000002d0       __imp_mexLock_800          00000001800352d0     libmex:libmex.dll
 0002:000002d8       __imp_mexUnlock_800        00000001800352d8     libmex:libmex.dll
 0002:000002e0       __imp_mexIsLocked_800      00000001800352e0     libmex:libmex.dll
 0002:000002e8       __imp_mexPrintf_800        00000001800352e8     libmex:libmex.dll
 0002:000002f0       __imp_mexWarnMsgTxt_800    00000001800352f0     libmex:libmex.dll
 0002:000002f8       __imp_mexErrMsgTxt_800     00000001800352f8     libmex:libmex.dll
 0002:00000300       __imp_mexCallMATLAB_800    0000000180035300     libmex:libmex.dll
 0002:00000308       \177libmex_NULL_THUNK_DATA 0000000180035308     libmex:libmex.dll
 0002:00000310       __imp_muDoubleScalarIsInf  0000000180035310     libmwmathutil:libmwmathutil.dll
 0002:00000318       __imp_muDoubleScalarFloor  0000000180035318     libmwmathutil:libmwmathutil.dll
 0002:00000320       __imp_muDoubleScalarMax    0000000180035320     libmwmathutil:libmwmathutil.dll
 0002:00000328       __imp_muDoubleScalarMin    0000000180035328     libmwmathutil:libmwmathutil.dll
 0002:00000330       __imp_muDoubleScalarIsNaN  0000000180035330     libmwmathutil:libmwmathutil.dll
 0002:00000338       __imp_muDoubleScalarAbs    0000000180035338     libmwmathutil:libmwmathutil.dll
 0002:00000340       \177libmwmathutil_NULL_THUNK_DATA 0000000180035340     libmwmathutil:libmwmathutil.dll
 0002:00000348       __imp_mxIsChar_800         0000000180035348     libmx:libmx.dll
 0002:00000350       __imp_mxGetPr_800          0000000180035350     libmx:libmx.dll
 0002:00000358       __imp_mxGetScalar_800      0000000180035358     libmx:libmx.dll
 0002:00000360       __imp_mxDestroyArray_800   0000000180035360     libmx:libmx.dll
 0002:00000368       __imp_mxRealloc_800        0000000180035368     libmx:libmx.dll
 0002:00000370       __imp_mxFree_800           0000000180035370     libmx:libmx.dll
 0002:00000378       __imp_mxMalloc_800         0000000180035378     libmx:libmx.dll
 0002:00000380       __imp_mxCreateDoubleScalar_800 0000000180035380     libmx:libmx.dll
 0002:00000388       __imp_mxGetN_800           0000000180035388     libmx:libmx.dll
 0002:00000390       __imp_mxIsComplex_800      0000000180035390     libmx:libmx.dll
 0002:00000398       __imp_mxIsNumeric_800      0000000180035398     libmx:libmx.dll
 0002:000003a0       __imp_mxGetClassID_800     00000001800353a0     libmx:libmx.dll
 0002:000003a8       __imp_mxGetM_800           00000001800353a8     libmx:libmx.dll
 0002:000003b0       __imp_mxCalloc_800         00000001800353b0     libmx:libmx.dll
 0002:000003b8       __imp_mxGetNaN_800         00000001800353b8     libmx:libmx.dll
 0002:000003c0       __imp_mxGetInf_800         00000001800353c0     libmx:libmx.dll
 0002:000003c8       __imp_mxCreateStructMatrix_800 00000001800353c8     libmx:libmx.dll
 0002:000003d0       __imp_mxCreateCellMatrix_800 00000001800353d0     libmx:libmx.dll
 0002:000003d8       __imp_mxCreateString_800   00000001800353d8     libmx:libmx.dll
 0002:000003e0       __imp_mxSetField_800       00000001800353e0     libmx:libmx.dll
 0002:000003e8       __imp_mxSetCell_800        00000001800353e8     libmx:libmx.dll
 0002:000003f0       __imp_mxDuplicateArray_800 00000001800353f0     libmx:libmx.dll
 0002:000003f8       __imp_mxGetString_800      00000001800353f8     libmx:libmx.dll
 0002:00000400       __imp_mxCreateDoubleMatrix_800 0000000180035400     libmx:libmx.dll
 0002:00000408       \177libmx_NULL_THUNK_DATA  0000000180035408     libmx:libmx.dll
 0002:00000410       __imp_utFree               0000000180035410     libut:libut.dll
 0002:00000418       __imp_utMalloc             0000000180035418     libut:libut.dll
 0002:00000420       \177libut_NULL_THUNK_DATA  0000000180035420     libut:libut.dll
 0002:00000428       __imp_sf_mex_decode        0000000180035428     sf_runtime:sf_runtime.dll
 0002:00000430       __imp_sf_clear_error_manager_info 0000000180035430     sf_runtime:sf_runtime.dll
 0002:00000438       __imp_sf_mex_error_direct_call 0000000180035438     sf_runtime:sf_runtime.dll
 0002:00000440       __imp_getRuntimeInstanceInfoAsVoid 0000000180035440     sf_runtime:sf_runtime.dll
 0002:00000448       __imp_call_sf_machine_global_method_dispatcher 0000000180035448     sf_runtime:sf_runtime.dll
 0002:00000450       __imp_callMdlMethodAndReportError 0000000180035450     sf_runtime:sf_runtime.dll
 0002:00000458       __imp_sf_get_hasSeparateUpdateOutputs 0000000180035458     sf_runtime:sf_runtime.dll
 0002:00000460       __imp_sf_get_ChartInfoStruct_CodeGen 0000000180035460     sf_runtime:sf_runtime.dll
 0002:00000468       __imp_ssGetOutputPortSignal_wrapper 0000000180035468     sf_runtime:sf_runtime.dll
 0002:00000470       __imp_ssGetInputPortSignal_wrapper 0000000180035470     sf_runtime:sf_runtime.dll
 0002:00000478       __imp_sf_mex_import        0000000180035478     sf_runtime:sf_runtime.dll
 0002:00000480       __imp_sf_mex_destroy       0000000180035480     sf_runtime:sf_runtime.dll
 0002:00000488       __imp_sf_mex_dup           0000000180035488     sf_runtime:sf_runtime.dll
 0002:00000490       __imp_sf_mex_assign        0000000180035490     sf_runtime:sf_runtime.dll
 0002:00000498       __imp_sf_mex_getcell       0000000180035498     sf_runtime:sf_runtime.dll
 0002:000004a0       __imp_sf_mex_setcell       00000001800354a0     sf_runtime:sf_runtime.dll
 0002:000004a8       __imp_sf_mex_createcellmatrix 00000001800354a8     sf_runtime:sf_runtime.dll
 0002:000004b0       __imp_sf_mex_create        00000001800354b0     sf_runtime:sf_runtime.dll
 0002:000004b8       __imp_sf_mex_error_message 00000001800354b8     sf_runtime:sf_runtime.dll
 0002:000004c0       __imp_sf_mex_call          00000001800354c0     sf_runtime:sf_runtime.dll
 0002:000004c8       __imp_mdlProcessParamsCommon 00000001800354c8     sf_runtime:sf_runtime.dll
 0002:000004d0       __imp_sf_set_work_widths   00000001800354d0     sf_runtime:sf_runtime.dll
 0002:000004d8       __imp_sf_get_time          00000001800354d8     sf_runtime:sf_runtime.dll
 0002:000004e0       __imp_sf_clear_rtw_identifier 00000001800354e0     sf_runtime:sf_runtime.dll
 0002:000004e8       __imp_sf_mex_listen_for_ctrl_c 00000001800354e8     sf_runtime:sf_runtime.dll
 0002:000004f0       __imp_sim_mode_is_external 00000001800354f0     sf_runtime:sf_runtime.dll
 0002:000004f8       __imp_sim_mode_is_rtw_gen  00000001800354f8     sf_runtime:sf_runtime.dll
 0002:00000500       __imp_sfSetAnimationVectors 0000000180035500     sf_runtime:sf_runtime.dll
 0002:00000508       __imp_sf_get_chart_instance_ptr 0000000180035508     sf_runtime:sf_runtime.dll
 0002:00000510       __imp_sfrtGetCovrtInstance 0000000180035510     sf_runtime:sf_runtime.dll
 0002:00000518       __imp_sfrtGetEmlrtCtx      0000000180035518     sf_runtime:sf_runtime.dll
 0002:00000520       __imp_sf_reset_warnings_ChartRunTimeInfo 0000000180035520     sf_runtime:sf_runtime.dll
 0002:00000528       __imp_sf_free_ChartRunTimeInfo 0000000180035528     sf_runtime:sf_runtime.dll
 0002:00000530       __imp_sf_init_ChartRunTimeInfo 0000000180035530     sf_runtime:sf_runtime.dll
 0002:00000538       __imp_sf_load_rtw_optimization_info 0000000180035538     sf_runtime:sf_runtime.dll
 0002:00000540       \177sf_runtime_NULL_THUNK_DATA 0000000180035540     sf_runtime:sf_runtime.dll
 0002:00000548       __guard_check_icall_fptr   0000000180035548     MSVCRT:guard_support.obj
 0002:00000550       __guard_xfg_check_icall_fptr 0000000180035550     MSVCRT:guard_support.obj
 0002:00000558       __guard_dispatch_icall_fptr 0000000180035558     MSVCRT:guard_support.obj
 0002:00000560       __guard_xfg_dispatch_icall_fptr 0000000180035560     MSVCRT:guard_support.obj
 0002:00000568       __guard_xfg_table_dispatch_icall_fptr 0000000180035568     MSVCRT:guard_support.obj
 0002:00000570       __castguard_check_failure_os_handled_fptr 0000000180035570     MSVCRT:guard_support.obj
 0002:00000578       __guard_memcpy_fptr        0000000180035578     vcruntime:softmemtag.obj
 0002:00000580       __xc_a                     0000000180035580     MSVCRT:initializers.obj
 0002:00000588       __xc_z                     0000000180035588     MSVCRT:initializers.obj
 0002:00000590       __xi_a                     0000000180035590     MSVCRT:initializers.obj
 0002:00000598       __xi_z                     0000000180035598     MSVCRT:initializers.obj
 0002:000005a0       __xp_a                     00000001800355a0     MSVCRT:initializers.obj
 0002:000005a8       __xp_z                     00000001800355a8     MSVCRT:initializers.obj
 0002:000005b0       __xt_a                     00000001800355b0     MSVCRT:initializers.obj
 0002:000005b8       __xt_z                     00000001800355b8     MSVCRT:initializers.obj
 0002:000005c0       __real@41a935fb7a000000    00000001800355c0     untitled_sfun.obj
 0002:000005c8       __real@41b82a9620000000    00000001800355c8     untitled_sfun.obj
 0002:000005d0       __real@41bd274837000000    00000001800355d0     untitled_sfun.obj
 0002:000005d8       __real@41c25c6bf7000000    00000001800355d8     untitled_sfun.obj
 0002:000005e0       __real@41cabd8fdd000000    00000001800355e0     untitled_sfun.obj
 0002:000005e8       __real@41d4c74be0400000    00000001800355e8     untitled_sfun.obj
 0002:000005f0       __real@41d6fe0789400000    00000001800355f0     untitled_sfun.obj
 0002:000005f8       __real@41d745767c800000    00000001800355f8     untitled_sfun.obj
 0002:00000600       __real@41d92cd043800000    0000000180035600     untitled_sfun.obj
 0002:00000608       __real@41da4adc09400000    0000000180035608     untitled_sfun.obj
 0002:00000610       __real@41e3636204000000    0000000180035610     untitled_sfun.obj
 0002:00000618       __real@41ed7c4485e00000    0000000180035618     untitled_sfun.obj
 0002:00000648       __real@0000000000000000    0000000180035648     c4_untitled.obj
 0002:00000650       __real@3fe3333333333333    0000000180035650     c4_untitled.obj
 0002:00000658       __real@3ff0000000000000    0000000180035658     c4_untitled.obj
 0002:00000660       __real@4000000000000000    0000000180035660     c4_untitled.obj
 0002:00000668       __real@4008000000000000    0000000180035668     c4_untitled.obj
 0002:00000670       __real@4014000000000000    0000000180035670     c4_untitled.obj
 0002:00000678       __real@403f000000000000    0000000180035678     c4_untitled.obj
 0002:00000680       __real@4060000000000000    0000000180035680     c4_untitled.obj
 0002:00000688       __real@41cfa29901800000    0000000180035688     c4_untitled.obj
 0002:00000690       __real@41d8956388400000    0000000180035690     c4_untitled.obj
 0002:00000698       __real@41e5019022200000    0000000180035698     c4_untitled.obj
 0002:000006a0       __real@41eeaf038c800000    00000001800356a0     c4_untitled.obj
 0002:000006a8       __real@bff0000000000000    00000001800356a8     c4_untitled.obj
 0002:000006b0       __xmm@80000000000000008000000000000000 00000001800356b0     c4_untitled.obj
 0002:000006c0       DYNAMIC_DIMENSION_DEF      00000001800356c0     untitled_sfun_registry.obj
 0002:000006d8       __real@4010000000000000    00000001800356d8     untitled_sfun_registry.obj
 0002:000006e0       __real@41602cbca0000000    00000001800356e0     untitled_sfun_registry.obj
 0002:000006e8       __real@4024000000000000    00000001800356e8     cs_ri_bundle.obj
 0002:000006f0       __real@4030000000000000    00000001800356f0     cs_ri_bundle.obj
 0002:000006f8       __real@3cb0000000000000    00000001800356f8     solve_from_qr.obj
 0002:00000710       _pDefaultRawDllMain        0000000180035710     MSVCRT:dll_dllmain.obj
 0002:00000710       _pRawDllMain               0000000180035710     MSVCRT:dll_dllmain.obj
 0002:00000720       __xmm@ffffffffffffffffffffffffffffffff 0000000180035720     MSVCRT:utility.obj
 0002:00000730       _load_config_used          0000000180035730     MSVCRT:loadcfg.obj
 0002:00000900       __CastGuardVftablesStart   0000000180035900     MSVCRT:guard_support.obj
 0002:00000980       __CastGuardVftablesEnd     0000000180035980     MSVCRT:guard_support.obj
 0002:00000a00       __volatile_metadata        0000000180035a00     <linker-defined>
 0002:00000e50       __rtc_iaa                  0000000180035e50     MSVCRT:initsect.obj
 0002:00000e58       __rtc_izz                  0000000180035e58     MSVCRT:initsect.obj
 0002:00000e60       __rtc_taa                  0000000180035e60     MSVCRT:initsect.obj
 0002:00000e68       __rtc_tzz                  0000000180035e68     MSVCRT:initsect.obj
 0002:00002018       __IMPORT_DESCRIPTOR_sf_runtime 0000000180037018     sf_runtime:sf_runtime.dll
 0002:0000202c       __IMPORT_DESCRIPTOR_libmx  000000018003702c     libmx:libmx.dll
 0002:00002040       __IMPORT_DESCRIPTOR_libmex 0000000180037040     libmex:libmex.dll
 0002:00002054       __IMPORT_DESCRIPTOR_libut  0000000180037054     libut:libut.dll
 0002:00002068       __IMPORT_DESCRIPTOR_libmwmathutil 0000000180037068     libmwmathutil:libmwmathutil.dll
 0002:0000207c       __IMPORT_DESCRIPTOR_libemlrt 000000018003707c     libemlrt:libemlrt.dll
 0002:00002090       __IMPORT_DESCRIPTOR_libcovrt 0000000180037090     libcovrt:libcovrt.dll
 0002:000020a4       __IMPORT_DESCRIPTOR_KERNEL32 00000001800370a4     kernel32:KERNEL32.dll
 0002:000020b8       __IMPORT_DESCRIPTOR_VCRUNTIME140 00000001800370b8     vcruntime:VCRUNTIME140.dll
 0002:000020cc       __IMPORT_DESCRIPTOR_api-ms-win-crt-string-l1-1-0 00000001800370cc     ucrt:api-ms-win-crt-string-l1-1-0.dll
 0002:000020e0       __IMPORT_DESCRIPTOR_api-ms-win-crt-stdio-l1-1-0 00000001800370e0     ucrt:api-ms-win-crt-stdio-l1-1-0.dll
 0002:000020f4       __IMPORT_DESCRIPTOR_api-ms-win-crt-heap-l1-1-0 00000001800370f4     ucrt:api-ms-win-crt-heap-l1-1-0.dll
 0002:00002108       __IMPORT_DESCRIPTOR_api-ms-win-crt-utility-l1-1-0 0000000180037108     ucrt:api-ms-win-crt-utility-l1-1-0.dll
 0002:0000211c       __IMPORT_DESCRIPTOR_api-ms-win-crt-math-l1-1-0 000000018003711c     ucrt:api-ms-win-crt-math-l1-1-0.dll
 0002:00002130       __IMPORT_DESCRIPTOR_api-ms-win-crt-runtime-l1-1-0 0000000180037130     ucrt:api-ms-win-crt-runtime-l1-1-0.dll
 0002:00002144       __NULL_IMPORT_DESCRIPTOR   0000000180037144     sf_runtime:sf_runtime.dll
 0003:000040f0       DYNAMIC_DIMENSION          000000018003d0f0     untitled_sfun_registry.obj
 0003:00006a00       __security_cookie          000000018003fa00     MSVCRT:gs_cookie.obj
 0003:00006a40       __security_cookie_complement 000000018003fa40     MSVCRT:gs_cookie.obj
 0003:00006a48       _fltused                   000000018003fa48     MSVCRT:fltused.obj
 0003:00006a50       __scrt_native_dllmain_reason 000000018003fa50     MSVCRT:utility.obj
 0003:00006a58       __isa_inverted             000000018003fa58     MSVCRT:cpu_disp.obj
[...]
 0003:00004508       $SG23113                   000000018003d508     untitled_sfun_registry.obj
 0003:00004518       $SG23114                   000000018003d518     untitled_sfun_registry.obj
 0003:00004520       $SG23115                   000000018003d520     untitled_sfun_registry.obj
 0003:00004578       $SG23116                   000000018003d578     untitled_sfun_registry.obj
 0003:00004588       $SG23117                   000000018003d588     untitled_sfun_registry.obj
 0003:00004590       $SG23136                   000000018003d590     untitled_sfun_registry.obj
 0003:000045e0       $SG23137                   000000018003d5e0     untitled_sfun_registry.obj
 0003:000045f0       $SG23138                   000000018003d5f0     untitled_sfun_registry.obj
 0003:00004600       $SG23147                   000000018003d600     untitled_sfun_registry.obj
 0003:00004660       $SG23148                   000000018003d660     untitled_sfun_registry.obj
 0003:00004668       $SG23149                   000000018003d668     untitled_sfun_registry.obj
 0003:00004670       $SG23158                   000000018003d670     untitled_sfun_registry.obj
 0003:000046d0       $SG23159                   000000018003d6d0     untitled_sfun_registry.obj
 0003:000046d8       $SG23160                   000000018003d6d8     untitled_sfun_registry.obj
 0003:000046e0       $SG23466                   000000018003d6e0     untitled_sfun_registry.obj
 0003:00004760       $SG23469                   000000018003d760     untitled_sfun_registry.obj
 0003:000047e0       $SG23474                   000000018003d7e0     untitled_sfun_registry.obj
 0003:00004860       $SG23482                   000000018003d860     untitled_sfun_registry.obj
 0003:000048d0       $SG23755                   000000018003d8d0     untitled_sfun_registry.obj
 0003:00004950       $SG23760                   000000018003d950     untitled_sfun_registry.obj
 0003:000049c8       $SG24084                   000000018003d9c8     untitled_sfun_registry.obj
 0003:000049e0       $SG24097                   000000018003d9e0     untitled_sfun_registry.obj
 0003:00004a58       $SG24100                   000000018003da58     untitled_sfun_registry.obj
 0003:00004a5c       $SG24152                   000000018003da5c     untitled_sfun_registry.obj
 0003:00004a64       $SG24153                   000000018003da64     untitled_sfun_registry.obj
 0003:00004a6c       $SG24154                   000000018003da6c     untitled_sfun_registry.obj
 0003:00004a80       $SG24155                   000000018003da80     untitled_sfun_registry.obj
 0003:00004b00       $SG24157                   000000018003db00     untitled_sfun_registry.obj
 0003:00004b7c       $SG24160                   000000018003db7c     untitled_sfun_registry.obj
 0003:00004b84       $SG24163                   000000018003db84     untitled_sfun_registry.obj
 0003:00004b8c       $SG24166                   000000018003db8c     untitled_sfun_registry.obj
 0003:00004ba0       $SG24167                   000000018003dba0     untitled_sfun_registry.obj
 0003:00004c20       $SG24168                   000000018003dc20     untitled_sfun_registry.obj
 0003:00004c30       $SG24170                   000000018003dc30     untitled_sfun_registry.obj
 0003:00004c3c       $SG24172                   000000018003dc3c     untitled_sfun_registry.obj
 0003:00004c44       $SG24174                   000000018003dc44     untitled_sfun_registry.obj
 0003:00004c50       $SG24176                   000000018003dc50     untitled_sfun_registry.obj
 0003:00004c5c       $SG24178                   000000018003dc5c     untitled_sfun_registry.obj
 0003:00004c60       $SG24181                   000000018003dc60     untitled_sfun_registry.obj
 0003:00004d48       $SG24291                   000000018003dd48     untitled_sfun_registry.obj
 0003:00004d78       $SG24292                   000000018003dd78     untitled_sfun_registry.obj
 0003:00004d88       $SG24293                   000000018003dd88     untitled_sfun_registry.obj
 0003:00004d90       $SG24295                   000000018003dd90     untitled_sfun_registry.obj
 0003:00004dc8       $SG24296                   000000018003ddc8     untitled_sfun_registry.obj
 0003:00004dd8       $SG24297                   000000018003ddd8     untitled_sfun_registry.obj
 0003:00004de0       $SG24300                   000000018003dde0     untitled_sfun_registry.obj
 0003:00004e18       $SG24301                   000000018003de18     untitled_sfun_registry.obj
 0003:00004e28       $SG24302                   000000018003de28     untitled_sfun_registry.obj
 0003:00004e30       $SG24304                   000000018003de30     untitled_sfun_registry.obj
 0003:00004e68       $SG24305                   000000018003de68     untitled_sfun_registry.obj
 0003:00004e78       $SG24306                   000000018003de78     untitled_sfun_registry.obj
 0003:00004e80       $SG24308                   000000018003de80     untitled_sfun_registry.obj
 0003:00004eb8       $SG24309                   000000018003deb8     untitled_sfun_registry.obj
 0003:00004ec8       $SG24310                   000000018003dec8     untitled_sfun_registry.obj
 0003:00004ed0       $SG24313                   000000018003ded0     untitled_sfun_registry.obj
 0003:00004ed8       $SG24315                   000000018003ded8     untitled_sfun_registry.obj
 0003:00004ef0       $SG24316                   000000018003def0     untitled_sfun_registry.obj
 0003:00004f28       $SG24317                   000000018003df28     untitled_sfun_registry.obj
 0003:00004f38       $SG24318                   000000018003df38     untitled_sfun_registry.obj
 0003:00004f40       $SG24484                   000000018003df40     untitled_sfun_registry.obj
 0003:00004f60       $SG24485                   000000018003df60     untitled_sfun_registry.obj
 0003:00004ff0       $SG24491                   000000018003dff0     untitled_sfun_registry.obj
 0003:00005010       $SG24492                   000000018003e010     untitled_sfun_registry.obj
 0003:000050a0       $SG24498                   000000018003e0a0     untitled_sfun_registry.obj
 0003:000050c0       $SG24499                   000000018003e0c0     untitled_sfun_registry.obj
 0003:00005150       $SG24505                   000000018003e150     untitled_sfun_registry.obj
 0003:00005170       $SG24506                   000000018003e170     untitled_sfun_registry.obj
 0003:00005200       $SG24512                   000000018003e200     untitled_sfun_registry.obj
 0003:00005220       $SG24513                   000000018003e220     untitled_sfun_registry.obj
 0003:000052b0       $SG24517                   000000018003e2b0     untitled_sfun_registry.obj
 0003:000052d0       $SG24518                   000000018003e2d0     untitled_sfun_registry.obj
 0003:00005360       $SG24522                   000000018003e360     untitled_sfun_registry.obj
 0003:00005390       $SG24523                   000000018003e390     untitled_sfun_registry.obj
 0003:00005420       $SG24527                   000000018003e420     untitled_sfun_registry.obj
 0003:00005450       $SG24528                   000000018003e450     untitled_sfun_registry.obj
 0003:000054e0       $SG24532                   000000018003e4e0     untitled_sfun_registry.obj
 0003:00005500       $SG24533                   000000018003e500     untitled_sfun_registry.obj
 0003:00005590       $SG24537                   000000018003e590     untitled_sfun_registry.obj
 0003:000055b0       $SG24538                   000000018003e5b0     untitled_sfun_registry.obj
 0003:00005640       $SG24542                   000000018003e640     untitled_sfun_registry.obj
 0003:00005660       $SG24543                   000000018003e660     untitled_sfun_registry.obj
 0003:000056f0       $SG24547                   000000018003e6f0     untitled_sfun_registry.obj
 0003:00005710       $SG24548                   000000018003e710     untitled_sfun_registry.obj
 0003:000057a0       $SG24552                   000000018003e7a0     untitled_sfun_registry.obj
 0003:000057c0       $SG24553                   000000018003e7c0     untitled_sfun_registry.obj
 0003:00005850       $SG24557                   000000018003e850     untitled_sfun_registry.obj
 0003:00005870       $SG24558                   000000018003e870     untitled_sfun_registry.obj
 0003:00005900       $SG24562                   000000018003e900     untitled_sfun_registry.obj
 0003:00005920       $SG24563                   000000018003e920     untitled_sfun_registry.obj
 0003:000059b0       $SG24567                   000000018003e9b0     untitled_sfun_registry.obj
 0003:000059d0       $SG24568                   000000018003e9d0     untitled_sfun_registry.obj
 0003:00005a60       $SG24572                   000000018003ea60     untitled_sfun_registry.obj
 0003:00005a80       $SG24573                   000000018003ea80     untitled_sfun_registry.obj
 0003:00005b10       $SG24578                   000000018003eb10     untitled_sfun_registry.obj
 0003:00005b30       $SG24579                   000000018003eb30     untitled_sfun_registry.obj
 0003:00005bc0       $SG24584                   000000018003ebc0     untitled_sfun_registry.obj
 0003:00005bd0       $SG24585                   000000018003ebd0     untitled_sfun_registry.obj
 0003:00005c60       $SG24589                   000000018003ec60     untitled_sfun_registry.obj
 0003:00005c80       $SG24590                   000000018003ec80     untitled_sfun_registry.obj
 0003:00005d10       $SG24594                   000000018003ed10     untitled_sfun_registry.obj
 0003:00005d20       $SG24595                   000000018003ed20     untitled_sfun_registry.obj
 0003:00005db0       $SG24599                   000000018003edb0     untitled_sfun_registry.obj
 0003:00005dd0       $SG24600                   000000018003edd0     untitled_sfun_registry.obj
 0003:00005e60       $SG24604                   000000018003ee60     untitled_sfun_registry.obj
 0003:00005e80       $SG24605                   000000018003ee80     untitled_sfun_registry.obj
 0003:00005f10       $SG24609                   000000018003ef10     untitled_sfun_registry.obj
 0003:00005f20       $SG24610                   000000018003ef20     untitled_sfun_registry.obj
 0003:00005fb0       $SG24614                   000000018003efb0     untitled_sfun_registry.obj
 0003:00005fc0       $SG24615                   000000018003efc0     untitled_sfun_registry.obj
 0003:00006050       $SG24619                   000000018003f050     untitled_sfun_registry.obj
 0003:00006070       $SG24620                   000000018003f070     untitled_sfun_registry.obj
 0003:00006100       $SG24624                   000000018003f100     untitled_sfun_registry.obj
 0003:00006120       $SG24625                   000000018003f120     untitled_sfun_registry.obj
 0003:000061b0       $SG24629                   000000018003f1b0     untitled_sfun_registry.obj
 0003:000061c0       $SG24630                   000000018003f1c0     untitled_sfun_registry.obj
 0003:00006250       $SG24638                   000000018003f250     untitled_sfun_registry.obj
 0003:00006260       $SG24639                   000000018003f260     untitled_sfun_registry.obj
 0003:000062f0       $SG24645                   000000018003f2f0     untitled_sfun_registry.obj
 0003:00006300       $SG24646                   000000018003f300     untitled_sfun_registry.obj
 0003:00006390       $SG24650                   000000018003f390     untitled_sfun_registry.obj
 0003:000063a0       $SG24651                   000000018003f3a0     untitled_sfun_registry.obj
 0003:00006430       $SG24656                   000000018003f430     untitled_sfun_registry.obj
 0003:00006440       $SG24657                   000000018003f440     untitled_sfun_registry.obj
 0003:000064d0       $SG24661                   000000018003f4d0     untitled_sfun_registry.obj
 0003:00006550       $SG24684                   000000018003f550     untitled_sfun_registry.obj
 0003:00006668       $SG24692                   000000018003f668     untitled_sfun_registry.obj
 0003:00006678       $SG24699                   000000018003f678     untitled_sfun_registry.obj
 0003:00006688       $SG24707                   000000018003f688     untitled_sfun_registry.obj
 0003:00006698       $SG24714                   000000018003f698     untitled_sfun_registry.obj
 0003:000066a8       $SG24722                   000000018003f6a8     untitled_sfun_registry.obj
 0003:000066b8       $SG24729                   000000018003f6b8     untitled_sfun_registry.obj
 0003:000066c8       $SG24735                   000000018003f6c8     untitled_sfun_registry.obj
 0003:000066e8       $SG24745                   000000018003f6e8     untitled_sfun_registry.obj
 0003:00006718       $SG24746                   000000018003f718     untitled_sfun_registry.obj
 0003:00006720       $SG24747                   000000018003f720     untitled_sfun_registry.obj
 0003:00006728       $SG24757                   000000018003f728     untitled_sfun_registry.obj
 0003:00006760       $SG24758                   000000018003f760     untitled_sfun_registry.obj
 0003:00006768       $SG24759                   000000018003f768     untitled_sfun_registry.obj
 0003:00006770       $SG14162                   000000018003f770     cs_ri_bundle.obj
 0003:00006780       $SG14606                   000000018003f780     cs_ri_bundle.obj
 0003:00006788       $SG14607                   000000018003f788     cs_ri_bundle.obj
 0003:000067b8       $SG14608                   000000018003f7b8     cs_ri_bundle.obj
 0003:000067c8       $SG14609                   000000018003f7c8     cs_ri_bundle.obj
 0003:000067f0       $SG14612                   000000018003f7f0     cs_ri_bundle.obj
 0003:00006820       $SG14613                   000000018003f820     cs_ri_bundle.obj
 0003:00006848       $SG14614                   000000018003f848     cs_ri_bundle.obj
 0003:00006854       $SG14615                   000000018003f854     cs_ri_bundle.obj
 0003:00006858       $SG14617                   000000018003f858     cs_ri_bundle.obj
 0003:00006860       $SG14618                   000000018003f860     cs_ri_bundle.obj
 0003:00006888       $SG14619                   000000018003f888     cs_ri_bundle.obj
 0003:00006898       $SG14620                   000000018003f898     cs_ri_bundle.obj
 0003:0000689c       $SG14622                   000000018003f89c     cs_ri_bundle.obj
 0003:000068a8       $SG14163                   000000018003f8a8     cs_ci_bundle.obj
 0003:000068c0       $SG14607                   000000018003f8c0     cs_ci_bundle.obj
 0003:000068c8       $SG14608                   000000018003f8c8     cs_ci_bundle.obj
 0003:000068f8       $SG14609                   000000018003f8f8     cs_ci_bundle.obj
 0003:00006908       $SG14610                   000000018003f908     cs_ci_bundle.obj
 0003:00006930       $SG14613                   000000018003f930     cs_ci_bundle.obj
 0003:00006960       $SG14614                   000000018003f960     cs_ci_bundle.obj
 0003:00006988       $SG14615                   000000018003f988     cs_ci_bundle.obj
 0003:00006998       $SG14616                   000000018003f998     cs_ci_bundle.obj
 0003:000069a4       $SG14618                   000000018003f9a4     cs_ci_bundle.obj
 0003:000069b0       $SG14619                   000000018003f9b0     cs_ci_bundle.obj
 0003:000069d8       $SG14620                   000000018003f9d8     cs_ci_bundle.obj
 0003:000069e8       $SG14621                   000000018003f9e8     cs_ci_bundle.obj
 0003:000069f4       $SG14623                   000000018003f9f4     cs_ci_bundle.obj
 0003:00006a90       sRtwOptimizationInfoStruct 000000018003fa90     untitled_sfun.obj
 0003:00006a98       sOptimizationInfoFlags     000000018003fa98     untitled_sfun.obj
 0003:00006aa0       $SG23032                   000000018003faa0     c4_untitled.obj
 0003:00006aa1       $SG23036                   000000018003faa1     c4_untitled.obj
 0003:00006aa2       $SG23040                   000000018003faa2     c4_untitled.obj
 0003:00006aa3       $SG23044                   000000018003faa3     c4_untitled.obj
 0003:00006aa4       $SG23048                   000000018003faa4     c4_untitled.obj
 0003:00006aa5       $SG23052                   000000018003faa5     c4_untitled.obj
 0003:00006aa6       $SG23056                   000000018003faa6     c4_untitled.obj
 0003:00006aa7       $SG23060                   000000018003faa7     c4_untitled.obj
 0003:00006aa8       $SG23064                   000000018003faa8     c4_untitled.obj
 0003:00006aa9       $SG23068                   000000018003faa9     c4_untitled.obj
 0003:00006aaa       $SG23072                   000000018003faaa     c4_untitled.obj
 0003:00006aab       $SG23076                   000000018003faab     c4_untitled.obj
 0003:00006aac       $SG23080                   000000018003faac     c4_untitled.obj
 0003:00006aad       $SG23084                   000000018003faad     c4_untitled.obj
 0003:00006aae       $SG23088                   000000018003faae     c4_untitled.obj
 0003:00006aaf       $SG23092                   000000018003faaf     c4_untitled.obj
 0003:00006ab0       $SG23096                   000000018003fab0     c4_untitled.obj
 0003:00006ab1       $SG23100                   000000018003fab1     c4_untitled.obj
 0003:00006ab2       $SG23104                   000000018003fab2     c4_untitled.obj
 0003:00006ab3       $SG23108                   000000018003fab3     c4_untitled.obj
 0003:00006ab4       $SG23112                   000000018003fab4     c4_untitled.obj
 0003:00006ab5       $SG23116                   000000018003fab5     c4_untitled.obj
 0003:00006ab6       $SG23120                   000000018003fab6     c4_untitled.obj
 0003:00006ab7       $SG23124                   000000018003fab7     c4_untitled.obj
 0003:00006ab8       $SG23128                   000000018003fab8     c4_untitled.obj
 0003:00006ab9       $SG23132                   000000018003fab9     c4_untitled.obj
 0003:00006aba       $SG23136                   000000018003faba     c4_untitled.obj
 0003:00006abb       $SG23140                   000000018003fabb     c4_untitled.obj
 0003:00006abc       $SG23144                   000000018003fabc     c4_untitled.obj
 0003:00006abd       $SG23455                   000000018003fabd     c4_untitled.obj
 0003:00006abe       $SG25606                   000000018003fabe     c4_untitled.obj
 0003:00006abf       $SG25607                   000000018003fabf     c4_untitled.obj
 0003:00006ac0       _sfTime_                   000000018003fac0     c4_untitled.obj
 0003:00006ac8       $SG25735                   000000018003fac8     c4_untitled.obj
 0003:00006ad0       ?newstr@?1??sf_c4_untitled_get_post_codegen_info@@9@9 000000018003fad0     c4_untitled.obj
 0003:00007048       sfGlobalMdlStartCallCounts 0000000180040048     untitled_sfun_registry.obj
 0003:0000704c       $SG24148                   000000018004004c     untitled_sfun_registry.obj
 0003:0000704e       ?warningGuard@?1??ssGetRootSS@@9@9 000000018004004e     untitled_sfun_registry.obj
 0003:0000704f       ?warningGuard@?1??ssGetParentSS@@9@9 000000018004004f     untitled_sfun_registry.obj
 0003:00007050       GS_ExceptionRecord         0000000180040050     MSVCRT:gs_report.obj
 0003:000070f0       GS_ContextRecord           00000001800400f0     MSVCRT:gs_report.obj
 0003:000075c0       ?__proc_attached@@3HA      00000001800405c0     MSVCRT:dll_dllmain.obj
 0003:00007600       ?is_initialized_as_dll@@3_NA 0000000180040600     MSVCRT:utility.obj
 0003:00007601       ?module_local_atexit_table_initialized@@3_NA 0000000180040601     MSVCRT:utility.obj
 0003:00007608       ?module_local_atexit_table@@3U_onexit_table_t@@A 0000000180040608     MSVCRT:utility.obj
 0003:00007620       ?module_local_at_quick_exit_table@@3U_onexit_table_t@@A 0000000180040620     MSVCRT:utility.obj
