 untitled_sfun

 Timestamp is 6a070ba7 (Fri May 15 20:03:51 2026)

 Preferred load address is 0000000180000000

 Start         Length     Name                   Class
 0001:00000000 0003fb60H .text$mn                CODE
 0001:0003fb60 00000036H .text$mn$00             CODE
 0001:0003fb96 00000092H .text$x                 CODE
 0002:00000000 00000548H .idata$5                DATA
 0002:00000548 00000038H .00cfg                  DATA
 0002:00000580 00000008H .CRT$XCA                DATA
 0002:00000588 00000008H .CRT$XCZ                DATA
 0002:00000590 00000008H .CRT$XIA                DATA
 0002:00000598 00000008H .CRT$XIZ                DATA
 0002:000005a0 00000008H .CRT$XPA                DATA
 0002:000005a8 00000008H .CRT$XPZ                DATA
 0002:000005b0 00000008H .CRT$XTA                DATA
 0002:000005b8 00000008H .CRT$XTZ                DATA
 0002:000005c0 00000000H .gehcont$y              DATA
 0002:000005c0 00000000H .gfids$y                DATA
 0002:000005c0 00000340H .rdata                  DATA
 0002:00000900 00000080H .rdata$CastGuardVftablesA DATA
 0002:00000980 00000080H .rdata$CastGuardVftablesC DATA
 0002:00000a00 00000220H .rdata$voltmd           DATA
 0002:00000c20 00000278H .rdata$zzzdbg           DATA
 0002:00000e98 00000008H .rtc$IAA                DATA
 0002:00000ea0 00000008H .rtc$IZZ                DATA
 0002:00000ea8 00000008H .rtc$TAA                DATA
 0002:00000eb0 00000008H .rtc$TZZ                DATA
 0002:00000eb8 00001368H .xdata                  DATA
 0002:00002220 00000078H .edata                  DATA
 0002:00002298 0000012cH .idata$2                DATA
 0002:000023c4 00000014H .idata$3                DATA
 0002:000023d8 00000548H .idata$4                DATA
 0002:00002920 00000ddcH .idata$6                DATA
 0003:00000000 0000aa90H .data                   DATA
 0003:0000aa90 00001188H .bss                    DATA
 0004:00000000 00001830H .pdata                  DATA

  Address         Publics by Value              Rva+Base               Lib:Object

 0000:00000000       __AbsoluteZero             0000000000000000     <absolute>
 0000:00000000       ___safe_se_handler_count   0000000000000000     <absolute>
 0000:00000000       ___safe_se_handler_table   0000000000000000     <absolute>
 0000:00000000       __arm64x_extra_rfe_table   0000000000000000     <absolute>
 0000:00000000       __arm64x_extra_rfe_table_size 0000000000000000     <absolute>
 0000:00000000       __arm64x_native_entrypoint 0000000000000000     <absolute>
 0000:00000000       __arm64x_redirection_metadata 0000000000000000     <absolute>
 0000:00000000       __arm64x_redirection_metadata_count 0000000000000000     <absolute>
 0000:00000000       __dynamic_value_reloc_table 0000000000000000     <absolute>
 0000:00000000       __enclave_config           0000000000000000     <absolute>
 0000:00000000       __guard_check_icall_a64n_fptr 0000000000000000     <absolute>
 0000:00000000       __guard_eh_cont_count      0000000000000000     <absolute>
 0000:00000000       __guard_eh_cont_table      0000000000000000     <absolute>
 0000:00000000       __guard_fids_count         0000000000000000     <absolute>
 0000:00000000       __guard_fids_table         0000000000000000     <absolute>
 0000:00000000       __guard_iat_count          0000000000000000     <absolute>
 0000:00000000       __guard_iat_table          0000000000000000     <absolute>
 0000:00000000       __guard_longjmp_count      0000000000000000     <absolute>
 0000:00000000       __guard_longjmp_table      0000000000000000     <absolute>
 0000:00000000       __hybrid_auxiliary_delayload_iat 0000000000000000     <absolute>
 0000:00000000       __hybrid_auxiliary_delayload_iat_copy 0000000000000000     <absolute>
 0000:00000000       __hybrid_auxiliary_iat     0000000000000000     <absolute>
 0000:00000000       __hybrid_auxiliary_iat_copy 0000000000000000     <absolute>
 0000:00000000       __hybrid_code_map          0000000000000000     <absolute>
 0000:00000000       __hybrid_code_map_count    0000000000000000     <absolute>
 0000:00000000       __hybrid_image_info_bitfield 0000000000000000     <absolute>
 0000:00000000       __x64_code_ranges_to_entry_points 0000000000000000     <absolute>
 0000:00000000       __x64_code_ranges_to_entry_points_count 0000000000000000     <absolute>
 0000:00000100       __guard_flags              0000000000000100     <absolute>
 0000:00000000       __ImageBase                0000000180000000     <linker-defined>
 0001:00000000       untitled_initializer       0000000180001000 f   untitled_sfun.obj
 0001:00000010       untitled_terminator        0000000180001010 f   untitled_sfun.obj
 0001:00000020       load_untitled_optimization_info 0000000180001020 f   untitled_sfun.obj
 0001:000000d0       unload_untitled_optimization_info 00000001800010d0 f   untitled_sfun.obj
 0001:00000100       sf_untitled_method_dispatcher 0000000180001100 f   untitled_sfun.obj
 0001:00000170       sf_untitled_process_check_sum_call 0000000180001170 f   untitled_sfun.obj
 0001:00000680       sf_untitled_get_eml_resolved_functions_info 0000000180001680 f   untitled_sfun.obj
 0001:000008c0       sf_untitled_third_party_uses_info 00000001800018c0 f   untitled_sfun.obj
 0001:00000ac0       sf_untitled_jit_fallback_info 0000000180001ac0 f   untitled_sfun.obj
 0001:00000cc0       sf_untitled_get_post_codegen_info 0000000180001cc0 f   untitled_sfun.obj
 0001:00000ef0       sf_untitled_updateBuildInfo_args_info 0000000180001ef0 f   untitled_sfun.obj
 0001:000010f0       sf_c3_untitled_get_eml_resolved_functions_info 00000001800020f0 f   c3_untitled.obj
 0001:00001170       sf_c3_untitled_get_check_sum 0000000180002170 f   c3_untitled.obj
 0001:00001240       c3_untitled_method_dispatcher 0000000180002240 f   c3_untitled.obj
 0001:0000c3c0       sf_c3_untitled_third_party_uses_info 000000018000d3c0 f   c3_untitled.obj
 0001:0000c410       sf_c3_untitled_jit_fallback_info 000000018000d410 f   c3_untitled.obj
 0001:0000c5a0       sf_c3_untitled_updateBuildInfo_args_info 000000018000d5a0 f   c3_untitled.obj
 0001:0000c8d0       sf_c3_untitled_get_post_codegen_info 000000018000d8d0 f   c3_untitled.obj
 0001:0000cdb0       sf_c4_untitled_get_eml_resolved_functions_info 000000018000ddb0 f   c4_untitled.obj
 0001:0000ce30       sf_c4_untitled_get_check_sum 000000018000de30 f   c4_untitled.obj
 0001:0000cf00       c4_untitled_method_dispatcher 000000018000df00 f   c4_untitled.obj
 0001:00018080       sf_c4_untitled_third_party_uses_info 0000000180019080 f   c4_untitled.obj
 0001:000180d0       sf_c4_untitled_jit_fallback_info 00000001800190d0 f   c4_untitled.obj
 0001:00018260       sf_c4_untitled_updateBuildInfo_args_info 0000000180019260 f   c4_untitled.obj
 0001:00018590       sf_c4_untitled_get_post_codegen_info 0000000180019590 f   c4_untitled.obj
 0001:00018a70       mexFunction                0000000180019a70 f   untitled_sfun_registry.obj
 0001:0001b3b0       _ssSetInputPortDirectFeedThroughFcn 000000018001c3b0 f   untitled_sfun_registry.obj
 0001:0001b520       _ssSetRWorkValueFcn        000000018001c520 f   untitled_sfun_registry.obj
 0001:0001b5a0       _ssGetRWorkValueFcn        000000018001c5a0 f   untitled_sfun_registry.obj
 0001:0001b610       _ssSetIWorkValueFcn        000000018001c610 f   untitled_sfun_registry.obj
 0001:0001b690       _ssGetIWorkValueFcn        000000018001c690 f   untitled_sfun_registry.obj
 0001:0001b700       _ssSetPWorkValueFcn        000000018001c700 f   untitled_sfun_registry.obj
 0001:0001b780       _ssGetPWorkValueFcn        000000018001c780 f   untitled_sfun_registry.obj
 0001:0001b7f0       _ssGetInputPortSignalFcn   000000018001c7f0 f   untitled_sfun_registry.obj
 0001:0001bb80       _ssGetInputPortBufferDstPortFcn 000000018001cb80 f   untitled_sfun_registry.obj
 0001:0001bc00       _ssGetInputPortSignalPtrsFcn 000000018001cc00 f   untitled_sfun_registry.obj
 0001:0001bf90       ssGetParameterTuningCompliance 000000018001cf90 f   untitled_sfun_registry.obj
 0001:0001c000       _ssReadInputStringFcn      000000018001d000 f   untitled_sfun_registry.obj
 0001:0001c070       ssGetDTypeIdFromMxArray    000000018001d070 f   untitled_sfun_registry.obj
 0001:0001c190       ssWriteRTWMx2dMatParam     000000018001d190 f   untitled_sfun_registry.obj
 0001:0001c220       ssWriteRTWMxVectParam      000000018001d220 f   untitled_sfun_registry.obj
 0001:0001c2a0       ssWriteRTWParameters       000000018001d2a0 f   untitled_sfun_registry.obj
 0001:0001c860       ssWriteRTWParamSettings    000000018001d860 f   untitled_sfun_registry.obj
 0001:0001cf50       ssWriteRTWStr              000000018001df50 f   untitled_sfun_registry.obj
 0001:0001cfb0       ssWriteRTWWorkVect         000000018001dfb0 f   untitled_sfun_registry.obj
 0001:0001d510       ssWarning                  000000018001e510 f   untitled_sfun_registry.obj
 0001:0001d600       ssGetRootSS                000000018001e600 f   untitled_sfun_registry.obj
 0001:0001d6c0       ssGetParentSS              000000018001e6c0 f   untitled_sfun_registry.obj
 0001:0001d780       ssWriteRTWNameValuePair    000000018001e780 f   untitled_sfun_registry.obj
 0001:0001dc80       _ssSetInputPortMatrixDimensions 000000018001ec80 f   untitled_sfun_registry.obj
 0001:0001ddd0       _ssSetOutputPortMatrixDimensions 000000018001edd0 f   untitled_sfun_registry.obj
 0001:0001df20       _ssSetInputPortVectorDimension 000000018001ef20 f   untitled_sfun_registry.obj
 0001:0001dfd0       _ssSetOutputPortVectorDimension 000000018001efd0 f   untitled_sfun_registry.obj
 0001:0001e080       ssIsRunTimeParamTunable    000000018001f080 f   untitled_sfun_registry.obj
 0001:0001e0f0       ssGetSFuncBlockHandle      000000018001f0f0 f   untitled_sfun_registry.obj
 0001:0001e160       _ssGetCallSystemNumFcnCallDestinations 000000018001f160 f   untitled_sfun_registry.obj
 0001:0001e1d0       _ssGetCurrentInputPortWidth 000000018001f1d0 f   untitled_sfun_registry.obj
 0001:0001e310       _ssGetCurrentOutputPortWidth 000000018001f310 f   untitled_sfun_registry.obj
 0001:0001e450       ssGetIsZeroCrossControlDisabled 000000018001f450 f   untitled_sfun_registry.obj
 0001:0001e4c0       ssSetIsInputPortUsedForContZcSignal 000000018001f4c0 f   untitled_sfun_registry.obj
 0001:0001e530       ssSetZcSignalIsZcElementDisc 000000018001f530 f   untitled_sfun_registry.obj
 0001:0001e5e0       ssSetZcSignalName          000000018001f5e0 f   untitled_sfun_registry.obj
 0001:0001e650       ssSetZcSignalWidth         000000018001f650 f   untitled_sfun_registry.obj
 0001:0001e6c0       ssSetZcSignalZcEventType   000000018001f6c0 f   untitled_sfun_registry.obj
 0001:0001e730       ssSetZcSignalType          000000018001f730 f   untitled_sfun_registry.obj
 0001:0001e7a0       ssSetZcSignalZcTol         000000018001f7a0 f   untitled_sfun_registry.obj
 0001:0001e810       ssSetZcSignalNeedsEventNotification 000000018001f810 f   untitled_sfun_registry.obj
 0001:0001e880       ssCreateAndAddZcSignalInfo 000000018001f880 f   untitled_sfun_registry.obj
 0001:0001e8f0       ssCloneAndAddZcSignalInfo  000000018001f8f0 f   untitled_sfun_registry.obj
 0001:0001e960       ssGetNumZcSignals          000000018001f960 f   untitled_sfun_registry.obj
 0001:0001e9d0       ssGetZcSignalVector        000000018001f9d0 f   untitled_sfun_registry.obj
 0001:0001ea40       ssGetZcSignalName          000000018001fa40 f   untitled_sfun_registry.obj
 0001:0001eab0       ssGetZcSignalWidth         000000018001fab0 f   untitled_sfun_registry.obj
 0001:0001eb20       ssGetZcSignalZcEventType   000000018001fb20 f   untitled_sfun_registry.obj
 0001:0001eb90       ssGetZcSignalZcEvents      000000018001fb90 f   untitled_sfun_registry.obj
 0001:0001ec00       ssGetZcSignalType          000000018001fc00 f   untitled_sfun_registry.obj
 0001:0001ec70       ssGetZcSignalZcTol         000000018001fc70 f   untitled_sfun_registry.obj
 0001:0001ecf0       ssGetZcSignalNeedsEventNotification 000000018001fcf0 f   untitled_sfun_registry.obj
 0001:0001ed60       ssGetZcSignalIsZcElementDisc 000000018001fd60 f   untitled_sfun_registry.obj
 0001:0001ee00       ssGetIsInputPortElementContinuous 000000018001fe00 f   untitled_sfun_registry.obj
 0001:0001eea0       _ssGetAbsTol               000000018001fea0 f   untitled_sfun_registry.obj
 0001:0001ef10       _ssSetStateAbsTol          000000018001ff10 f   untitled_sfun_registry.obj
 0001:0001eff0       _ssSetInputPortReusableFcn 000000018001fff0 f   untitled_sfun_registry.obj
 0001:0001f0f0       _ssSetOutputPortReusableFcn 00000001800200f0 f   untitled_sfun_registry.obj
 0001:0001f1f0       _ssSetSymbolicDimsSupport  00000001800201f0 f   untitled_sfun_registry.obj
 0001:0001f260       _ssRegisterSymbolicDimsExpr 0000000180020260 f   untitled_sfun_registry.obj
 0001:0001f2e0       _ssRegisterSymbolicDimsMATLABExpr 00000001800202e0 f   untitled_sfun_registry.obj
 0001:0001f370       _ssRegisterSymbolicDims    0000000180020370 f   untitled_sfun_registry.obj
 0001:0001f410       _ssRegisterSymbolicDimsString 0000000180020410 f   untitled_sfun_registry.obj
 0001:0001f490       _ssRegisterSymbolicDimsIntValue 0000000180020490 f   untitled_sfun_registry.obj
 0001:0001f500       _ssRegisterSymbolicEqualRelation 0000000180020500 f   untitled_sfun_registry.obj
 0001:0001f570       _ssRegisterSymbolicEqualValue 0000000180020570 f   untitled_sfun_registry.obj
 0001:0001f5e0       _ssAmendLeadingSymbolicDims 00000001800205e0 f   untitled_sfun_registry.obj
 0001:0001f660       _ssAmendTrailingSymbolicDims 0000000180020660 f   untitled_sfun_registry.obj
 0001:0001f6e0       _ssRegisterSymbolicDimsPlus 00000001800206e0 f   untitled_sfun_registry.obj
 0001:0001f760       _ssRegisterSymbolicDimsMinus 0000000180020760 f   untitled_sfun_registry.obj
 0001:0001f7e0       _ssRegisterSymbolicDimsMultiply 00000001800207e0 f   untitled_sfun_registry.obj
 0001:0001f860       _ssRegisterSymbolicDimsDivide 0000000180020860 f   untitled_sfun_registry.obj
 0001:0001f8e0       _ssGetNumSymbolicDims      00000001800208e0 f   untitled_sfun_registry.obj
 0001:0001f950       _ssGetSymbolicDim          0000000180020950 f   untitled_sfun_registry.obj
 0001:0001f9d0       _ssSetInputPortSymbolicDimsId 00000001800209d0 f   untitled_sfun_registry.obj
 0001:0001fa40       _ssGetCompInputPortSymbolicDimsId 0000000180020a40 f   untitled_sfun_registry.obj
 0001:0001fab0       _ssSetCompInputPortSymbolicDimsId 0000000180020ab0 f   untitled_sfun_registry.obj
 0001:0001fb20       _ssSetOutputPortSymbolicDimsId 0000000180020b20 f   untitled_sfun_registry.obj
 0001:0001fb90       _ssGetCompOutputPortSymbolicDimsId 0000000180020b90 f   untitled_sfun_registry.obj
 0001:0001fc00       _ssSetCompOutputPortSymbolicDimsId 0000000180020c00 f   untitled_sfun_registry.obj
 0001:0001fc70       _ssGetDWorkSymbolicDimsId  0000000180020c70 f   untitled_sfun_registry.obj
 0001:0001fce0       _ssSetDWorkSymbolicDimsId  0000000180020ce0 f   untitled_sfun_registry.obj
 0001:0001fd50       _ssGetCompDWorkSymbolicDimsId 0000000180020d50 f   untitled_sfun_registry.obj
 0001:0001fdc0       _ssSetCompDWorkSymbolicDimsId 0000000180020dc0 f   untitled_sfun_registry.obj
 0001:0001fe30       _ssCreateSLCGStringBuffer  0000000180020e30 f   untitled_sfun_registry.obj
 0001:0001fea0       _ssAddToSLCGStringBuffer   0000000180020ea0 f   untitled_sfun_registry.obj
 0001:0001ff10       _ssGetPointerContainedData 0000000180020f10 f   untitled_sfun_registry.obj
 0001:0001ffa0       _ssGetPointerContainedDataWidth 0000000180020fa0 f   untitled_sfun_registry.obj
 0001:00020030       _ssRegisterDynamicArrayDataTypeFcn 0000000180021030 f   untitled_sfun_registry.obj
 0001:000200d0       _ssGetDynamicArrayContainedDataCurrentWidthFcn 00000001800210d0 f   untitled_sfun_registry.obj
 0001:000201a0       _ssGetDynamicArrayContainedDataFcn 00000001800211a0 f   untitled_sfun_registry.obj
 0001:00020270       _ssGetInputPortDynamicArrayDataFcn 0000000180021270 f   untitled_sfun_registry.obj
 0001:00020330       _ssGetOutputPortDynamicArrayDataFcn 0000000180021330 f   untitled_sfun_registry.obj
 0001:000203f0       _ssGetInputPortDynamicArrayContainedDataFcn 00000001800213f0 f   untitled_sfun_registry.obj
 0001:000204b0       _ssGetOutputPortDynamicArrayContainedDataFcn 00000001800214b0 f   untitled_sfun_registry.obj
 0001:00020570       _ssGetDynamicArrayDWorkContainedDataFcn 0000000180021570 f   untitled_sfun_registry.obj
 0001:00020630       sf_process_check_sum_call  0000000180021630 f   untitled_sfun_registry.obj
 0001:00020680       sf_process_get_third_party_uses_info_call 0000000180021680 f   untitled_sfun_registry.obj
 0001:000208b0       sf_process_get_jit_fallback_info_call 00000001800218b0 f   untitled_sfun_registry.obj
 0001:00020ae0       sf_process_get_post_codegen_info_call 0000000180021ae0 f   untitled_sfun_registry.obj
 0001:00020d10       sf_process_get_updateBuildInfo_args_info_call 0000000180021d10 f   untitled_sfun_registry.obj
 0001:00020f40       sf_process_get_eml_resolved_functions_info_call 0000000180021f40 f   untitled_sfun_registry.obj
 0001:00021170       sf_mex_unlock_call         0000000180022170 f   untitled_sfun_registry.obj
 0001:00021390       sf_machine_global_initializer_called 0000000180022390 f   untitled_sfun_registry.obj
 0001:000213c0       sf_machine_global_method_dispatcher 00000001800223c0 f   untitled_sfun_registry.obj
 0001:00021420       sf_machine_global_terminator 0000000180022420 f   untitled_sfun_registry.obj
 0001:00021460       callCustomFcn              0000000180022460 f   untitled_sfun_registry.obj
 0001:00021470       sf_machine_global_initializer 0000000180022470 f   untitled_sfun_registry.obj
 0001:000214a0       mdlGetSimState             00000001800224a0 f   untitled_sfun_registry.obj
 0001:000214e0       mdlSetSimState             00000001800224e0 f   untitled_sfun_registry.obj
 0001:00021e90       ProcessMexSfunctionEveryCall 0000000180022e90 f   untitled_sfun_registry.obj
 0001:00023020       __local_stdio_printf_options 0000000180024020 f i untitled_sfun_registry.obj
 0001:00023030       _vsnprintf_l               0000000180024030 f i untitled_sfun_registry.obj
 0001:000230b0       _vsprintf_l                00000001800240b0 f i untitled_sfun_registry.obj
 0001:00023100       sprintf                    0000000180024100 f i untitled_sfun_registry.obj
 0001:00023150       mexfilerequiredapiversion  0000000180024150 f   c_mexapi_version.obj
 0001:00023180       cs_di_add                  0000000180024180 f   cs_ri_bundle.obj
 0001:00023530       cs_di_cholsol              0000000180024530 f   cs_ri_bundle.obj
 0001:00023670       cs_di_dupl                 0000000180024670 f   cs_ri_bundle.obj
 0001:000238a0       cs_di_entry                00000001800248a0 f   cs_ri_bundle.obj
 0001:00023a00       cs_di_lusol                0000000180024a00 f   cs_ri_bundle.obj
 0001:00023b50       cs_di_gaxpy                0000000180024b50 f   cs_ri_bundle.obj
 0001:00023c90       cs_di_multiply             0000000180024c90 f   cs_ri_bundle.obj
 0001:000240c0       cs_di_qrsol                00000001800250c0 f   cs_ri_bundle.obj
 0001:00024410       cs_di_transpose            0000000180025410 f   cs_ri_bundle.obj
 0001:00024700       cs_di_compress             0000000180025700 f   cs_ri_bundle.obj
 0001:00024980       cs_di_norm                 0000000180025980 f   cs_ri_bundle.obj
 0001:00024ac0       cs_di_print                0000000180025ac0 f   cs_ri_bundle.obj
 0001:00024e90       cs_di_load                 0000000180025e90 f   cs_ri_bundle.obj
 0001:00024f40       cs_di_calloc               0000000180025f40 f   cs_ri_bundle.obj
 0001:00024f90       cs_di_free                 0000000180025f90 f   cs_ri_bundle.obj
 0001:00024fc0       cs_di_realloc              0000000180025fc0 f   cs_ri_bundle.obj
 0001:00025070       cs_di_spalloc              0000000180026070 f   cs_ri_bundle.obj
 0001:000251f0       cs_di_spfree               00000001800261f0 f   cs_ri_bundle.obj
 0001:00025250       cs_di_sprealloc            0000000180026250 f   cs_ri_bundle.obj
 0001:000253d0       cs_di_malloc               00000001800263d0 f   cs_ri_bundle.obj
 0001:00025420       cs_di_amd                  0000000180026420 f   cs_ri_bundle.obj
 0001:00027050       cs_di_chol                 0000000180028050 f   cs_ri_bundle.obj
 0001:000276e0       cs_di_dmperm               00000001800286e0 f   cs_ri_bundle.obj
 0001:000280b0       cs_di_droptol              00000001800290b0 f   cs_ri_bundle.obj
 0001:000280e0       cs_di_dropzeros            00000001800290e0 f   cs_ri_bundle.obj
 0001:00028110       cs_di_happly               0000000180029110 f   cs_ri_bundle.obj
 0001:000282b0       cs_di_ipvec                00000001800292b0 f   cs_ri_bundle.obj
 0001:00028350       cs_di_lsolve               0000000180029350 f   cs_ri_bundle.obj
 0001:000284c0       cs_di_ltsolve              00000001800294c0 f   cs_ri_bundle.obj
 0001:00028630       cs_di_lu                   0000000180029630 f   cs_ri_bundle.obj
 0001:00028e40       cs_di_permute              0000000180029e40 f   cs_ri_bundle.obj
 0001:000290e0       cs_di_pinv                 000000018002a0e0 f   cs_ri_bundle.obj
 0001:00029170       cs_di_pvec                 000000018002a170 f   cs_ri_bundle.obj
 0001:00029210       cs_di_qr                   000000018002a210 f   cs_ri_bundle.obj
 0001:00029a40       cs_di_schol                000000018002aa40 f   cs_ri_bundle.obj
 0001:00029c10       cs_di_sqr                  000000018002ac10 f   cs_ri_bundle.obj
 0001:00029e90       cs_di_symperm              000000018002ae90 f   cs_ri_bundle.obj
 0001:0002a310       cs_di_usolve               000000018002b310 f   cs_ri_bundle.obj
 0001:0002a480       cs_di_utsolve              000000018002b480 f   cs_ri_bundle.obj
 0001:0002a5f0       cs_di_updown               000000018002b5f0 f   cs_ri_bundle.obj
 0001:0002ac10       cs_di_sfree                000000018002bc10 f   cs_ri_bundle.obj
 0001:0002ac80       cs_di_nfree                000000018002bc80 f   cs_ri_bundle.obj
 0001:0002acf0       cs_di_dfree                000000018002bcf0 f   cs_ri_bundle.obj
 0001:0002ad60       cs_di_counts               000000018002bd60 f   cs_ri_bundle.obj
 0001:0002b340       cs_di_cumsum               000000018002c340 f   cs_ri_bundle.obj
 0001:0002b430       cs_di_dfs                  000000018002c430 f   cs_ri_bundle.obj
 0001:0002b6b0       cs_di_etree                000000018002c6b0 f   cs_ri_bundle.obj
 0001:0002b950       cs_di_fkeep                000000018002c950 f   cs_ri_bundle.obj
 0001:0002bb10       cs_di_house                000000018002cb10 f   cs_ri_bundle.obj
 0001:0002bd00       cs_di_maxtrans             000000018002cd00 f   cs_ri_bundle.obj
 0001:0002c490       cs_di_post                 000000018002d490 f   cs_ri_bundle.obj
 0001:0002c660       cs_di_scc                  000000018002d660 f   cs_ri_bundle.obj
 0001:0002caa0       cs_di_scatter              000000018002daa0 f   cs_ri_bundle.obj
 0001:0002cc70       cs_di_tdfs                 000000018002dc70 f   cs_ri_bundle.obj
 0001:0002cd70       cs_di_leaf                 000000018002dd70 f   cs_ri_bundle.obj
 0001:0002cee0       cs_di_reach                000000018002dee0 f   cs_ri_bundle.obj
 0001:0002d080       cs_di_spsolve              000000018002e080 f   cs_ri_bundle.obj
 0001:0002d440       cs_di_ereach               000000018002e440 f   cs_ri_bundle.obj
 0001:0002d650       cs_di_randperm             000000018002e650 f   cs_ri_bundle.obj
 0001:0002d780       cs_di_dalloc               000000018002e780 f   cs_ri_bundle.obj
 0001:0002d870       cs_di_done                 000000018002e870 f   cs_ri_bundle.obj
 0001:0002d8d0       cs_di_idone                000000018002e8d0 f   cs_ri_bundle.obj
 0001:0002d930       cs_di_ndone                000000018002e930 f   cs_ri_bundle.obj
 0001:0002d9a0       cs_di_ddone                000000018002e9a0 f   cs_ri_bundle.obj
 0001:0002da00       cs_di_divcc                000000018002ea00 f   cs_ri_bundle.obj
 0001:0002da20       cs_di_mulcc                000000018002ea20 f   cs_ri_bundle.obj
 0001:0002da40       cs_di_subcc                000000018002ea40 f   cs_ri_bundle.obj
 0001:0002da60       cs_di_pluscc               000000018002ea60 f   cs_ri_bundle.obj
 0001:0002da80       cs_di_equalcc              000000018002ea80 f   cs_ri_bundle.obj
 0001:0002dac0       cs_di_createFromDouble     000000018002eac0 f   cs_ri_bundle.obj
 0001:0002dae0       cs_di_sqrt                 000000018002eae0 f   cs_ri_bundle.obj
 0001:0002db00       cs_di_flipSign             000000018002eb00 f   cs_ri_bundle.obj
 0001:0002db20       cs_di_muldc                000000018002eb20 f   cs_ri_bundle.obj
 0001:0002ea70       __local_stdio_scanf_options 000000018002fa70 f i cs_ri_bundle.obj
 0001:0002ea80       _vfscanf_l                 000000018002fa80 f i cs_ri_bundle.obj
 0001:0002ead0       fscanf                     000000018002fad0 f i cs_ri_bundle.obj
 0001:0002eb20       cs_ci_add                  000000018002fb20 f   cs_ci_bundle.obj
 0001:0002ef20       cs_ci_cholsol              000000018002ff20 f   cs_ci_bundle.obj
 0001:0002f060       cs_ci_dupl                 0000000180030060 f   cs_ci_bundle.obj
 0001:0002f310       cs_ci_entry                0000000180030310 f   cs_ci_bundle.obj
 0001:0002f480       cs_ci_lusol                0000000180030480 f   cs_ci_bundle.obj
 0001:0002f5d0       cs_ci_gaxpy                00000001800305d0 f   cs_ci_bundle.obj
 0001:0002f7c0       cs_ci_multiply             00000001800307c0 f   cs_ci_bundle.obj
 0001:0002fc40       cs_ci_qrsol                0000000180030c40 f   cs_ci_bundle.obj
 0001:0002ff90       cs_ci_transpose            0000000180030f90 f   cs_ci_bundle.obj
 0001:000302c0       cs_ci_compress             00000001800312c0 f   cs_ci_bundle.obj
 0001:00030550       cs_ci_norm                 0000000180031550 f   cs_ci_bundle.obj
 0001:000306c0       cs_ci_print                00000001800316c0 f   cs_ci_bundle.obj
 0001:00030b90       cs_ci_load                 0000000180031b90 f   cs_ci_bundle.obj
 0001:00030c80       cs_ci_calloc               0000000180031c80 f   cs_ci_bundle.obj
 0001:00030cd0       cs_ci_free                 0000000180031cd0 f   cs_ci_bundle.obj
 0001:00030d00       cs_ci_realloc              0000000180031d00 f   cs_ci_bundle.obj
 0001:00030db0       cs_ci_spalloc              0000000180031db0 f   cs_ci_bundle.obj
 0001:00030f30       cs_ci_spfree               0000000180031f30 f   cs_ci_bundle.obj
 0001:00030f90       cs_ci_sprealloc            0000000180031f90 f   cs_ci_bundle.obj
 0001:00031110       cs_ci_malloc               0000000180032110 f   cs_ci_bundle.obj
 0001:00031160       cs_ci_amd                  0000000180032160 f   cs_ci_bundle.obj
 0001:00032dc0       cs_ci_chol                 0000000180033dc0 f   cs_ci_bundle.obj
 0001:00033730       cs_ci_dmperm               0000000180034730 f   cs_ci_bundle.obj
 0001:00034100       cs_ci_droptol              0000000180035100 f   cs_ci_bundle.obj
 0001:00034130       cs_ci_dropzeros            0000000180035130 f   cs_ci_bundle.obj
 0001:00034160       cs_ci_happly               0000000180035160 f   cs_ci_bundle.obj
 0001:00034510       cs_ci_ipvec                0000000180035510 f   cs_ci_bundle.obj
 0001:000345c0       cs_ci_lsolve               00000001800355c0 f   cs_ci_bundle.obj
 0001:00034830       cs_ci_ltsolve              0000000180035830 f   cs_ci_bundle.obj
 0001:00034af0       cs_ci_lu                   0000000180035af0 f   cs_ci_bundle.obj
 0001:00035420       cs_ci_permute              0000000180036420 f   cs_ci_bundle.obj
 0001:000356d0       cs_ci_pinv                 00000001800366d0 f   cs_ci_bundle.obj
 0001:00035760       cs_ci_pvec                 0000000180036760 f   cs_ci_bundle.obj
 0001:00035810       cs_ci_qr                   0000000180036810 f   cs_ci_bundle.obj
 0001:00036100       cs_ci_schol                0000000180037100 f   cs_ci_bundle.obj
 0001:000362d0       cs_ci_sqr                  00000001800372d0 f   cs_ci_bundle.obj
 0001:00036550       cs_ci_symperm              0000000180037550 f   cs_ci_bundle.obj
 0001:00036a10       cs_ci_usolve               0000000180037a10 f   cs_ci_bundle.obj
 0001:00036c80       cs_ci_utsolve              0000000180037c80 f   cs_ci_bundle.obj
 0001:00036f40       cs_ci_updown               0000000180037f40 f   cs_ci_bundle.obj
 0001:00037b00       cs_ci_sfree                0000000180038b00 f   cs_ci_bundle.obj
 0001:00037b70       cs_ci_nfree                0000000180038b70 f   cs_ci_bundle.obj
 0001:00037be0       cs_ci_dfree                0000000180038be0 f   cs_ci_bundle.obj
 0001:00037c50       cs_ci_counts               0000000180038c50 f   cs_ci_bundle.obj
 0001:00038230       cs_ci_cumsum               0000000180039230 f   cs_ci_bundle.obj
 0001:00038320       cs_ci_dfs                  0000000180039320 f   cs_ci_bundle.obj
 0001:000385a0       cs_ci_etree                00000001800395a0 f   cs_ci_bundle.obj
 0001:00038840       cs_ci_fkeep                0000000180039840 f   cs_ci_bundle.obj
 0001:00038a50       cs_ci_house                0000000180039a50 f   cs_ci_bundle.obj
 0001:00039000       cs_ci_maxtrans             000000018003a000 f   cs_ci_bundle.obj
 0001:00039790       cs_ci_post                 000000018003a790 f   cs_ci_bundle.obj
 0001:00039960       cs_ci_scc                  000000018003a960 f   cs_ci_bundle.obj
 0001:00039da0       cs_ci_scatter              000000018003ada0 f   cs_ci_bundle.obj
 0001:0003a070       cs_ci_tdfs                 000000018003b070 f   cs_ci_bundle.obj
 0001:0003a170       cs_ci_leaf                 000000018003b170 f   cs_ci_bundle.obj
 0001:0003a2e0       cs_ci_reach                000000018003b2e0 f   cs_ci_bundle.obj
 0001:0003a480       cs_ci_spsolve              000000018003b480 f   cs_ci_bundle.obj
 0001:0003a950       cs_ci_ereach               000000018003b950 f   cs_ci_bundle.obj
 0001:0003ab60       cs_ci_randperm             000000018003bb60 f   cs_ci_bundle.obj
 0001:0003ac90       cs_ci_dalloc               000000018003bc90 f   cs_ci_bundle.obj
 0001:0003ad80       cs_ci_done                 000000018003bd80 f   cs_ci_bundle.obj
 0001:0003ade0       cs_ci_idone                000000018003bde0 f   cs_ci_bundle.obj
 0001:0003ae40       cs_ci_ndone                000000018003be40 f   cs_ci_bundle.obj
 0001:0003aeb0       cs_ci_ddone                000000018003beb0 f   cs_ci_bundle.obj
 0001:0003af10       cs_ci_divcc                000000018003bf10 f   cs_ci_bundle.obj
 0001:0003b3b0       cs_ci_mulcc                000000018003c3b0 f   cs_ci_bundle.obj
 0001:0003b5c0       cs_ci_subcc                000000018003c5c0 f   cs_ci_bundle.obj
 0001:0003b6d0       cs_ci_pluscc               000000018003c6d0 f   cs_ci_bundle.obj
 0001:0003b7e0       cs_ci_equalcc              000000018003c7e0 f   cs_ci_bundle.obj
 0001:0003b8d0       cs_ci_createFromDouble     000000018003c8d0 f   cs_ci_bundle.obj
 0001:0003b920       cs_ci_sqrt                 000000018003c920 f   cs_ci_bundle.obj
 0001:0003b990       cs_ci_flipSign             000000018003c990 f   cs_ci_bundle.obj
 0001:0003ba40       cs_ci_muldc                000000018003ca40 f   cs_ci_bundle.obj
 0001:0003ca10       solve_from_lu_di           000000018003da10 f   solve_from_lu.obj
 0001:0003cac0       solve_from_lu_ci           000000018003dac0 f   solve_from_lu.obj
 0001:0003cb60       solve_from_qr_di           000000018003db60 f   solve_from_qr.obj
 0001:0003cd10       qr_rank_di                 000000018003dd10 f   solve_from_qr.obj
 0001:0003cf60       solve_from_qr_ci           000000018003df60 f   solve_from_qr.obj
 0001:0003d110       qr_rank_ci                 000000018003e110 f   solve_from_qr.obj
 0001:0003d390       makeCXSparseMatrix         000000018003e390 f   makeCXSparseMatrix.obj
 0001:0003d4a0       makeComplexCXSparseMatrix  000000018003e4a0 f   makeCXSparseMatrix.obj
 0001:0003d5b0       unpackCXSparse_ci          000000018003e5b0 f   unpackCXStruct.obj
 0001:0003d780       getNZmax_ci                000000018003e780 f   unpackCXStruct.obj
 0001:0003d7a0       getNNZ_ci                  000000018003e7a0 f   unpackCXStruct.obj
 0001:0003d7d0       getM_ci                    000000018003e7d0 f   unpackCXStruct.obj
 0001:0003d7f0       getN_ci                    000000018003e7f0 f   unpackCXStruct.obj
 0001:0003d810       getCholPointer_ci          000000018003e810 f   unpackCXStruct.obj
 0001:0003d830       unpackCXSparse_di          000000018003e830 f   unpackCXStruct.obj
 0001:0003d960       getNZmax_di                000000018003e960 f   unpackCXStruct.obj
 0001:0003d980       getNNZ_di                  000000018003e980 f   unpackCXStruct.obj
 0001:0003d9b0       getM_di                    000000018003e9b0 f   unpackCXStruct.obj
 0001:0003d9d0       getN_di                    000000018003e9d0 f   unpackCXStruct.obj
 0001:0003d9f0       getCholPointer_di          000000018003e9f0 f   unpackCXStruct.obj
 0001:0003da00       getBitfieldFromFloat       000000018003ea00 f   half_type.obj
 0001:0003da30       getFloatFromBitfield       000000018003ea30 f   half_type.obj
 0001:0003da60       getBitfieldFromHalf        000000018003ea60 f   half_type.obj
 0001:0003da80       getHalfFromBitfield        000000018003ea80 f   half_type.obj
 0001:0003dab0       halfToFloat                000000018003eab0 f   half_type.obj
 0001:0003dc30       halfToDouble               000000018003ec30 f   half_type.obj
 0001:0003dc60       floatToHalf                000000018003ec60 f   half_type.obj
 0001:0003dec0       doubleToHalf               000000018003eec0 f   half_type.obj
 0001:0003e1ab       sf_load_rtw_optimization_info 000000018003f1ab f   sf_runtime:sf_runtime.dll
 0001:0003e1b1       sf_mex_decode              000000018003f1b1 f   sf_runtime:sf_runtime.dll
 0001:0003e1b7       sf_init_ChartRunTimeInfo   000000018003f1b7 f   sf_runtime:sf_runtime.dll
 0001:0003e1bd       sf_free_ChartRunTimeInfo   000000018003f1bd f   sf_runtime:sf_runtime.dll
 0001:0003e1c3       sf_reset_warnings_ChartRunTimeInfo 000000018003f1c3 f   sf_runtime:sf_runtime.dll
 0001:0003e1c9       sfrtGetEmlrtCtx            000000018003f1c9 f   sf_runtime:sf_runtime.dll
 0001:0003e1cf       sfrtGetCovrtInstance       000000018003f1cf f   sf_runtime:sf_runtime.dll
 0001:0003e1d5       sf_get_chart_instance_ptr  000000018003f1d5 f   sf_runtime:sf_runtime.dll
 0001:0003e1db       sfSetAnimationVectors      000000018003f1db f   sf_runtime:sf_runtime.dll
 0001:0003e1e1       sim_mode_is_rtw_gen        000000018003f1e1 f   sf_runtime:sf_runtime.dll
 0001:0003e1e7       sim_mode_is_external       000000018003f1e7 f   sf_runtime:sf_runtime.dll
 0001:0003e1ed       sf_mex_listen_for_ctrl_c   000000018003f1ed f   sf_runtime:sf_runtime.dll
 0001:0003e1f3       sf_clear_rtw_identifier    000000018003f1f3 f   sf_runtime:sf_runtime.dll
 0001:0003e1f9       sf_get_time                000000018003f1f9 f   sf_runtime:sf_runtime.dll
 0001:0003e1ff       sf_set_work_widths         000000018003f1ff f   sf_runtime:sf_runtime.dll
 0001:0003e205       mdlProcessParamsCommon     000000018003f205 f   sf_runtime:sf_runtime.dll
 0001:0003e20b       sf_mex_call                000000018003f20b f   sf_runtime:sf_runtime.dll
 0001:0003e211       sf_mex_error_message       000000018003f211 f   sf_runtime:sf_runtime.dll
 0001:0003e217       sf_mex_create              000000018003f217 f   sf_runtime:sf_runtime.dll
 0001:0003e21d       sf_mex_createcellmatrix    000000018003f21d f   sf_runtime:sf_runtime.dll
 0001:0003e223       sf_mex_setcell             000000018003f223 f   sf_runtime:sf_runtime.dll
 0001:0003e229       sf_mex_getcell             000000018003f229 f   sf_runtime:sf_runtime.dll
 0001:0003e22f       sf_mex_assign              000000018003f22f f   sf_runtime:sf_runtime.dll
 0001:0003e235       sf_mex_dup                 000000018003f235 f   sf_runtime:sf_runtime.dll
 0001:0003e23b       sf_mex_destroy             000000018003f23b f   sf_runtime:sf_runtime.dll
 0001:0003e241       sf_mex_import              000000018003f241 f   sf_runtime:sf_runtime.dll
 0001:0003e247       ssGetInputPortSignal_wrapper 000000018003f247 f   sf_runtime:sf_runtime.dll
 0001:0003e24d       ssGetOutputPortSignal_wrapper 000000018003f24d f   sf_runtime:sf_runtime.dll
 0001:0003e253       sf_get_ChartInfoStruct_CodeGen 000000018003f253 f   sf_runtime:sf_runtime.dll
 0001:0003e259       sf_get_hasSeparateUpdateOutputs 000000018003f259 f   sf_runtime:sf_runtime.dll
 0001:0003e25f       callMdlMethodAndReportError 000000018003f25f f   sf_runtime:sf_runtime.dll
 0001:0003e265       call_sf_machine_global_method_dispatcher 000000018003f265 f   sf_runtime:sf_runtime.dll
 0001:0003e26b       getRuntimeInstanceInfoAsVoid 000000018003f26b f   sf_runtime:sf_runtime.dll
 0001:0003e271       sf_mex_error_direct_call   000000018003f271 f   sf_runtime:sf_runtime.dll
 0001:0003e277       sf_clear_error_manager_info 000000018003f277 f   sf_runtime:sf_runtime.dll
 0001:0003e27d       mxIsChar_800               000000018003f27d f   libmx:libmx.dll
 0001:0003e283       mxGetScalar_800            000000018003f283 f   libmx:libmx.dll
 0001:0003e289       mxGetPr_800                000000018003f289 f   libmx:libmx.dll
 0001:0003e28f       mxDestroyArray_800         000000018003f28f f   libmx:libmx.dll
 0001:0003e295       mxCreateDoubleMatrix_800   000000018003f295 f   libmx:libmx.dll
 0001:0003e29b       mxGetString_800            000000018003f29b f   libmx:libmx.dll
 0001:0003e2a1       mxDuplicateArray_800       000000018003f2a1 f   libmx:libmx.dll
 0001:0003e2a7       mxSetCell_800              000000018003f2a7 f   libmx:libmx.dll
 0001:0003e2ad       mxSetField_800             000000018003f2ad f   libmx:libmx.dll
 0001:0003e2b3       mxCreateString_800         000000018003f2b3 f   libmx:libmx.dll
 0001:0003e2b9       mxCreateCellMatrix_800     000000018003f2b9 f   libmx:libmx.dll
 0001:0003e2bf       mxCreateStructMatrix_800   000000018003f2bf f   libmx:libmx.dll
 0001:0003e2c5       mxGetInf_800               000000018003f2c5 f   libmx:libmx.dll
 0001:0003e2cb       mxGetNaN_800               000000018003f2cb f   libmx:libmx.dll
 0001:0003e2d1       mxCalloc_800               000000018003f2d1 f   libmx:libmx.dll
 0001:0003e2d7       mxGetM_800                 000000018003f2d7 f   libmx:libmx.dll
 0001:0003e2dd       mxGetClassID_800           000000018003f2dd f   libmx:libmx.dll
 0001:0003e2e3       mxIsNumeric_800            000000018003f2e3 f   libmx:libmx.dll
 0001:0003e2e9       mxIsComplex_800            000000018003f2e9 f   libmx:libmx.dll
 0001:0003e2ef       mxGetN_800                 000000018003f2ef f   libmx:libmx.dll
 0001:0003e2f5       mxCreateDoubleScalar_800   000000018003f2f5 f   libmx:libmx.dll
 0001:0003e2fb       mxMalloc_800               000000018003f2fb f   libmx:libmx.dll
 0001:0003e301       mxFree_800                 000000018003f301 f   libmx:libmx.dll
 0001:0003e307       mxRealloc_800              000000018003f307 f   libmx:libmx.dll
 0001:0003e30d       mexMakeArrayPersistent_800 000000018003f30d f   libmex:libmex.dll
 0001:0003e313       mexErrMsgTxt_800           000000018003f313 f   libmex:libmex.dll
 0001:0003e319       mexWarnMsgTxt_800          000000018003f319 f   libmex:libmex.dll
 0001:0003e31f       mexCallMATLAB_800          000000018003f31f f   libmex:libmex.dll
 0001:0003e325       mexLock_800                000000018003f325 f   libmex:libmex.dll
 0001:0003e32b       mexUnlock_800              000000018003f32b f   libmex:libmex.dll
 0001:0003e331       mexIsLocked_800            000000018003f331 f   libmex:libmex.dll
 0001:0003e337       mexPrintf_800              000000018003f337 f   libmex:libmex.dll
 0001:0003e33d       utMalloc                   000000018003f33d f   libut:libut.dll
 0001:0003e343       utFree                     000000018003f343 f   libut:libut.dll
 0001:0003e349       muDoubleScalarAbs          000000018003f349 f   libmwmathutil:libmwmathutil.dll
 0001:0003e34f       muDoubleScalarFloor        000000018003f34f f   libmwmathutil:libmwmathutil.dll
 0001:0003e355       muDoubleScalarMax          000000018003f355 f   libmwmathutil:libmwmathutil.dll
 0001:0003e35b       muDoubleScalarMin          000000018003f35b f   libmwmathutil:libmwmathutil.dll
 0001:0003e361       muDoubleScalarIsNaN        000000018003f361 f   libmwmathutil:libmwmathutil.dll
 0001:0003e367       muDoubleScalarIsInf        000000018003f367 f   libmwmathutil:libmwmathutil.dll
 0001:0003e36d       emlrtLicenseCheckR2022a    000000018003f36d f   libemlrt:libemlrt.dll
 0001:0003e373       emlrtDynamicBoundsCheckR2012b 000000018003f373 f   libemlrt:libemlrt.dll
 0001:0003e379       emlrtSizeMulR2012b         000000018003f379 f   libemlrt:libemlrt.dll
 0001:0003e37f       emlrtIntegerCheckR2012b    000000018003f37f f   libemlrt:libemlrt.dll
 0001:0003e385       emlrtNonNegativeCheckR2012b 000000018003f385 f   libemlrt:libemlrt.dll
 0001:0003e38b       emlrtForLoopVectorCheckR2021a 000000018003f38b f   libemlrt:libemlrt.dll
 0001:0003e391       emlrtMallocMex             000000018003f391 f   libemlrt:libemlrt.dll
 0001:0003e397       emlrtFreeMex               000000018003f397 f   libemlrt:libemlrt.dll
 0001:0003e39d       emlrtHeapAllocationErrorR2012b 000000018003f39d f   libemlrt:libemlrt.dll
 0001:0003e3a3       covrtCreateStateflowInstanceData 000000018003f3a3 f   libcovrt:libcovrt.dll
 0001:0003e3a9       covrtDeleteStateflowInstanceData 000000018003f3a9 f   libcovrt:libcovrt.dll
 0001:0003e3af       covrtTransInitFcn          000000018003f3af f   libcovrt:libcovrt.dll
 0001:0003e3b5       covrtStateInitFcn          000000018003f3b5 f   libcovrt:libcovrt.dll
 0001:0003e3bb       covrtChartInitFcn          000000018003f3bb f   libcovrt:libcovrt.dll
 0001:0003e3c1       covrtRelationalopUpdateFcn 000000018003f3c1 f   libcovrt:libcovrt.dll
 0001:0003e3c7       covrtSigUpdateFcn          000000018003f3c7 f   libcovrt:libcovrt.dll
 0001:0003e3cd       covrtEmlInitFcn            000000018003f3cd f   libcovrt:libcovrt.dll
 0001:0003e3d3       covrtEmlFcnInitFcn         000000018003f3d3 f   libcovrt:libcovrt.dll
 0001:0003e3d9       covrtEmlIfInitFcn          000000018003f3d9 f   libcovrt:libcovrt.dll
 0001:0003e3df       covrtEmlForInitFcn         000000018003f3df f   libcovrt:libcovrt.dll
 0001:0003e3e5       covrtEmlMCDCInitFcn        000000018003f3e5 f   libcovrt:libcovrt.dll
 0001:0003e3eb       covrtEmlRelationalInitFcn  000000018003f3eb f   libcovrt:libcovrt.dll
 0001:0003e3f1       covrtEmlFcnEval            000000018003f3f1 f   libcovrt:libcovrt.dll
 0001:0003e3f7       covrtEmlIfEval             000000018003f3f7 f   libcovrt:libcovrt.dll
 0001:0003e3fd       covrtEmlForEval            000000018003f3fd f   libcovrt:libcovrt.dll
 0001:0003e403       covrtEmlCondEval           000000018003f403 f   libcovrt:libcovrt.dll
 0001:0003e409       covrtEmlMcdcEval           000000018003f409 f   libcovrt:libcovrt.dll
 0001:0003e410       __raise_securityfailure    000000018003f410 f   MSVCRT:gs_report.obj
 0001:0003e444       __report_gsfailure         000000018003f444 f   MSVCRT:gs_report.obj
 0001:0003e518       __report_rangecheckfailure 000000018003f518 f   MSVCRT:gs_report.obj
 0001:0003e52c       __report_securityfailure   000000018003f52c f   MSVCRT:gs_report.obj
 0001:0003e5cc       __report_securityfailureEx 000000018003f5cc f   MSVCRT:gs_report.obj
 0001:0003e7c0       __GSHandlerCheck           000000018003f7c0 f   MSVCRT:gshandler.obj
 0001:0003e7e0       __GSHandlerCheckCommon     000000018003f7e0 f   MSVCRT:gshandler.obj
 0001:0003e850       __security_check_cookie    000000018003f850 f   MSVCRT:amdsecgs.obj
 0001:0003e880       __chkstk                   000000018003f880 f   MSVCRT:chkstk.obj
 0001:0003e880       _alloca_probe              000000018003f880 f   MSVCRT:chkstk.obj
 0001:0003ebfc       _CRT_INIT                  000000018003fbfc f   MSVCRT:dll_dllmain.obj
 0001:0003ec04       _DllMainCRTStartup         000000018003fc04 f   MSVCRT:dll_dllmain.obj
 0001:0003ecb0       __security_init_cookie     000000018003fcb0 f   MSVCRT:gs_support.obj
 0001:0003ed5c       DllMain                    000000018003fd5c f   MSVCRT:dll_dllmain_stub.obj
 0001:0003ed80       ?__scrt_initialize_type_info@@YAXXZ 000000018003fd80 f   MSVCRT:tncleanup.obj
 0001:0003ed90       ?__scrt_uninitialize_type_info@@YAXXZ 000000018003fd90 f   MSVCRT:tncleanup.obj
 0001:0003ed9c       __scrt_initialize_default_local_stdio_options 000000018003fd9c f   MSVCRT:default_local_stdio_options.obj
 0001:0003edb8       ?configure_argv@__scrt_narrow_argv_policy@@SAHXZ 000000018003fdb8 f i MSVCRT:utility.obj
 0001:0003ee18       ?initialize_environment@__scrt_narrow_environment_policy@@SAHXZ 000000018003fe18 f i MSVCRT:utility.obj
 0001:0003ee50       NtCurrentTeb               000000018003fe50 f i MSVCRT:utility.obj
 0001:0003ee5c       __scrt_acquire_startup_lock 000000018003fe5c f   MSVCRT:utility.obj
 0001:0003ee98       __scrt_dllmain_after_initialize_c 000000018003fe98 f   MSVCRT:utility.obj
 0001:0003eecc       __scrt_dllmain_before_initialize_c 000000018003fecc f   MSVCRT:utility.obj
 0001:0003eee4       __scrt_dllmain_crt_thread_attach 000000018003fee4 f   MSVCRT:utility.obj
 0001:0003ef0c       __scrt_dllmain_crt_thread_detach 000000018003ff0c f   MSVCRT:utility.obj
 0001:0003ef24       __scrt_dllmain_exception_filter 000000018003ff24 f   MSVCRT:utility.obj
 0001:0003ef84       __scrt_dllmain_uninitialize_c 000000018003ff84 f   MSVCRT:utility.obj
 0001:0003efb4       __scrt_dllmain_uninitialize_critical 000000018003ffb4 f   MSVCRT:utility.obj
 0001:0003efc8       __scrt_initialize_crt      000000018003ffc8 f   MSVCRT:utility.obj
 0001:0003f004       __scrt_initialize_onexit_tables 0000000180040004 f   MSVCRT:utility.obj
 0001:0003f090       __scrt_is_nonwritable_in_current_image 0000000180040090 f   MSVCRT:utility.obj
 0001:0003f128       __scrt_release_startup_lock 0000000180040128 f   MSVCRT:utility.obj
 0001:0003f14c       __scrt_uninitialize_crt    000000018004014c f   MSVCRT:utility.obj
 0001:0003f178       _onexit                    0000000180040178 f   MSVCRT:utility.obj
 0001:0003f1b4       at_quick_exit              00000001800401b4 f   MSVCRT:utility.obj
 0001:0003f1d4       atexit                     00000001800401d4 f   MSVCRT:utility.obj
 0001:0003f1ec       __scrt_get_dyn_tls_init_callback 00000001800401ec f   MSVCRT:dyn_tls_init.obj
 0001:0003f1f4       __crt_debugger_hook        00000001800401f4 f   MSVCRT:utility_desktop.obj
 0001:0003f1fc       __scrt_fastfail            00000001800401fc f   MSVCRT:utility_desktop.obj
 0001:0003f344       __scrt_get_show_window_mode 0000000180040344 f   MSVCRT:utility_desktop.obj
 0001:0003f380       __scrt_initialize_mta      0000000180040380 f   MSVCRT:utility_desktop.obj
 0001:0003f388       __scrt_initialize_winrt    0000000180040388 f   MSVCRT:utility_desktop.obj
 0001:0003f38c       __scrt_is_managed_app      000000018004038c f   MSVCRT:utility_desktop.obj
 0001:0003f3e0       __scrt_set_unhandled_exception_filter 00000001800403e0 f   MSVCRT:utility_desktop.obj
 0001:0003f3f0       __scrt_exe_initialize_mta  00000001800403f0 f   MSVCRT:utility_desktop.obj
 0001:0003f3f0       __scrt_stub_for_initialize_mta 00000001800403f0 f   MSVCRT:utility_desktop.obj
 0001:0003f3f4       __scrt_unhandled_exception_filter 00000001800403f4 f   MSVCRT:utility_desktop.obj
 0001:0003f450       _RTC_Initialize            0000000180040450 f   MSVCRT:initsect.obj
 0001:0003f48c       _RTC_Terminate             000000018004048c f   MSVCRT:initsect.obj
 0001:0003f4c8       _guard_check_icall_nop     00000001800404c8 f i MSVCRT:guard_support.obj
 0001:0003f4cc       ReadNoFence64              00000001800404cc f i MSVCRT:guard_support.obj
 0001:0003f4d0       ReadPointerNoFence         00000001800404d0 f i MSVCRT:guard_support.obj
 0001:0003f4d4       __castguard_check_failure_debugbreak 00000001800404d4 f i MSVCRT:guard_support.obj
 0001:0003f4f0       __castguard_check_failure_fastfail 00000001800404f0 f i MSVCRT:guard_support.obj
 0001:0003f514       __castguard_check_failure_nop 0000000180040514 f i MSVCRT:guard_support.obj
 0001:0003f518       __castguard_check_failure_os_handled 0000000180040518 f i MSVCRT:guard_support.obj
 0001:0003f564       __castguard_check_failure_user_handled 0000000180040564 f i MSVCRT:guard_support.obj
 0001:0003f5d8       __castguard_set_user_handler 00000001800405d8 f i MSVCRT:guard_support.obj
 0001:0003f5e4       __castguard_slow_path_check_debugbreak 00000001800405e4 f i MSVCRT:guard_support.obj
 0001:0003f618       __castguard_slow_path_check_fastfail 0000000180040618 f i MSVCRT:guard_support.obj
 0001:0003f654       __castguard_slow_path_check_nop 0000000180040654 f i MSVCRT:guard_support.obj
 0001:0003f658       __castguard_slow_path_check_os_handled 0000000180040658 f i MSVCRT:guard_support.obj
 0001:0003f6a4       __castguard_slow_path_check_user_handled 00000001800406a4 f i MSVCRT:guard_support.obj
 0001:0003f710       _guard_icall_checks_enforced 0000000180040710 f i MSVCRT:guard_support.obj
 0001:0003f728       _guard_rf_checks_enforced  0000000180040728 f i MSVCRT:guard_support.obj
 0001:0003f72c       __isa_available_init       000000018004072c f   MSVCRT:cpu_disp.obj
 0001:0003f9f8       _get_startup_argv_mode     00000001800409f8 f   MSVCRT:argv_mode.obj
 0001:0003fa00       __scrt_is_ucrt_dll_in_use  0000000180040a00 f   MSVCRT:ucrt_detection.obj
 0001:0003fa10       RtlCaptureContext          0000000180040a10 f   kernel32:KERNEL32.dll
 0001:0003fa16       RtlLookupFunctionEntry     0000000180040a16 f   kernel32:KERNEL32.dll
 0001:0003fa1c       RtlVirtualUnwind           0000000180040a1c f   kernel32:KERNEL32.dll
 0001:0003fa22       UnhandledExceptionFilter   0000000180040a22 f   kernel32:KERNEL32.dll
 0001:0003fa28       SetUnhandledExceptionFilter 0000000180040a28 f   kernel32:KERNEL32.dll
 0001:0003fa2e       GetCurrentProcess          0000000180040a2e f   kernel32:KERNEL32.dll
 0001:0003fa34       TerminateProcess           0000000180040a34 f   kernel32:KERNEL32.dll
 0001:0003fa3a       IsProcessorFeaturePresent  0000000180040a3a f   kernel32:KERNEL32.dll
 0001:0003fa40       QueryPerformanceCounter    0000000180040a40 f   kernel32:KERNEL32.dll
 0001:0003fa46       GetCurrentProcessId        0000000180040a46 f   kernel32:KERNEL32.dll
 0001:0003fa4c       GetCurrentThreadId         0000000180040a4c f   kernel32:KERNEL32.dll
 0001:0003fa52       GetSystemTimeAsFileTime    0000000180040a52 f   kernel32:KERNEL32.dll
 0001:0003fa58       DisableThreadLibraryCalls  0000000180040a58 f   kernel32:KERNEL32.dll
 0001:0003fa5e       InitializeSListHead        0000000180040a5e f   kernel32:KERNEL32.dll
 0001:0003fa64       IsDebuggerPresent          0000000180040a64 f   kernel32:KERNEL32.dll
 0001:0003fa6a       GetStartupInfoW            0000000180040a6a f   kernel32:KERNEL32.dll
 0001:0003fa70       GetModuleHandleW           0000000180040a70 f   kernel32:KERNEL32.dll
 0001:0003fa76       memcpy                     0000000180040a76 f   vcruntime:VCRUNTIME140.dll
 0001:0003fa7c       memset                     0000000180040a7c f   vcruntime:VCRUNTIME140.dll
 0001:0003fa82       __C_specific_handler       0000000180040a82 f   vcruntime:VCRUNTIME140.dll
 0001:0003fa88       __std_type_info_destroy_list 0000000180040a88 f   vcruntime:VCRUNTIME140.dll
 0001:0003fa8e       __current_exception        0000000180040a8e f   vcruntime:VCRUNTIME140.dll
 0001:0003fa94       __current_exception_context 0000000180040a94 f   vcruntime:VCRUNTIME140.dll
 0001:0003fa9a       strcmp                     0000000180040a9a f   ucrt:api-ms-win-crt-string-l1-1-0.dll
 0001:0003faa0       strcat                     0000000180040aa0 f   ucrt:api-ms-win-crt-string-l1-1-0.dll
 0001:0003faa6       __stdio_common_vsprintf    0000000180040aa6 f   ucrt:api-ms-win-crt-stdio-l1-1-0.dll
 0001:0003faac       free                       0000000180040aac f   ucrt:api-ms-win-crt-heap-l1-1-0.dll
 0001:0003fab2       malloc                     0000000180040ab2 f   ucrt:api-ms-win-crt-heap-l1-1-0.dll
 0001:0003fab8       strlen                     0000000180040ab8 f   ucrt:api-ms-win-crt-string-l1-1-0.dll
 0001:0003fabe       srand                      0000000180040abe f   ucrt:api-ms-win-crt-utility-l1-1-0.dll
 0001:0003fac4       rand                       0000000180040ac4 f   ucrt:api-ms-win-crt-utility-l1-1-0.dll
 0001:0003faca       fabs                       0000000180040aca f   ucrt:api-ms-win-crt-math-l1-1-0.dll
 0001:0003fad0       sqrt                       0000000180040ad0 f   ucrt:api-ms-win-crt-math-l1-1-0.dll
 0001:0003fad6       __stdio_common_vfscanf     0000000180040ad6 f   ucrt:api-ms-win-crt-stdio-l1-1-0.dll
 0001:0003fadc       cimag                      0000000180040adc f   ucrt:api-ms-win-crt-math-l1-1-0.dll
 0001:0003fae2       conj                       0000000180040ae2 f   ucrt:api-ms-win-crt-math-l1-1-0.dll
 0001:0003fae8       creal                      0000000180040ae8 f   ucrt:api-ms-win-crt-math-l1-1-0.dll
 0001:0003faee       _Cbuild                    0000000180040aee f   ucrt:api-ms-win-crt-math-l1-1-0.dll
 0001:0003faf4       fmin                       0000000180040af4 f   ucrt:api-ms-win-crt-math-l1-1-0.dll
 0001:0003fafa       _initterm                  0000000180040afa f   ucrt:api-ms-win-crt-runtime-l1-1-0.dll
 0001:0003fb00       _initterm_e                0000000180040b00 f   ucrt:api-ms-win-crt-runtime-l1-1-0.dll
 0001:0003fb06       _seh_filter_dll            0000000180040b06 f   ucrt:api-ms-win-crt-runtime-l1-1-0.dll
 0001:0003fb0c       _configure_narrow_argv     0000000180040b0c f   ucrt:api-ms-win-crt-runtime-l1-1-0.dll
 0001:0003fb12       _initialize_narrow_environment 0000000180040b12 f   ucrt:api-ms-win-crt-runtime-l1-1-0.dll
 0001:0003fb18       _initialize_onexit_table   0000000180040b18 f   ucrt:api-ms-win-crt-runtime-l1-1-0.dll
 0001:0003fb1e       _register_onexit_function  0000000180040b1e f   ucrt:api-ms-win-crt-runtime-l1-1-0.dll
 0001:0003fb24       _execute_onexit_table      0000000180040b24 f   ucrt:api-ms-win-crt-runtime-l1-1-0.dll
 0001:0003fb2a       _crt_atexit                0000000180040b2a f   ucrt:api-ms-win-crt-runtime-l1-1-0.dll
 0001:0003fb30       _crt_at_quick_exit         0000000180040b30 f   ucrt:api-ms-win-crt-runtime-l1-1-0.dll
 0001:0003fb36       _cexit                     0000000180040b36 f   ucrt:api-ms-win-crt-runtime-l1-1-0.dll
 0001:0003fb3c       terminate                  0000000180040b3c f   ucrt:api-ms-win-crt-runtime-l1-1-0.dll
 0001:0003fb42       _cabs                      0000000180040b42 f   ucrt:api-ms-win-crt-math-l1-1-0.dll
 0001:0003fb48       __acrt_initialize          0000000180040b48 f   MSVCRT:ucrt_stubs.obj
 0001:0003fb48       __scrt_stub_for_acrt_initialize 0000000180040b48 f   MSVCRT:ucrt_stubs.obj
 0001:0003fb48       __vcrt_initialize          0000000180040b48 f   MSVCRT:ucrt_stubs.obj
 0001:0003fb4c       __acrt_thread_attach       0000000180040b4c f   MSVCRT:ucrt_stubs.obj
 0001:0003fb4c       __scrt_stub_for_acrt_thread_attach 0000000180040b4c f   MSVCRT:ucrt_stubs.obj
 0001:0003fb4c       __vcrt_thread_attach       0000000180040b4c f   MSVCRT:ucrt_stubs.obj
 0001:0003fb50       __acrt_thread_detach       0000000180040b50 f   MSVCRT:ucrt_stubs.obj
 0001:0003fb50       __scrt_stub_for_acrt_thread_detach 0000000180040b50 f   MSVCRT:ucrt_stubs.obj
 0001:0003fb50       __vcrt_thread_detach       0000000180040b50 f   MSVCRT:ucrt_stubs.obj
 0001:0003fb54       __acrt_uninitialize        0000000180040b54 f   MSVCRT:ucrt_stubs.obj
 0001:0003fb54       __scrt_stub_for_acrt_uninitialize 0000000180040b54 f   MSVCRT:ucrt_stubs.obj
 0001:0003fb54       __vcrt_uninitialize        0000000180040b54 f   MSVCRT:ucrt_stubs.obj
 0001:0003fb58       __acrt_uninitialize_critical 0000000180040b58 f   MSVCRT:ucrt_stubs.obj
 0001:0003fb58       __scrt_stub_for_acrt_uninitialize_critical 0000000180040b58 f   MSVCRT:ucrt_stubs.obj
 0001:0003fb58       __vcrt_uninitialize_critical 0000000180040b58 f   MSVCRT:ucrt_stubs.obj
 0001:0003fb5c       __scrt_stub_for_is_c_termination_complete 0000000180040b5c f   MSVCRT:ucrt_stubs.obj
 0001:0003fb5c       _is_c_termination_complete 0000000180040b5c f   MSVCRT:ucrt_stubs.obj
 0001:0003fb70       _guard_dispatch_icall_nop  0000000180040b70 f   MSVCRT:guard_dispatch.obj
 0001:0003fb90       _guard_xfg_dispatch_icall_nop 0000000180040b90 f   MSVCRT:guard_xfg_dispatch.obj
 0002:00000000       __imp_GetCurrentThreadId   0000000180041000     kernel32:KERNEL32.dll
 0002:00000008       __imp_GetSystemTimeAsFileTime 0000000180041008     kernel32:KERNEL32.dll
 0002:00000010       __imp_RtlCaptureContext    0000000180041010     kernel32:KERNEL32.dll
 0002:00000018       __imp_DisableThreadLibraryCalls 0000000180041018     kernel32:KERNEL32.dll
 0002:00000020       __imp_RtlLookupFunctionEntry 0000000180041020     kernel32:KERNEL32.dll
 0002:00000028       __imp_RtlVirtualUnwind     0000000180041028     kernel32:KERNEL32.dll
 0002:00000030       __imp_InitializeSListHead  0000000180041030     kernel32:KERNEL32.dll
 0002:00000038       __imp_IsDebuggerPresent    0000000180041038     kernel32:KERNEL32.dll
 0002:00000040       __imp_GetStartupInfoW      0000000180041040     kernel32:KERNEL32.dll
 0002:00000048       __imp_GetModuleHandleW     0000000180041048     kernel32:KERNEL32.dll
 0002:00000050       __imp_SetUnhandledExceptionFilter 0000000180041050     kernel32:KERNEL32.dll
 0002:00000058       __imp_GetCurrentProcess    0000000180041058     kernel32:KERNEL32.dll
 0002:00000060       __imp_UnhandledExceptionFilter 0000000180041060     kernel32:KERNEL32.dll
 0002:00000068       __imp_TerminateProcess     0000000180041068     kernel32:KERNEL32.dll
 0002:00000070       __imp_IsProcessorFeaturePresent 0000000180041070     kernel32:KERNEL32.dll
 0002:00000078       __imp_QueryPerformanceCounter 0000000180041078     kernel32:KERNEL32.dll
 0002:00000080       __imp_GetCurrentProcessId  0000000180041080     kernel32:KERNEL32.dll
 0002:00000088       \177KERNEL32_NULL_THUNK_DATA 0000000180041088     kernel32:KERNEL32.dll
 0002:00000090       __imp___std_type_info_destroy_list 0000000180041090     vcruntime:VCRUNTIME140.dll
 0002:00000098       __imp_memcpy               0000000180041098     vcruntime:VCRUNTIME140.dll
 0002:000000a0       __imp___current_exception  00000001800410a0     vcruntime:VCRUNTIME140.dll
 0002:000000a8       __imp___C_specific_handler 00000001800410a8     vcruntime:VCRUNTIME140.dll
 0002:000000b0       __imp_memset               00000001800410b0     vcruntime:VCRUNTIME140.dll
 0002:000000b8       __imp___current_exception_context 00000001800410b8     vcruntime:VCRUNTIME140.dll
 0002:000000c0       \177VCRUNTIME140_NULL_THUNK_DATA 00000001800410c0     vcruntime:VCRUNTIME140.dll
 0002:000000c8       __imp_free                 00000001800410c8     ucrt:api-ms-win-crt-heap-l1-1-0.dll
 0002:000000d0       __imp_malloc               00000001800410d0     ucrt:api-ms-win-crt-heap-l1-1-0.dll
 0002:000000d8       \177api-ms-win-crt-heap-l1-1-0_NULL_THUNK_DATA 00000001800410d8     ucrt:api-ms-win-crt-heap-l1-1-0.dll
 0002:000000e0       __imp_fmin                 00000001800410e0     ucrt:api-ms-win-crt-math-l1-1-0.dll
 0002:000000e8       __imp_fabs                 00000001800410e8     ucrt:api-ms-win-crt-math-l1-1-0.dll
 0002:000000f0       __imp_conj                 00000001800410f0     ucrt:api-ms-win-crt-math-l1-1-0.dll
 0002:000000f8       __imp__Cbuild              00000001800410f8     ucrt:api-ms-win-crt-math-l1-1-0.dll
 0002:00000100       __imp_creal                0000000180041100     ucrt:api-ms-win-crt-math-l1-1-0.dll
 0002:00000108       __imp__cabs                0000000180041108     ucrt:api-ms-win-crt-math-l1-1-0.dll
 0002:00000108       __imp_cabs                 0000000180041108     ucrt:api-ms-win-crt-math-l1-1-0.dll
 0002:00000110       __imp_sqrt                 0000000180041110     ucrt:api-ms-win-crt-math-l1-1-0.dll
 0002:00000118       __imp_cimag                0000000180041118     ucrt:api-ms-win-crt-math-l1-1-0.dll
 0002:00000120       \177api-ms-win-crt-math-l1-1-0_NULL_THUNK_DATA 0000000180041120     ucrt:api-ms-win-crt-math-l1-1-0.dll
 0002:00000128       __imp__initialize_onexit_table 0000000180041128     ucrt:api-ms-win-crt-runtime-l1-1-0.dll
 0002:00000130       __imp__seh_filter_dll      0000000180041130     ucrt:api-ms-win-crt-runtime-l1-1-0.dll
 0002:00000138       __imp__configure_narrow_argv 0000000180041138     ucrt:api-ms-win-crt-runtime-l1-1-0.dll
 0002:00000140       __imp__register_onexit_function 0000000180041140     ucrt:api-ms-win-crt-runtime-l1-1-0.dll
 0002:00000148       __imp__execute_onexit_table 0000000180041148     ucrt:api-ms-win-crt-runtime-l1-1-0.dll
 0002:00000150       __imp__crt_atexit          0000000180041150     ucrt:api-ms-win-crt-runtime-l1-1-0.dll
 0002:00000158       __imp__crt_at_quick_exit   0000000180041158     ucrt:api-ms-win-crt-runtime-l1-1-0.dll
 0002:00000160       __imp__cexit               0000000180041160     ucrt:api-ms-win-crt-runtime-l1-1-0.dll
 0002:00000168       __imp_terminate            0000000180041168     ucrt:api-ms-win-crt-runtime-l1-1-0.dll
 0002:00000170       __imp__initterm_e          0000000180041170     ucrt:api-ms-win-crt-runtime-l1-1-0.dll
 0002:00000178       __imp__initterm            0000000180041178     ucrt:api-ms-win-crt-runtime-l1-1-0.dll
 0002:00000180       __imp__initialize_narrow_environment 0000000180041180     ucrt:api-ms-win-crt-runtime-l1-1-0.dll
 0002:00000188       \177api-ms-win-crt-runtime-l1-1-0_NULL_THUNK_DATA 0000000180041188     ucrt:api-ms-win-crt-runtime-l1-1-0.dll
 0002:00000190       __imp___stdio_common_vfscanf 0000000180041190     ucrt:api-ms-win-crt-stdio-l1-1-0.dll
 0002:00000198       __imp___stdio_common_vsprintf 0000000180041198     ucrt:api-ms-win-crt-stdio-l1-1-0.dll
 0002:000001a0       \177api-ms-win-crt-stdio-l1-1-0_NULL_THUNK_DATA 00000001800411a0     ucrt:api-ms-win-crt-stdio-l1-1-0.dll
 0002:000001a8       __imp_strcmp               00000001800411a8     ucrt:api-ms-win-crt-string-l1-1-0.dll
 0002:000001b0       __imp_strlen               00000001800411b0     ucrt:api-ms-win-crt-string-l1-1-0.dll
 0002:000001b8       __imp_strcat               00000001800411b8     ucrt:api-ms-win-crt-string-l1-1-0.dll
 0002:000001c0       \177api-ms-win-crt-string-l1-1-0_NULL_THUNK_DATA 00000001800411c0     ucrt:api-ms-win-crt-string-l1-1-0.dll
 0002:000001c8       __imp_srand                00000001800411c8     ucrt:api-ms-win-crt-utility-l1-1-0.dll
 0002:000001d0       __imp_rand                 00000001800411d0     ucrt:api-ms-win-crt-utility-l1-1-0.dll
 0002:000001d8       \177api-ms-win-crt-utility-l1-1-0_NULL_THUNK_DATA 00000001800411d8     ucrt:api-ms-win-crt-utility-l1-1-0.dll
 0002:000001e0       __imp_covrtDeleteStateflowInstanceData 00000001800411e0     libcovrt:libcovrt.dll
 0002:000001e8       __imp_covrtEmlMcdcEval     00000001800411e8     libcovrt:libcovrt.dll
 0002:000001f0       __imp_covrtEmlCondEval     00000001800411f0     libcovrt:libcovrt.dll
 0002:000001f8       __imp_covrtEmlForEval      00000001800411f8     libcovrt:libcovrt.dll
 0002:00000200       __imp_covrtEmlIfEval       0000000180041200     libcovrt:libcovrt.dll
 0002:00000208       __imp_covrtEmlFcnEval      0000000180041208     libcovrt:libcovrt.dll
 0002:00000210       __imp_covrtEmlRelationalInitFcn 0000000180041210     libcovrt:libcovrt.dll
 0002:00000218       __imp_covrtEmlMCDCInitFcn  0000000180041218     libcovrt:libcovrt.dll
 0002:00000220       __imp_covrtEmlForInitFcn   0000000180041220     libcovrt:libcovrt.dll
 0002:00000228       __imp_covrtEmlIfInitFcn    0000000180041228     libcovrt:libcovrt.dll
 0002:00000230       __imp_covrtEmlFcnInitFcn   0000000180041230     libcovrt:libcovrt.dll
 0002:00000238       __imp_covrtEmlInitFcn      0000000180041238     libcovrt:libcovrt.dll
 0002:00000240       __imp_covrtSigUpdateFcn    0000000180041240     libcovrt:libcovrt.dll
 0002:00000248       __imp_covrtRelationalopUpdateFcn 0000000180041248     libcovrt:libcovrt.dll
 0002:00000250       __imp_covrtChartInitFcn    0000000180041250     libcovrt:libcovrt.dll
 0002:00000258       __imp_covrtStateInitFcn    0000000180041258     libcovrt:libcovrt.dll
 0002:00000260       __imp_covrtTransInitFcn    0000000180041260     libcovrt:libcovrt.dll
 0002:00000268       __imp_covrtCreateStateflowInstanceData 0000000180041268     libcovrt:libcovrt.dll
 0002:00000270       \177libcovrt_NULL_THUNK_DATA 0000000180041270     libcovrt:libcovrt.dll
 0002:00000278       __imp_emlrtHeapAllocationErrorR2012b 0000000180041278     libemlrt:libemlrt.dll
 0002:00000280       __imp_emlrtLicenseCheckR2022a 0000000180041280     libemlrt:libemlrt.dll
 0002:00000288       __imp_emlrtDynamicBoundsCheckR2012b 0000000180041288     libemlrt:libemlrt.dll
 0002:00000290       __imp_emlrtSizeMulR2012b   0000000180041290     libemlrt:libemlrt.dll
 0002:00000298       __imp_emlrtIntegerCheckR2012b 0000000180041298     libemlrt:libemlrt.dll
 0002:000002a0       __imp_emlrtNonNegativeCheckR2012b 00000001800412a0     libemlrt:libemlrt.dll
 0002:000002a8       __imp_emlrtForLoopVectorCheckR2021a 00000001800412a8     libemlrt:libemlrt.dll
 0002:000002b0       __imp_emlrtMallocMex       00000001800412b0     libemlrt:libemlrt.dll
 0002:000002b8       __imp_emlrtFreeMex         00000001800412b8     libemlrt:libemlrt.dll
 0002:000002c0       \177libemlrt_NULL_THUNK_DATA 00000001800412c0     libemlrt:libemlrt.dll
 0002:000002c8       __imp_mexMakeArrayPersistent_800 00000001800412c8     libmex:libmex.dll
 0002:000002d0       __imp_mexLock_800          00000001800412d0     libmex:libmex.dll
 0002:000002d8       __imp_mexUnlock_800        00000001800412d8     libmex:libmex.dll
 0002:000002e0       __imp_mexIsLocked_800      00000001800412e0     libmex:libmex.dll
 0002:000002e8       __imp_mexPrintf_800        00000001800412e8     libmex:libmex.dll
 0002:000002f0       __imp_mexWarnMsgTxt_800    00000001800412f0     libmex:libmex.dll
 0002:000002f8       __imp_mexErrMsgTxt_800     00000001800412f8     libmex:libmex.dll
 0002:00000300       __imp_mexCallMATLAB_800    0000000180041300     libmex:libmex.dll
 0002:00000308       \177libmex_NULL_THUNK_DATA 0000000180041308     libmex:libmex.dll
 0002:00000310       __imp_muDoubleScalarIsInf  0000000180041310     libmwmathutil:libmwmathutil.dll
 0002:00000318       __imp_muDoubleScalarFloor  0000000180041318     libmwmathutil:libmwmathutil.dll
 0002:00000320       __imp_muDoubleScalarMax    0000000180041320     libmwmathutil:libmwmathutil.dll
 0002:00000328       __imp_muDoubleScalarMin    0000000180041328     libmwmathutil:libmwmathutil.dll
 0002:00000330       __imp_muDoubleScalarIsNaN  0000000180041330     libmwmathutil:libmwmathutil.dll
 0002:00000338       __imp_muDoubleScalarAbs    0000000180041338     libmwmathutil:libmwmathutil.dll
 0002:00000340       \177libmwmathutil_NULL_THUNK_DATA 0000000180041340     libmwmathutil:libmwmathutil.dll
 0002:00000348       __imp_mxIsChar_800         0000000180041348     libmx:libmx.dll
 0002:00000350       __imp_mxGetPr_800          0000000180041350     libmx:libmx.dll
 0002:00000358       __imp_mxGetScalar_800      0000000180041358     libmx:libmx.dll
 0002:00000360       __imp_mxDestroyArray_800   0000000180041360     libmx:libmx.dll
 0002:00000368       __imp_mxRealloc_800        0000000180041368     libmx:libmx.dll
 0002:00000370       __imp_mxFree_800           0000000180041370     libmx:libmx.dll
 0002:00000378       __imp_mxMalloc_800         0000000180041378     libmx:libmx.dll
 0002:00000380       __imp_mxCreateDoubleScalar_800 0000000180041380     libmx:libmx.dll
 0002:00000388       __imp_mxGetN_800           0000000180041388     libmx:libmx.dll
 0002:00000390       __imp_mxIsComplex_800      0000000180041390     libmx:libmx.dll
 0002:00000398       __imp_mxIsNumeric_800      0000000180041398     libmx:libmx.dll
 0002:000003a0       __imp_mxGetClassID_800     00000001800413a0     libmx:libmx.dll
 0002:000003a8       __imp_mxGetM_800           00000001800413a8     libmx:libmx.dll
 0002:000003b0       __imp_mxCalloc_800         00000001800413b0     libmx:libmx.dll
 0002:000003b8       __imp_mxGetNaN_800         00000001800413b8     libmx:libmx.dll
 0002:000003c0       __imp_mxGetInf_800         00000001800413c0     libmx:libmx.dll
 0002:000003c8       __imp_mxCreateStructMatrix_800 00000001800413c8     libmx:libmx.dll
 0002:000003d0       __imp_mxCreateCellMatrix_800 00000001800413d0     libmx:libmx.dll
 0002:000003d8       __imp_mxCreateString_800   00000001800413d8     libmx:libmx.dll
 0002:000003e0       __imp_mxSetField_800       00000001800413e0     libmx:libmx.dll
 0002:000003e8       __imp_mxSetCell_800        00000001800413e8     libmx:libmx.dll
 0002:000003f0       __imp_mxDuplicateArray_800 00000001800413f0     libmx:libmx.dll
 0002:000003f8       __imp_mxGetString_800      00000001800413f8     libmx:libmx.dll
 0002:00000400       __imp_mxCreateDoubleMatrix_800 0000000180041400     libmx:libmx.dll
 0002:00000408       \177libmx_NULL_THUNK_DATA  0000000180041408     libmx:libmx.dll
 0002:00000410       __imp_utFree               0000000180041410     libut:libut.dll
 0002:00000418       __imp_utMalloc             0000000180041418     libut:libut.dll
 0002:00000420       \177libut_NULL_THUNK_DATA  0000000180041420     libut:libut.dll
 0002:00000428       __imp_sf_mex_decode        0000000180041428     sf_runtime:sf_runtime.dll
 0002:00000430       __imp_sf_clear_error_manager_info 0000000180041430     sf_runtime:sf_runtime.dll
 0002:00000438       __imp_sf_mex_error_direct_call 0000000180041438     sf_runtime:sf_runtime.dll
 0002:00000440       __imp_getRuntimeInstanceInfoAsVoid 0000000180041440     sf_runtime:sf_runtime.dll
 0002:00000448       __imp_call_sf_machine_global_method_dispatcher 0000000180041448     sf_runtime:sf_runtime.dll
 0002:00000450       __imp_callMdlMethodAndReportError 0000000180041450     sf_runtime:sf_runtime.dll
 0002:00000458       __imp_sf_get_hasSeparateUpdateOutputs 0000000180041458     sf_runtime:sf_runtime.dll
 0002:00000460       __imp_sf_get_ChartInfoStruct_CodeGen 0000000180041460     sf_runtime:sf_runtime.dll
 0002:00000468       __imp_ssGetOutputPortSignal_wrapper 0000000180041468     sf_runtime:sf_runtime.dll
 0002:00000470       __imp_ssGetInputPortSignal_wrapper 0000000180041470     sf_runtime:sf_runtime.dll
 0002:00000478       __imp_sf_mex_import        0000000180041478     sf_runtime:sf_runtime.dll
 0002:00000480       __imp_sf_mex_destroy       0000000180041480     sf_runtime:sf_runtime.dll
 0002:00000488       __imp_sf_mex_dup           0000000180041488     sf_runtime:sf_runtime.dll
 0002:00000490       __imp_sf_mex_assign        0000000180041490     sf_runtime:sf_runtime.dll
 0002:00000498       __imp_sf_mex_getcell       0000000180041498     sf_runtime:sf_runtime.dll
 0002:000004a0       __imp_sf_mex_setcell       00000001800414a0     sf_runtime:sf_runtime.dll
 0002:000004a8       __imp_sf_mex_createcellmatrix 00000001800414a8     sf_runtime:sf_runtime.dll
 0002:000004b0       __imp_sf_mex_create        00000001800414b0     sf_runtime:sf_runtime.dll
 0002:000004b8       __imp_sf_mex_error_message 00000001800414b8     sf_runtime:sf_runtime.dll
 0002:000004c0       __imp_sf_mex_call          00000001800414c0     sf_runtime:sf_runtime.dll
 0002:000004c8       __imp_mdlProcessParamsCommon 00000001800414c8     sf_runtime:sf_runtime.dll
 0002:000004d0       __imp_sf_set_work_widths   00000001800414d0     sf_runtime:sf_runtime.dll
 0002:000004d8       __imp_sf_get_time          00000001800414d8     sf_runtime:sf_runtime.dll
 0002:000004e0       __imp_sf_clear_rtw_identifier 00000001800414e0     sf_runtime:sf_runtime.dll
 0002:000004e8       __imp_sf_mex_listen_for_ctrl_c 00000001800414e8     sf_runtime:sf_runtime.dll
 0002:000004f0       __imp_sim_mode_is_external 00000001800414f0     sf_runtime:sf_runtime.dll
 0002:000004f8       __imp_sim_mode_is_rtw_gen  00000001800414f8     sf_runtime:sf_runtime.dll
 0002:00000500       __imp_sfSetAnimationVectors 0000000180041500     sf_runtime:sf_runtime.dll
 0002:00000508       __imp_sf_get_chart_instance_ptr 0000000180041508     sf_runtime:sf_runtime.dll
 0002:00000510       __imp_sfrtGetCovrtInstance 0000000180041510     sf_runtime:sf_runtime.dll
 0002:00000518       __imp_sfrtGetEmlrtCtx      0000000180041518     sf_runtime:sf_runtime.dll
 0002:00000520       __imp_sf_reset_warnings_ChartRunTimeInfo 0000000180041520     sf_runtime:sf_runtime.dll
 0002:00000528       __imp_sf_free_ChartRunTimeInfo 0000000180041528     sf_runtime:sf_runtime.dll
 0002:00000530       __imp_sf_init_ChartRunTimeInfo 0000000180041530     sf_runtime:sf_runtime.dll
 0002:00000538       __imp_sf_load_rtw_optimization_info 0000000180041538     sf_runtime:sf_runtime.dll
 0002:00000540       \177sf_runtime_NULL_THUNK_DATA 0000000180041540     sf_runtime:sf_runtime.dll
 0002:00000548       __guard_check_icall_fptr   0000000180041548     MSVCRT:guard_support.obj
 0002:00000550       __guard_xfg_check_icall_fptr 0000000180041550     MSVCRT:guard_support.obj
 0002:00000558       __guard_dispatch_icall_fptr 0000000180041558     MSVCRT:guard_support.obj
 0002:00000560       __guard_xfg_dispatch_icall_fptr 0000000180041560     MSVCRT:guard_support.obj
 0002:00000568       __guard_xfg_table_dispatch_icall_fptr 0000000180041568     MSVCRT:guard_support.obj
 0002:00000570       __castguard_check_failure_os_handled_fptr 0000000180041570     MSVCRT:guard_support.obj
 0002:00000578       __guard_memcpy_fptr        0000000180041578     vcruntime:softmemtag.obj
 0002:00000580       __xc_a                     0000000180041580     MSVCRT:initializers.obj
 0002:00000588       __xc_z                     0000000180041588     MSVCRT:initializers.obj
 0002:00000590       __xi_a                     0000000180041590     MSVCRT:initializers.obj
 0002:00000598       __xi_z                     0000000180041598     MSVCRT:initializers.obj
 0002:000005a0       __xp_a                     00000001800415a0     MSVCRT:initializers.obj
 0002:000005a8       __xp_z                     00000001800415a8     MSVCRT:initializers.obj
 0002:000005b0       __xt_a                     00000001800415b0     MSVCRT:initializers.obj
 0002:000005b8       __xt_z                     00000001800415b8     MSVCRT:initializers.obj
 0002:000005c0       __real@41a935fb7a000000    00000001800415c0     untitled_sfun.obj
 0002:000005c8       __real@41b82a9620000000    00000001800415c8     untitled_sfun.obj
 0002:000005d0       __real@41bd274837000000    00000001800415d0     untitled_sfun.obj
 0002:000005d8       __real@41c25c6bf7000000    00000001800415d8     untitled_sfun.obj
 0002:000005e0       __real@41cabd8fdd000000    00000001800415e0     untitled_sfun.obj
 0002:000005e8       __real@41d4c74be0400000    00000001800415e8     untitled_sfun.obj
 0002:000005f0       __real@41d6fe0789400000    00000001800415f0     untitled_sfun.obj
 0002:000005f8       __real@41d745767c800000    00000001800415f8     untitled_sfun.obj
 0002:00000600       __real@41d92cd043800000    0000000180041600     untitled_sfun.obj
 0002:00000608       __real@41da4adc09400000    0000000180041608     untitled_sfun.obj
 0002:00000610       __real@41e3636204000000    0000000180041610     untitled_sfun.obj
 0002:00000618       __real@41ed7c4485e00000    0000000180041618     untitled_sfun.obj
 0002:00000648       __real@0000000000000000    0000000180041648     c3_untitled.obj
 0002:00000650       __real@3fe3333333333333    0000000180041650     c3_untitled.obj
 0002:00000658       __real@3ff0000000000000    0000000180041658     c3_untitled.obj
 0002:00000660       __real@4000000000000000    0000000180041660     c3_untitled.obj
 0002:00000668       __real@4008000000000000    0000000180041668     c3_untitled.obj
 0002:00000670       __real@4014000000000000    0000000180041670     c3_untitled.obj
 0002:00000678       __real@403f000000000000    0000000180041678     c3_untitled.obj
 0002:00000680       __real@4060000000000000    0000000180041680     c3_untitled.obj
 0002:00000688       __real@41cfa29901800000    0000000180041688     c3_untitled.obj
 0002:00000690       __real@41d8956388400000    0000000180041690     c3_untitled.obj
 0002:00000698       __real@41e5019022200000    0000000180041698     c3_untitled.obj
 0002:000006a0       __real@41eeaf038c800000    00000001800416a0     c3_untitled.obj
 0002:000006a8       __real@bff0000000000000    00000001800416a8     c3_untitled.obj
 0002:000006b0       __xmm@80000000000000008000000000000000 00000001800416b0     c3_untitled.obj
 0002:000006e8       DYNAMIC_DIMENSION_DEF      00000001800416e8     untitled_sfun_registry.obj
 0002:00000700       __real@4010000000000000    0000000180041700     untitled_sfun_registry.obj
 0002:00000708       __real@41602cbca0000000    0000000180041708     untitled_sfun_registry.obj
 0002:00000710       __real@4024000000000000    0000000180041710     cs_ri_bundle.obj
 0002:00000718       __real@4030000000000000    0000000180041718     cs_ri_bundle.obj
 0002:00000720       __real@3cb0000000000000    0000000180041720     solve_from_qr.obj
 0002:00000738       _pDefaultRawDllMain        0000000180041738     MSVCRT:dll_dllmain.obj
 0002:00000738       _pRawDllMain               0000000180041738     MSVCRT:dll_dllmain.obj
 0002:00000740       __xmm@ffffffffffffffffffffffffffffffff 0000000180041740     MSVCRT:utility.obj
 0002:00000750       _load_config_used          0000000180041750     MSVCRT:loadcfg.obj
 0002:00000900       __CastGuardVftablesStart   0000000180041900     MSVCRT:guard_support.obj
 0002:00000980       __CastGuardVftablesEnd     0000000180041980     MSVCRT:guard_support.obj
 0002:00000a00       __volatile_metadata        0000000180041a00     <linker-defined>
 0002:00000e98       __rtc_iaa                  0000000180041e98     MSVCRT:initsect.obj
 0002:00000ea0       __rtc_izz                  0000000180041ea0     MSVCRT:initsect.obj
 0002:00000ea8       __rtc_taa                  0000000180041ea8     MSVCRT:initsect.obj
 0002:00000eb0       __rtc_tzz                  0000000180041eb0     MSVCRT:initsect.obj
 0002:00002298       __IMPORT_DESCRIPTOR_sf_runtime 0000000180043298     sf_runtime:sf_runtime.dll
 0002:000022ac       __IMPORT_DESCRIPTOR_libmx  00000001800432ac     libmx:libmx.dll
 0002:000022c0       __IMPORT_DESCRIPTOR_libmex 00000001800432c0     libmex:libmex.dll
 0002:000022d4       __IMPORT_DESCRIPTOR_libut  00000001800432d4     libut:libut.dll
 0002:000022e8       __IMPORT_DESCRIPTOR_libmwmathutil 00000001800432e8     libmwmathutil:libmwmathutil.dll
 0002:000022fc       __IMPORT_DESCRIPTOR_libemlrt 00000001800432fc     libemlrt:libemlrt.dll
 0002:00002310       __IMPORT_DESCRIPTOR_libcovrt 0000000180043310     libcovrt:libcovrt.dll
 0002:00002324       __IMPORT_DESCRIPTOR_KERNEL32 0000000180043324     kernel32:KERNEL32.dll
 0002:00002338       __IMPORT_DESCRIPTOR_VCRUNTIME140 0000000180043338     vcruntime:VCRUNTIME140.dll
 0002:0000234c       __IMPORT_DESCRIPTOR_api-ms-win-crt-string-l1-1-0 000000018004334c     ucrt:api-ms-win-crt-string-l1-1-0.dll
 0002:00002360       __IMPORT_DESCRIPTOR_api-ms-win-crt-stdio-l1-1-0 0000000180043360     ucrt:api-ms-win-crt-stdio-l1-1-0.dll
 0002:00002374       __IMPORT_DESCRIPTOR_api-ms-win-crt-heap-l1-1-0 0000000180043374     ucrt:api-ms-win-crt-heap-l1-1-0.dll
 0002:00002388       __IMPORT_DESCRIPTOR_api-ms-win-crt-utility-l1-1-0 0000000180043388     ucrt:api-ms-win-crt-utility-l1-1-0.dll
 0002:0000239c       __IMPORT_DESCRIPTOR_api-ms-win-crt-math-l1-1-0 000000018004339c     ucrt:api-ms-win-crt-math-l1-1-0.dll
 0002:000023b0       __IMPORT_DESCRIPTOR_api-ms-win-crt-runtime-l1-1-0 00000001800433b0     ucrt:api-ms-win-crt-runtime-l1-1-0.dll
[...]
 0003:00008ba0       $SG24167                   000000018004dba0     untitled_sfun_registry.obj
 0003:00008c20       $SG24168                   000000018004dc20     untitled_sfun_registry.obj
 0003:00008c30       $SG24170                   000000018004dc30     untitled_sfun_registry.obj
 0003:00008c3c       $SG24172                   000000018004dc3c     untitled_sfun_registry.obj
 0003:00008c44       $SG24174                   000000018004dc44     untitled_sfun_registry.obj
 0003:00008c50       $SG24176                   000000018004dc50     untitled_sfun_registry.obj
 0003:00008c5c       $SG24178                   000000018004dc5c     untitled_sfun_registry.obj
 0003:00008c60       $SG24181                   000000018004dc60     untitled_sfun_registry.obj
 0003:00008d48       $SG24291                   000000018004dd48     untitled_sfun_registry.obj
 0003:00008d78       $SG24292                   000000018004dd78     untitled_sfun_registry.obj
 0003:00008d88       $SG24293                   000000018004dd88     untitled_sfun_registry.obj
 0003:00008d90       $SG24295                   000000018004dd90     untitled_sfun_registry.obj
 0003:00008dc8       $SG24296                   000000018004ddc8     untitled_sfun_registry.obj
 0003:00008dd8       $SG24297                   000000018004ddd8     untitled_sfun_registry.obj
 0003:00008de0       $SG24300                   000000018004dde0     untitled_sfun_registry.obj
 0003:00008e18       $SG24301                   000000018004de18     untitled_sfun_registry.obj
 0003:00008e28       $SG24302                   000000018004de28     untitled_sfun_registry.obj
 0003:00008e30       $SG24304                   000000018004de30     untitled_sfun_registry.obj
 0003:00008e68       $SG24305                   000000018004de68     untitled_sfun_registry.obj
 0003:00008e78       $SG24306                   000000018004de78     untitled_sfun_registry.obj
 0003:00008e80       $SG24308                   000000018004de80     untitled_sfun_registry.obj
 0003:00008eb8       $SG24309                   000000018004deb8     untitled_sfun_registry.obj
 0003:00008ec8       $SG24310                   000000018004dec8     untitled_sfun_registry.obj
 0003:00008ed0       $SG24313                   000000018004ded0     untitled_sfun_registry.obj
 0003:00008ed8       $SG24315                   000000018004ded8     untitled_sfun_registry.obj
 0003:00008ef0       $SG24316                   000000018004def0     untitled_sfun_registry.obj
 0003:00008f28       $SG24317                   000000018004df28     untitled_sfun_registry.obj
 0003:00008f38       $SG24318                   000000018004df38     untitled_sfun_registry.obj
 0003:00008f40       $SG24484                   000000018004df40     untitled_sfun_registry.obj
 0003:00008f60       $SG24485                   000000018004df60     untitled_sfun_registry.obj
 0003:00008ff0       $SG24491                   000000018004dff0     untitled_sfun_registry.obj
 0003:00009010       $SG24492                   000000018004e010     untitled_sfun_registry.obj
 0003:000090a0       $SG24498                   000000018004e0a0     untitled_sfun_registry.obj
 0003:000090c0       $SG24499                   000000018004e0c0     untitled_sfun_registry.obj
 0003:00009150       $SG24505                   000000018004e150     untitled_sfun_registry.obj
 0003:00009170       $SG24506                   000000018004e170     untitled_sfun_registry.obj
 0003:00009200       $SG24512                   000000018004e200     untitled_sfun_registry.obj
 0003:00009220       $SG24513                   000000018004e220     untitled_sfun_registry.obj
 0003:000092b0       $SG24517                   000000018004e2b0     untitled_sfun_registry.obj
 0003:000092d0       $SG24518                   000000018004e2d0     untitled_sfun_registry.obj
 0003:00009360       $SG24522                   000000018004e360     untitled_sfun_registry.obj
 0003:00009390       $SG24523                   000000018004e390     untitled_sfun_registry.obj
 0003:00009420       $SG24527                   000000018004e420     untitled_sfun_registry.obj
 0003:00009450       $SG24528                   000000018004e450     untitled_sfun_registry.obj
 0003:000094e0       $SG24532                   000000018004e4e0     untitled_sfun_registry.obj
 0003:00009500       $SG24533                   000000018004e500     untitled_sfun_registry.obj
 0003:00009590       $SG24537                   000000018004e590     untitled_sfun_registry.obj
 0003:000095b0       $SG24538                   000000018004e5b0     untitled_sfun_registry.obj
 0003:00009640       $SG24542                   000000018004e640     untitled_sfun_registry.obj
 0003:00009660       $SG24543                   000000018004e660     untitled_sfun_registry.obj
 0003:000096f0       $SG24547                   000000018004e6f0     untitled_sfun_registry.obj
 0003:00009710       $SG24548                   000000018004e710     untitled_sfun_registry.obj
 0003:000097a0       $SG24552                   000000018004e7a0     untitled_sfun_registry.obj
 0003:000097c0       $SG24553                   000000018004e7c0     untitled_sfun_registry.obj
 0003:00009850       $SG24557                   000000018004e850     untitled_sfun_registry.obj
 0003:00009870       $SG24558                   000000018004e870     untitled_sfun_registry.obj
 0003:00009900       $SG24562                   000000018004e900     untitled_sfun_registry.obj
 0003:00009920       $SG24563                   000000018004e920     untitled_sfun_registry.obj
 0003:000099b0       $SG24567                   000000018004e9b0     untitled_sfun_registry.obj
 0003:000099d0       $SG24568                   000000018004e9d0     untitled_sfun_registry.obj
 0003:00009a60       $SG24572                   000000018004ea60     untitled_sfun_registry.obj
 0003:00009a80       $SG24573                   000000018004ea80     untitled_sfun_registry.obj
 0003:00009b10       $SG24578                   000000018004eb10     untitled_sfun_registry.obj
 0003:00009b30       $SG24579                   000000018004eb30     untitled_sfun_registry.obj
 0003:00009bc0       $SG24584                   000000018004ebc0     untitled_sfun_registry.obj
 0003:00009bd0       $SG24585                   000000018004ebd0     untitled_sfun_registry.obj
 0003:00009c60       $SG24589                   000000018004ec60     untitled_sfun_registry.obj
 0003:00009c80       $SG24590                   000000018004ec80     untitled_sfun_registry.obj
 0003:00009d10       $SG24594                   000000018004ed10     untitled_sfun_registry.obj
 0003:00009d20       $SG24595                   000000018004ed20     untitled_sfun_registry.obj
 0003:00009db0       $SG24599                   000000018004edb0     untitled_sfun_registry.obj
 0003:00009dd0       $SG24600                   000000018004edd0     untitled_sfun_registry.obj
 0003:00009e60       $SG24604                   000000018004ee60     untitled_sfun_registry.obj
 0003:00009e80       $SG24605                   000000018004ee80     untitled_sfun_registry.obj
 0003:00009f10       $SG24609                   000000018004ef10     untitled_sfun_registry.obj
 0003:00009f20       $SG24610                   000000018004ef20     untitled_sfun_registry.obj
 0003:00009fb0       $SG24614                   000000018004efb0     untitled_sfun_registry.obj
 0003:00009fc0       $SG24615                   000000018004efc0     untitled_sfun_registry.obj
 0003:0000a050       $SG24619                   000000018004f050     untitled_sfun_registry.obj
 0003:0000a070       $SG24620                   000000018004f070     untitled_sfun_registry.obj
 0003:0000a100       $SG24624                   000000018004f100     untitled_sfun_registry.obj
 0003:0000a120       $SG24625                   000000018004f120     untitled_sfun_registry.obj
 0003:0000a1b0       $SG24629                   000000018004f1b0     untitled_sfun_registry.obj
 0003:0000a1c0       $SG24630                   000000018004f1c0     untitled_sfun_registry.obj
 0003:0000a250       $SG24638                   000000018004f250     untitled_sfun_registry.obj
 0003:0000a260       $SG24639                   000000018004f260     untitled_sfun_registry.obj
 0003:0000a2f0       $SG24645                   000000018004f2f0     untitled_sfun_registry.obj
 0003:0000a300       $SG24646                   000000018004f300     untitled_sfun_registry.obj
 0003:0000a390       $SG24650                   000000018004f390     untitled_sfun_registry.obj
 0003:0000a3a0       $SG24651                   000000018004f3a0     untitled_sfun_registry.obj
 0003:0000a430       $SG24656                   000000018004f430     untitled_sfun_registry.obj
 0003:0000a440       $SG24657                   000000018004f440     untitled_sfun_registry.obj
 0003:0000a4d0       $SG24661                   000000018004f4d0     untitled_sfun_registry.obj
 0003:0000a550       $SG24684                   000000018004f550     untitled_sfun_registry.obj
 0003:0000a668       $SG24692                   000000018004f668     untitled_sfun_registry.obj
 0003:0000a678       $SG24699                   000000018004f678     untitled_sfun_registry.obj
 0003:0000a688       $SG24707                   000000018004f688     untitled_sfun_registry.obj
 0003:0000a698       $SG24714                   000000018004f698     untitled_sfun_registry.obj
 0003:0000a6a8       $SG24722                   000000018004f6a8     untitled_sfun_registry.obj
 0003:0000a6b8       $SG24729                   000000018004f6b8     untitled_sfun_registry.obj
 0003:0000a6c8       $SG24735                   000000018004f6c8     untitled_sfun_registry.obj
 0003:0000a6e8       $SG24745                   000000018004f6e8     untitled_sfun_registry.obj
 0003:0000a718       $SG24746                   000000018004f718     untitled_sfun_registry.obj
 0003:0000a720       $SG24747                   000000018004f720     untitled_sfun_registry.obj
 0003:0000a728       $SG24757                   000000018004f728     untitled_sfun_registry.obj
 0003:0000a760       $SG24758                   000000018004f760     untitled_sfun_registry.obj
 0003:0000a768       $SG24759                   000000018004f768     untitled_sfun_registry.obj
 0003:0000a770       $SG14162                   000000018004f770     cs_ri_bundle.obj
 0003:0000a780       $SG14606                   000000018004f780     cs_ri_bundle.obj
 0003:0000a788       $SG14607                   000000018004f788     cs_ri_bundle.obj
 0003:0000a7b8       $SG14608                   000000018004f7b8     cs_ri_bundle.obj
 0003:0000a7c8       $SG14609                   000000018004f7c8     cs_ri_bundle.obj
 0003:0000a7f0       $SG14612                   000000018004f7f0     cs_ri_bundle.obj
 0003:0000a820       $SG14613                   000000018004f820     cs_ri_bundle.obj
 0003:0000a848       $SG14614                   000000018004f848     cs_ri_bundle.obj
 0003:0000a854       $SG14615                   000000018004f854     cs_ri_bundle.obj
 0003:0000a858       $SG14617                   000000018004f858     cs_ri_bundle.obj
 0003:0000a860       $SG14618                   000000018004f860     cs_ri_bundle.obj
 0003:0000a888       $SG14619                   000000018004f888     cs_ri_bundle.obj
 0003:0000a898       $SG14620                   000000018004f898     cs_ri_bundle.obj
 0003:0000a89c       $SG14622                   000000018004f89c     cs_ri_bundle.obj
 0003:0000a8a8       $SG14163                   000000018004f8a8     cs_ci_bundle.obj
 0003:0000a8c0       $SG14607                   000000018004f8c0     cs_ci_bundle.obj
 0003:0000a8c8       $SG14608                   000000018004f8c8     cs_ci_bundle.obj
 0003:0000a8f8       $SG14609                   000000018004f8f8     cs_ci_bundle.obj
 0003:0000a908       $SG14610                   000000018004f908     cs_ci_bundle.obj
 0003:0000a930       $SG14613                   000000018004f930     cs_ci_bundle.obj
 0003:0000a960       $SG14614                   000000018004f960     cs_ci_bundle.obj
 0003:0000a988       $SG14615                   000000018004f988     cs_ci_bundle.obj
 0003:0000a998       $SG14616                   000000018004f998     cs_ci_bundle.obj
 0003:0000a9a4       $SG14618                   000000018004f9a4     cs_ci_bundle.obj
 0003:0000a9b0       $SG14619                   000000018004f9b0     cs_ci_bundle.obj
 0003:0000a9d8       $SG14620                   000000018004f9d8     cs_ci_bundle.obj
 0003:0000a9e8       $SG14621                   000000018004f9e8     cs_ci_bundle.obj
 0003:0000a9f4       $SG14623                   000000018004f9f4     cs_ci_bundle.obj
 0003:0000aa90       sRtwOptimizationInfoStruct 000000018004fa90     untitled_sfun.obj
 0003:0000aa98       sOptimizationInfoFlags     000000018004fa98     untitled_sfun.obj
 0003:0000aaa0       $SG23032                   000000018004faa0     c3_untitled.obj
 0003:0000aaa1       $SG23036                   000000018004faa1     c3_untitled.obj
 0003:0000aaa2       $SG23040                   000000018004faa2     c3_untitled.obj
 0003:0000aaa3       $SG23044                   000000018004faa3     c3_untitled.obj
 0003:0000aaa4       $SG23048                   000000018004faa4     c3_untitled.obj
 0003:0000aaa5       $SG23052                   000000018004faa5     c3_untitled.obj
 0003:0000aaa6       $SG23056                   000000018004faa6     c3_untitled.obj
 0003:0000aaa7       $SG23060                   000000018004faa7     c3_untitled.obj
 0003:0000aaa8       $SG23064                   000000018004faa8     c3_untitled.obj
 0003:0000aaa9       $SG23068                   000000018004faa9     c3_untitled.obj
 0003:0000aaaa       $SG23072                   000000018004faaa     c3_untitled.obj
 0003:0000aaab       $SG23076                   000000018004faab     c3_untitled.obj
 0003:0000aaac       $SG23080                   000000018004faac     c3_untitled.obj
 0003:0000aaad       $SG23084                   000000018004faad     c3_untitled.obj
 0003:0000aaae       $SG23088                   000000018004faae     c3_untitled.obj
 0003:0000aaaf       $SG23092                   000000018004faaf     c3_untitled.obj
 0003:0000aab0       $SG23096                   000000018004fab0     c3_untitled.obj
 0003:0000aab1       $SG23100                   000000018004fab1     c3_untitled.obj
 0003:0000aab2       $SG23104                   000000018004fab2     c3_untitled.obj
 0003:0000aab3       $SG23108                   000000018004fab3     c3_untitled.obj
 0003:0000aab4       $SG23112                   000000018004fab4     c3_untitled.obj
 0003:0000aab5       $SG23116                   000000018004fab5     c3_untitled.obj
 0003:0000aab6       $SG23120                   000000018004fab6     c3_untitled.obj
 0003:0000aab7       $SG23124                   000000018004fab7     c3_untitled.obj
 0003:0000aab8       $SG23128                   000000018004fab8     c3_untitled.obj
 0003:0000aab9       $SG23132                   000000018004fab9     c3_untitled.obj
 0003:0000aaba       $SG23136                   000000018004faba     c3_untitled.obj
 0003:0000aabb       $SG23140                   000000018004fabb     c3_untitled.obj
 0003:0000aabc       $SG23144                   000000018004fabc     c3_untitled.obj
 0003:0000aabd       $SG23455                   000000018004fabd     c3_untitled.obj
 0003:0000aabe       $SG25606                   000000018004fabe     c3_untitled.obj
 0003:0000aabf       $SG25607                   000000018004fabf     c3_untitled.obj
 0003:0000aac0       _sfTime_                   000000018004fac0     c3_untitled.obj
 0003:0000aac8       $SG25735                   000000018004fac8     c3_untitled.obj
 0003:0000aad0       ?newstr@?1??sf_c3_untitled_get_post_codegen_info@@9@9 000000018004fad0     c3_untitled.obj
 0003:0000b050       $SG23032                   0000000180050050     c4_untitled.obj
 0003:0000b051       $SG23036                   0000000180050051     c4_untitled.obj
 0003:0000b052       $SG23040                   0000000180050052     c4_untitled.obj
 0003:0000b053       $SG23044                   0000000180050053     c4_untitled.obj
 0003:0000b054       $SG23048                   0000000180050054     c4_untitled.obj
 0003:0000b055       $SG23052                   0000000180050055     c4_untitled.obj
 0003:0000b056       $SG23056                   0000000180050056     c4_untitled.obj
 0003:0000b057       $SG23060                   0000000180050057     c4_untitled.obj
 0003:0000b058       $SG23064                   0000000180050058     c4_untitled.obj
 0003:0000b059       $SG23068                   0000000180050059     c4_untitled.obj
 0003:0000b05a       $SG23072                   000000018005005a     c4_untitled.obj
 0003:0000b05b       $SG23076                   000000018005005b     c4_untitled.obj
 0003:0000b05c       $SG23080                   000000018005005c     c4_untitled.obj
 0003:0000b05d       $SG23084                   000000018005005d     c4_untitled.obj
 0003:0000b05e       $SG23088                   000000018005005e     c4_untitled.obj
 0003:0000b05f       $SG23092                   000000018005005f     c4_untitled.obj
 0003:0000b060       $SG23096                   0000000180050060     c4_untitled.obj
 0003:0000b061       $SG23100                   0000000180050061     c4_untitled.obj
 0003:0000b062       $SG23104                   0000000180050062     c4_untitled.obj
 0003:0000b063       $SG23108                   0000000180050063     c4_untitled.obj
 0003:0000b064       $SG23112                   0000000180050064     c4_untitled.obj
 0003:0000b065       $SG23116                   0000000180050065     c4_untitled.obj
 0003:0000b066       $SG23120                   0000000180050066     c4_untitled.obj
 0003:0000b067       $SG23124                   0000000180050067     c4_untitled.obj
 0003:0000b068       $SG23128                   0000000180050068     c4_untitled.obj
 0003:0000b069       $SG23132                   0000000180050069     c4_untitled.obj
 0003:0000b06a       $SG23136                   000000018005006a     c4_untitled.obj
 0003:0000b06b       $SG23140                   000000018005006b     c4_untitled.obj
 0003:0000b06c       $SG23144                   000000018005006c     c4_untitled.obj
 0003:0000b06d       $SG23455                   000000018005006d     c4_untitled.obj
 0003:0000b06e       $SG25606                   000000018005006e     c4_untitled.obj
 0003:0000b06f       $SG25607                   000000018005006f     c4_untitled.obj
 0003:0000b070       _sfTime_                   0000000180050070     c4_untitled.obj
 0003:0000b078       $SG25735                   0000000180050078     c4_untitled.obj
 0003:0000b080       ?newstr@?1??sf_c4_untitled_get_post_codegen_info@@9@9 0000000180050080     c4_untitled.obj
 0003:0000b5f8       sfGlobalMdlStartCallCounts 00000001800505f8     untitled_sfun_registry.obj
 0003:0000b5fc       $SG24148                   00000001800505fc     untitled_sfun_registry.obj
 0003:0000b5fe       ?warningGuard@?1??ssGetRootSS@@9@9 00000001800505fe     untitled_sfun_registry.obj
 0003:0000b5ff       ?warningGuard@?1??ssGetParentSS@@9@9 00000001800505ff     untitled_sfun_registry.obj
 0003:0000b600       GS_ExceptionRecord         0000000180050600     MSVCRT:gs_report.obj
 0003:0000b6a0       GS_ContextRecord           00000001800506a0     MSVCRT:gs_report.obj
 0003:0000bb70       ?__proc_attached@@3HA      0000000180050b70     MSVCRT:dll_dllmain.obj
 0003:0000bbb0       ?is_initialized_as_dll@@3_NA 0000000180050bb0     MSVCRT:utility.obj
 0003:0000bbb1       ?module_local_atexit_table_initialized@@3_NA 0000000180050bb1     MSVCRT:utility.obj
 0003:0000bbb8       ?module_local_atexit_table@@3U_onexit_table_t@@A 0000000180050bb8     MSVCRT:utility.obj
 0003:0000bbd0       ?module_local_at_quick_exit_table@@3U_onexit_table_t@@A 0000000180050bd0     MSVCRT:utility.obj
